2024-07-07 00:21:39,370 - DEBUG - This is a debug message
2024-07-07 00:21:39,370 - INFO - This is an info message
2024-07-07 00:21:39,370 - WARNING - This is a warning message
2024-07-07 00:21:39,370 - ERROR - This is an error message
2024-07-07 00:21:40,049 - DEBUG - This is a debug message
2024-07-07 00:21:40,049 - DEBUG - This is a debug message
2024-07-07 00:21:40,050 - INFO - This is an info message
2024-07-07 00:21:40,050 - INFO - This is an info message
2024-07-07 00:21:40,050 - WARNING - This is a warning message
2024-07-07 00:21:40,050 - WARNING - This is a warning message
2024-07-07 00:21:40,050 - ERROR - This is an error message
2024-07-07 00:21:40,050 - ERROR - This is an error message
2024-07-07 00:21:40,514 - DEBUG - Follow response status code: 200
2024-07-07 00:21:40,514 - DEBUG - Follow response status code: 200
2024-07-07 00:21:40,514 - DEBUG - Follow response status code: 200
2024-07-07 00:24:21,468 - DEBUG - Follow response status code: 200
2024-07-07 00:24:21,468 - DEBUG - Follow response status code: 200
2024-07-07 00:28:24,787 - DEBUG - Follow response status code: 200
2024-07-07 00:28:24,787 - DEBUG - Follow response status code: 200
2024-07-07 00:28:24,788 - DEBUG - Youssef data is : b'<!DOCTYPE html>\n<html lang="en">\n<head>\n    <meta charset="UTF-8">\n    <meta name="viewport" content="width=device-width, initial-scale=1.0">\n    <title>Log In</title>\n    <link rel="stylesheet" href="https://stackpath.bootstrapcdn.com/bootstrap/4.4.1/css/bootstrap.min.css" integrity="sha384-Vkoo8x4CGsO3+Hhxv8T/Q5PaXtkKtu6ug5TOeNV6gBiFeWPGFN9MuhOf23Q9Ifjh" crossorigin="anonymous">\n    <link rel="stylesheet" href="https://stackpath.bootstrapcdn.com/font-awesome/4.7.0/css/font-awesome.min.css">\n    <link rel="stylesheet" href="/static/styles.css"> <!-- Add your custom CSS file -->\n    <style>\n        body {\n            background-color: #f8f9fa;\n        }\n        .navbar {\n            background-color: #343a40;\n            border-bottom: 1px solid #343a40;\n        }\n        .navbar-brand {\n            font-size: 1.5rem;\n            color: #ffffff;\n            font-weight: bold;\n        }\n        .navbar-nav .nav-item .nav-link {\n            color: #ffffff;\n            font-weight: bold;\n        }\n        .navbar-toggler-icon {\n            background-color: #ffffff;\n        }\n        .container {\n            margin-top: 20px;\n        }\n    </style>\n</head>\n<body>\n\n<nav class="navbar navbar-expand-lg navbar-dark">\n    <div class="container">\n        <a class="navbar-brand" href="/">REST API APP</a>\n        <button class="navbar-toggler" type="button" data-toggle="collapse" data-target="#navbar">\n            <span class="navbar-toggler-icon"></span>\n        </button>\n        <div class="collapse navbar-collapse" id="navbar">\n            <ul class="navbar-nav ml-auto">\n                \n                <li class="nav-item">\n                    <a class="nav-link" id="login" href="/login">Login</a>\n                </li>\n                <li class="nav-item">\n                    <a class="nav-link" id="signUp" href="/sign-up">Sign Up</a>\n                </li>\n\n                \n            </ul>\n        </div>\n    </div>\n</nav>\n\n\n\n    <div class="container mt-4">\n        \n            <div class="alert alert-success alert-dismissible fade show" role="alert">\n                Your account has been created successfully!\n                <button type="button" class="close" data-dismiss="alert" aria-label="Close">\n                    <span aria-hidden="true">&times;</span>\n                </button>\n            </div>\n        \n    </div>\n\n\n\n<div class="container">\n    \n<div class="container mt-5">\n    <div class="row justify-content-center">\n        <div class="col-lg-6 col-md-8">\n            <div class="card border-0 shadow-lg">\n                <div class="card-body p-5">\n                    <h2 class="text-center mb-4">Log In</h2>\n                    <form method="POST">\n                        <input id="csrf_token" name="csrf_token" type="hidden" value="IjljMWMyYmM4MjZkZTdiYjNlZjQ4OThlMzE4NjU1ODMxNWQ2MjdmOTYi.ZonFCA.PES3adqFGQaPwuTxzSeNXMKfbGE">\n                        <div class="form-group">\n                            <label for="email">Email</label>\n                            <input class="form-control rounded-pill py-3" id="email" name="email" placeholder="Enter your email" required type="text" value="">\n                            \n                        </div>\n                        <div class="form-group">\n                            <label for="password">Password</label>\n                            <input class="form-control rounded-pill py-3" id="password" name="password" required type="password" value="">\n                            \n                        </div>\n                        <button type="submit" class="btn btn-primary btn-block rounded-pill py-3">Log In</button>\n                    </form>\n                    <div class="text-center mt-4">\n                        <p class="mb-0">Don\'t have an account? <a href="/sign-up" class="text-decoration-none">Sign up</a></p>\n                    </div>\n                </div>\n            </div>\n        </div>\n    </div>\n</div>\n\n</div>\n\n<script src="https://code.jquery.com/jquery-3.5.1.min.js"></script>\n<script src="https://cdnjs.cloudflare.com/ajax/libs/popper.js/1.16.0/umd/popper.min.js"></script>\n<script src="https://stackpath.bootstrapcdn.com/bootstrap/4.5.0/js/bootstrap.min.js"></script>\n<script src="/static/index.js"></script> <!-- Add your custom JavaScript file -->\n</body>\n</html>'
2024-07-07 00:28:24,788 - DEBUG - Youssef data is : b'<!DOCTYPE html>\n<html lang="en">\n<head>\n    <meta charset="UTF-8">\n    <meta name="viewport" content="width=device-width, initial-scale=1.0">\n    <title>Log In</title>\n    <link rel="stylesheet" href="https://stackpath.bootstrapcdn.com/bootstrap/4.4.1/css/bootstrap.min.css" integrity="sha384-Vkoo8x4CGsO3+Hhxv8T/Q5PaXtkKtu6ug5TOeNV6gBiFeWPGFN9MuhOf23Q9Ifjh" crossorigin="anonymous">\n    <link rel="stylesheet" href="https://stackpath.bootstrapcdn.com/font-awesome/4.7.0/css/font-awesome.min.css">\n    <link rel="stylesheet" href="/static/styles.css"> <!-- Add your custom CSS file -->\n    <style>\n        body {\n            background-color: #f8f9fa;\n        }\n        .navbar {\n            background-color: #343a40;\n            border-bottom: 1px solid #343a40;\n        }\n        .navbar-brand {\n            font-size: 1.5rem;\n            color: #ffffff;\n            font-weight: bold;\n        }\n        .navbar-nav .nav-item .nav-link {\n            color: #ffffff;\n            font-weight: bold;\n        }\n        .navbar-toggler-icon {\n            background-color: #ffffff;\n        }\n        .container {\n            margin-top: 20px;\n        }\n    </style>\n</head>\n<body>\n\n<nav class="navbar navbar-expand-lg navbar-dark">\n    <div class="container">\n        <a class="navbar-brand" href="/">REST API APP</a>\n        <button class="navbar-toggler" type="button" data-toggle="collapse" data-target="#navbar">\n            <span class="navbar-toggler-icon"></span>\n        </button>\n        <div class="collapse navbar-collapse" id="navbar">\n            <ul class="navbar-nav ml-auto">\n                \n                <li class="nav-item">\n                    <a class="nav-link" id="login" href="/login">Login</a>\n                </li>\n                <li class="nav-item">\n                    <a class="nav-link" id="signUp" href="/sign-up">Sign Up</a>\n                </li>\n\n                \n            </ul>\n        </div>\n    </div>\n</nav>\n\n\n\n    <div class="container mt-4">\n        \n            <div class="alert alert-success alert-dismissible fade show" role="alert">\n                Your account has been created successfully!\n                <button type="button" class="close" data-dismiss="alert" aria-label="Close">\n                    <span aria-hidden="true">&times;</span>\n                </button>\n            </div>\n        \n    </div>\n\n\n\n<div class="container">\n    \n<div class="container mt-5">\n    <div class="row justify-content-center">\n        <div class="col-lg-6 col-md-8">\n            <div class="card border-0 shadow-lg">\n                <div class="card-body p-5">\n                    <h2 class="text-center mb-4">Log In</h2>\n                    <form method="POST">\n                        <input id="csrf_token" name="csrf_token" type="hidden" value="IjljMWMyYmM4MjZkZTdiYjNlZjQ4OThlMzE4NjU1ODMxNWQ2MjdmOTYi.ZonFCA.PES3adqFGQaPwuTxzSeNXMKfbGE">\n                        <div class="form-group">\n                            <label for="email">Email</label>\n                            <input class="form-control rounded-pill py-3" id="email" name="email" placeholder="Enter your email" required type="text" value="">\n                            \n                        </div>\n                        <div class="form-group">\n                            <label for="password">Password</label>\n                            <input class="form-control rounded-pill py-3" id="password" name="password" required type="password" value="">\n                            \n                        </div>\n                        <button type="submit" class="btn btn-primary btn-block rounded-pill py-3">Log In</button>\n                    </form>\n                    <div class="text-center mt-4">\n                        <p class="mb-0">Don\'t have an account? <a href="/sign-up" class="text-decoration-none">Sign up</a></p>\n                    </div>\n                </div>\n            </div>\n        </div>\n    </div>\n</div>\n\n</div>\n\n<script src="https://code.jquery.com/jquery-3.5.1.min.js"></script>\n<script src="https://cdnjs.cloudflare.com/ajax/libs/popper.js/1.16.0/umd/popper.min.js"></script>\n<script src="https://stackpath.bootstrapcdn.com/bootstrap/4.5.0/js/bootstrap.min.js"></script>\n<script src="/static/index.js"></script> <!-- Add your custom JavaScript file -->\n</body>\n</html>'
2024-07-07 00:31:56,299 - DEBUG - Follow response status code: 200
2024-07-07 00:31:56,299 - DEBUG - Follow response status code: 200
2024-07-07 00:31:56,300 - DEBUG - Youssef data is : b'<!DOCTYPE html>\n<html lang="en">\n<head>\n    <meta charset="UTF-8">\n    <meta name="viewport" content="width=device-width, initial-scale=1.0">\n    <title>Log In</title>\n    <link rel="stylesheet" href="https://stackpath.bootstrapcdn.com/bootstrap/4.4.1/css/bootstrap.min.css" integrity="sha384-Vkoo8x4CGsO3+Hhxv8T/Q5PaXtkKtu6ug5TOeNV6gBiFeWPGFN9MuhOf23Q9Ifjh" crossorigin="anonymous">\n    <link rel="stylesheet" href="https://stackpath.bootstrapcdn.com/font-awesome/4.7.0/css/font-awesome.min.css">\n    <link rel="stylesheet" href="/static/styles.css"> <!-- Add your custom CSS file -->\n    <style>\n        body {\n            background-color: #f8f9fa;\n        }\n        .navbar {\n            background-color: #343a40;\n            border-bottom: 1px solid #343a40;\n        }\n        .navbar-brand {\n            font-size: 1.5rem;\n            color: #ffffff;\n            font-weight: bold;\n        }\n        .navbar-nav .nav-item .nav-link {\n            color: #ffffff;\n            font-weight: bold;\n        }\n        .navbar-toggler-icon {\n            background-color: #ffffff;\n        }\n        .container {\n            margin-top: 20px;\n        }\n    </style>\n</head>\n<body>\n\n<nav class="navbar navbar-expand-lg navbar-dark">\n    <div class="container">\n        <a class="navbar-brand" href="/">REST API APP</a>\n        <button class="navbar-toggler" type="button" data-toggle="collapse" data-target="#navbar">\n            <span class="navbar-toggler-icon"></span>\n        </button>\n        <div class="collapse navbar-collapse" id="navbar">\n            <ul class="navbar-nav ml-auto">\n                \n                <li class="nav-item">\n                    <a class="nav-link" id="login" href="/login">Login</a>\n                </li>\n                <li class="nav-item">\n                    <a class="nav-link" id="signUp" href="/sign-up">Sign Up</a>\n                </li>\n\n                \n            </ul>\n        </div>\n    </div>\n</nav>\n\n\n\n    <div class="container mt-4">\n        \n            <div class="alert alert-success alert-dismissible fade show" role="alert">\n                Your account has been created successfully!\n                <button type="button" class="close" data-dismiss="alert" aria-label="Close">\n                    <span aria-hidden="true">&times;</span>\n                </button>\n            </div>\n        \n    </div>\n\n\n\n<div class="container">\n    \n<div class="container mt-5">\n    <div class="row justify-content-center">\n        <div class="col-lg-6 col-md-8">\n            <div class="card border-0 shadow-lg">\n                <div class="card-body p-5">\n                    <h2 class="text-center mb-4">Log In</h2>\n                    <form method="POST">\n                        <input id="csrf_token" name="csrf_token" type="hidden" value="ImY1ZTNlN2Y0NDQ1NDZiMDA3ODBmNmJmZTdhNmUyNmYzNTUzYjRmMmUi.ZonF2w.tWTHP6xrLvm9z3ixZqrsNvuCw_4">\n                        <div class="form-group">\n                            <label for="email">Email</label>\n                            <input class="form-control rounded-pill py-3" id="email" name="email" placeholder="Enter your email" required type="text" value="">\n                            \n                        </div>\n                        <div class="form-group">\n                            <label for="password">Password</label>\n                            <input class="form-control rounded-pill py-3" id="password" name="password" required type="password" value="">\n                            \n                        </div>\n                        <button type="submit" class="btn btn-primary btn-block rounded-pill py-3">Log In</button>\n                    </form>\n                    <div class="text-center mt-4">\n                        <p class="mb-0">Don\'t have an account? <a href="/sign-up" class="text-decoration-none">Sign up</a></p>\n                    </div>\n                </div>\n            </div>\n        </div>\n    </div>\n</div>\n\n</div>\n\n<script src="https://code.jquery.com/jquery-3.5.1.min.js"></script>\n<script src="https://cdnjs.cloudflare.com/ajax/libs/popper.js/1.16.0/umd/popper.min.js"></script>\n<script src="https://stackpath.bootstrapcdn.com/bootstrap/4.5.0/js/bootstrap.min.js"></script>\n<script src="/static/index.js"></script> <!-- Add your custom JavaScript file -->\n</body>\n</html>'
2024-07-07 00:31:56,300 - DEBUG - Youssef data is : b'<!DOCTYPE html>\n<html lang="en">\n<head>\n    <meta charset="UTF-8">\n    <meta name="viewport" content="width=device-width, initial-scale=1.0">\n    <title>Log In</title>\n    <link rel="stylesheet" href="https://stackpath.bootstrapcdn.com/bootstrap/4.4.1/css/bootstrap.min.css" integrity="sha384-Vkoo8x4CGsO3+Hhxv8T/Q5PaXtkKtu6ug5TOeNV6gBiFeWPGFN9MuhOf23Q9Ifjh" crossorigin="anonymous">\n    <link rel="stylesheet" href="https://stackpath.bootstrapcdn.com/font-awesome/4.7.0/css/font-awesome.min.css">\n    <link rel="stylesheet" href="/static/styles.css"> <!-- Add your custom CSS file -->\n    <style>\n        body {\n            background-color: #f8f9fa;\n        }\n        .navbar {\n            background-color: #343a40;\n            border-bottom: 1px solid #343a40;\n        }\n        .navbar-brand {\n            font-size: 1.5rem;\n            color: #ffffff;\n            font-weight: bold;\n        }\n        .navbar-nav .nav-item .nav-link {\n            color: #ffffff;\n            font-weight: bold;\n        }\n        .navbar-toggler-icon {\n            background-color: #ffffff;\n        }\n        .container {\n            margin-top: 20px;\n        }\n    </style>\n</head>\n<body>\n\n<nav class="navbar navbar-expand-lg navbar-dark">\n    <div class="container">\n        <a class="navbar-brand" href="/">REST API APP</a>\n        <button class="navbar-toggler" type="button" data-toggle="collapse" data-target="#navbar">\n            <span class="navbar-toggler-icon"></span>\n        </button>\n        <div class="collapse navbar-collapse" id="navbar">\n            <ul class="navbar-nav ml-auto">\n                \n                <li class="nav-item">\n                    <a class="nav-link" id="login" href="/login">Login</a>\n                </li>\n                <li class="nav-item">\n                    <a class="nav-link" id="signUp" href="/sign-up">Sign Up</a>\n                </li>\n\n                \n            </ul>\n        </div>\n    </div>\n</nav>\n\n\n\n    <div class="container mt-4">\n        \n            <div class="alert alert-success alert-dismissible fade show" role="alert">\n                Your account has been created successfully!\n                <button type="button" class="close" data-dismiss="alert" aria-label="Close">\n                    <span aria-hidden="true">&times;</span>\n                </button>\n            </div>\n        \n    </div>\n\n\n\n<div class="container">\n    \n<div class="container mt-5">\n    <div class="row justify-content-center">\n        <div class="col-lg-6 col-md-8">\n            <div class="card border-0 shadow-lg">\n                <div class="card-body p-5">\n                    <h2 class="text-center mb-4">Log In</h2>\n                    <form method="POST">\n                        <input id="csrf_token" name="csrf_token" type="hidden" value="ImY1ZTNlN2Y0NDQ1NDZiMDA3ODBmNmJmZTdhNmUyNmYzNTUzYjRmMmUi.ZonF2w.tWTHP6xrLvm9z3ixZqrsNvuCw_4">\n                        <div class="form-group">\n                            <label for="email">Email</label>\n                            <input class="form-control rounded-pill py-3" id="email" name="email" placeholder="Enter your email" required type="text" value="">\n                            \n                        </div>\n                        <div class="form-group">\n                            <label for="password">Password</label>\n                            <input class="form-control rounded-pill py-3" id="password" name="password" required type="password" value="">\n                            \n                        </div>\n                        <button type="submit" class="btn btn-primary btn-block rounded-pill py-3">Log In</button>\n                    </form>\n                    <div class="text-center mt-4">\n                        <p class="mb-0">Don\'t have an account? <a href="/sign-up" class="text-decoration-none">Sign up</a></p>\n                    </div>\n                </div>\n            </div>\n        </div>\n    </div>\n</div>\n\n</div>\n\n<script src="https://code.jquery.com/jquery-3.5.1.min.js"></script>\n<script src="https://cdnjs.cloudflare.com/ajax/libs/popper.js/1.16.0/umd/popper.min.js"></script>\n<script src="https://stackpath.bootstrapcdn.com/bootstrap/4.5.0/js/bootstrap.min.js"></script>\n<script src="/static/index.js"></script> <!-- Add your custom JavaScript file -->\n</body>\n</html>'
2024-07-07 00:31:56,300 - DEBUG - Response data is : b'<!doctype html>\n<html lang=en>\n<title>Redirecting...</title>\n<h1>Redirecting...</h1>\n<p>You should be redirected automatically to the target URL: <a href="/login">/login</a>. If not, click the link.\n'
2024-07-07 00:31:56,300 - DEBUG - Response data is : b'<!doctype html>\n<html lang=en>\n<title>Redirecting...</title>\n<h1>Redirecting...</h1>\n<p>You should be redirected automatically to the target URL: <a href="/login">/login</a>. If not, click the link.\n'
2024-07-07 13:09:30,321 - DEBUG - Follow response status code: 200
2024-07-07 13:09:30,321 - DEBUG - Follow response status code: 200
2024-07-07 13:09:30,322 - DEBUG - Youssef data is : b'<!DOCTYPE html>\n<html lang="en">\n<head>\n    <meta charset="UTF-8">\n    <meta name="viewport" content="width=device-width, initial-scale=1.0">\n    <title>Log In</title>\n    <link rel="stylesheet" href="https://stackpath.bootstrapcdn.com/bootstrap/4.4.1/css/bootstrap.min.css" integrity="sha384-Vkoo8x4CGsO3+Hhxv8T/Q5PaXtkKtu6ug5TOeNV6gBiFeWPGFN9MuhOf23Q9Ifjh" crossorigin="anonymous">\n    <link rel="stylesheet" href="https://stackpath.bootstrapcdn.com/font-awesome/4.7.0/css/font-awesome.min.css">\n    <link rel="stylesheet" href="/static/styles.css"> <!-- Add your custom CSS file -->\n    <style>\n        body {\n            background-color: #f8f9fa;\n        }\n        .navbar {\n            background-color: #343a40;\n            border-bottom: 1px solid #343a40;\n        }\n        .navbar-brand {\n            font-size: 1.5rem;\n            color: #ffffff;\n            font-weight: bold;\n        }\n        .navbar-nav .nav-item .nav-link {\n            color: #ffffff;\n            font-weight: bold;\n        }\n        .navbar-toggler-icon {\n            background-color: #ffffff;\n        }\n        .container {\n            margin-top: 20px;\n        }\n    </style>\n</head>\n<body>\n\n<nav class="navbar navbar-expand-lg navbar-dark">\n    <div class="container">\n        <a class="navbar-brand" href="/">REST API APP</a>\n        <button class="navbar-toggler" type="button" data-toggle="collapse" data-target="#navbar">\n            <span class="navbar-toggler-icon"></span>\n        </button>\n        <div class="collapse navbar-collapse" id="navbar">\n            <ul class="navbar-nav ml-auto">\n                \n                <li class="nav-item">\n                    <a class="nav-link" id="login" href="/login">Login</a>\n                </li>\n                <li class="nav-item">\n                    <a class="nav-link" id="signUp" href="/sign-up">Sign Up</a>\n                </li>\n\n                \n            </ul>\n        </div>\n    </div>\n</nav>\n\n\n\n    <div class="container mt-4">\n        \n            <div class="alert alert-success alert-dismissible fade show" role="alert">\n                Your account has been created successfully!\n                <button type="button" class="close" data-dismiss="alert" aria-label="Close">\n                    <span aria-hidden="true">&times;</span>\n                </button>\n            </div>\n        \n    </div>\n\n\n\n<div class="container">\n    \n<div class="container mt-5">\n    <div class="row justify-content-center">\n        <div class="col-lg-6 col-md-8">\n            <div class="card border-0 shadow-lg">\n                <div class="card-body p-5">\n                    <h2 class="text-center mb-4">Log In</h2>\n                    <form method="POST">\n                        <input id="csrf_token" name="csrf_token" type="hidden" value="IjAzYWQwNmUyMjM5OTczNGYzNzBlZWVkODhhYjg5ZGQyN2Y1NDExOGQi.Zop3ag.HlPs7beexBsm46qdIoLXKulEl2Q">\n                        <div class="form-group">\n                            <label for="email">Email</label>\n                            <input class="form-control rounded-pill py-3" id="email" name="email" placeholder="Enter your email" required type="text" value="">\n                            \n                        </div>\n                        <div class="form-group">\n                            <label for="password">Password</label>\n                            <input class="form-control rounded-pill py-3" id="password" name="password" required type="password" value="">\n                            \n                        </div>\n                        <button type="submit" class="btn btn-primary btn-block rounded-pill py-3">Log In</button>\n                    </form>\n                    <div class="text-center mt-4">\n                        <p class="mb-0">Don\'t have an account? <a href="/sign-up" class="text-decoration-none">Sign up</a></p>\n                    </div>\n                </div>\n            </div>\n        </div>\n    </div>\n</div>\n\n</div>\n\n<script src="https://code.jquery.com/jquery-3.5.1.min.js"></script>\n<script src="https://cdnjs.cloudflare.com/ajax/libs/popper.js/1.16.0/umd/popper.min.js"></script>\n<script src="https://stackpath.bootstrapcdn.com/bootstrap/4.5.0/js/bootstrap.min.js"></script>\n<script src="/static/index.js"></script> <!-- Add your custom JavaScript file -->\n</body>\n</html>'
2024-07-07 13:09:30,322 - DEBUG - Youssef data is : b'<!DOCTYPE html>\n<html lang="en">\n<head>\n    <meta charset="UTF-8">\n    <meta name="viewport" content="width=device-width, initial-scale=1.0">\n    <title>Log In</title>\n    <link rel="stylesheet" href="https://stackpath.bootstrapcdn.com/bootstrap/4.4.1/css/bootstrap.min.css" integrity="sha384-Vkoo8x4CGsO3+Hhxv8T/Q5PaXtkKtu6ug5TOeNV6gBiFeWPGFN9MuhOf23Q9Ifjh" crossorigin="anonymous">\n    <link rel="stylesheet" href="https://stackpath.bootstrapcdn.com/font-awesome/4.7.0/css/font-awesome.min.css">\n    <link rel="stylesheet" href="/static/styles.css"> <!-- Add your custom CSS file -->\n    <style>\n        body {\n            background-color: #f8f9fa;\n        }\n        .navbar {\n            background-color: #343a40;\n            border-bottom: 1px solid #343a40;\n        }\n        .navbar-brand {\n            font-size: 1.5rem;\n            color: #ffffff;\n            font-weight: bold;\n        }\n        .navbar-nav .nav-item .nav-link {\n            color: #ffffff;\n            font-weight: bold;\n        }\n        .navbar-toggler-icon {\n            background-color: #ffffff;\n        }\n        .container {\n            margin-top: 20px;\n        }\n    </style>\n</head>\n<body>\n\n<nav class="navbar navbar-expand-lg navbar-dark">\n    <div class="container">\n        <a class="navbar-brand" href="/">REST API APP</a>\n        <button class="navbar-toggler" type="button" data-toggle="collapse" data-target="#navbar">\n            <span class="navbar-toggler-icon"></span>\n        </button>\n        <div class="collapse navbar-collapse" id="navbar">\n            <ul class="navbar-nav ml-auto">\n                \n                <li class="nav-item">\n                    <a class="nav-link" id="login" href="/login">Login</a>\n                </li>\n                <li class="nav-item">\n                    <a class="nav-link" id="signUp" href="/sign-up">Sign Up</a>\n                </li>\n\n                \n            </ul>\n        </div>\n    </div>\n</nav>\n\n\n\n    <div class="container mt-4">\n        \n            <div class="alert alert-success alert-dismissible fade show" role="alert">\n                Your account has been created successfully!\n                <button type="button" class="close" data-dismiss="alert" aria-label="Close">\n                    <span aria-hidden="true">&times;</span>\n                </button>\n            </div>\n        \n    </div>\n\n\n\n<div class="container">\n    \n<div class="container mt-5">\n    <div class="row justify-content-center">\n        <div class="col-lg-6 col-md-8">\n            <div class="card border-0 shadow-lg">\n                <div class="card-body p-5">\n                    <h2 class="text-center mb-4">Log In</h2>\n                    <form method="POST">\n                        <input id="csrf_token" name="csrf_token" type="hidden" value="IjAzYWQwNmUyMjM5OTczNGYzNzBlZWVkODhhYjg5ZGQyN2Y1NDExOGQi.Zop3ag.HlPs7beexBsm46qdIoLXKulEl2Q">\n                        <div class="form-group">\n                            <label for="email">Email</label>\n                            <input class="form-control rounded-pill py-3" id="email" name="email" placeholder="Enter your email" required type="text" value="">\n                            \n                        </div>\n                        <div class="form-group">\n                            <label for="password">Password</label>\n                            <input class="form-control rounded-pill py-3" id="password" name="password" required type="password" value="">\n                            \n                        </div>\n                        <button type="submit" class="btn btn-primary btn-block rounded-pill py-3">Log In</button>\n                    </form>\n                    <div class="text-center mt-4">\n                        <p class="mb-0">Don\'t have an account? <a href="/sign-up" class="text-decoration-none">Sign up</a></p>\n                    </div>\n                </div>\n            </div>\n        </div>\n    </div>\n</div>\n\n</div>\n\n<script src="https://code.jquery.com/jquery-3.5.1.min.js"></script>\n<script src="https://cdnjs.cloudflare.com/ajax/libs/popper.js/1.16.0/umd/popper.min.js"></script>\n<script src="https://stackpath.bootstrapcdn.com/bootstrap/4.5.0/js/bootstrap.min.js"></script>\n<script src="/static/index.js"></script> <!-- Add your custom JavaScript file -->\n</body>\n</html>'
2024-07-07 13:09:30,322 - DEBUG - Response data is : b'<!doctype html>\n<html lang=en>\n<title>Redirecting...</title>\n<h1>Redirecting...</h1>\n<p>You should be redirected automatically to the target URL: <a href="/login">/login</a>. If not, click the link.\n'
2024-07-07 13:09:30,322 - DEBUG - Response data is : b'<!doctype html>\n<html lang=en>\n<title>Redirecting...</title>\n<h1>Redirecting...</h1>\n<p>You should be redirected automatically to the target URL: <a href="/login">/login</a>. If not, click the link.\n'
2024-07-07 13:09:45,372 - DEBUG - Follow response status code: 200
2024-07-07 13:09:45,372 - DEBUG - Follow response status code: 200
2024-07-07 13:09:45,372 - DEBUG - Youssef data is : b'<!DOCTYPE html>\n<html lang="en">\n<head>\n    <meta charset="UTF-8">\n    <meta name="viewport" content="width=device-width, initial-scale=1.0">\n    <title>Log In</title>\n    <link rel="stylesheet" href="https://stackpath.bootstrapcdn.com/bootstrap/4.4.1/css/bootstrap.min.css" integrity="sha384-Vkoo8x4CGsO3+Hhxv8T/Q5PaXtkKtu6ug5TOeNV6gBiFeWPGFN9MuhOf23Q9Ifjh" crossorigin="anonymous">\n    <link rel="stylesheet" href="https://stackpath.bootstrapcdn.com/font-awesome/4.7.0/css/font-awesome.min.css">\n    <link rel="stylesheet" href="/static/styles.css"> <!-- Add your custom CSS file -->\n    <style>\n        body {\n            background-color: #f8f9fa;\n        }\n        .navbar {\n            background-color: #343a40;\n            border-bottom: 1px solid #343a40;\n        }\n        .navbar-brand {\n            font-size: 1.5rem;\n            color: #ffffff;\n            font-weight: bold;\n        }\n        .navbar-nav .nav-item .nav-link {\n            color: #ffffff;\n            font-weight: bold;\n        }\n        .navbar-toggler-icon {\n            background-color: #ffffff;\n        }\n        .container {\n            margin-top: 20px;\n        }\n    </style>\n</head>\n<body>\n\n<nav class="navbar navbar-expand-lg navbar-dark">\n    <div class="container">\n        <a class="navbar-brand" href="/">REST API APP</a>\n        <button class="navbar-toggler" type="button" data-toggle="collapse" data-target="#navbar">\n            <span class="navbar-toggler-icon"></span>\n        </button>\n        <div class="collapse navbar-collapse" id="navbar">\n            <ul class="navbar-nav ml-auto">\n                \n                <li class="nav-item">\n                    <a class="nav-link" id="login" href="/login">Login</a>\n                </li>\n                <li class="nav-item">\n                    <a class="nav-link" id="signUp" href="/sign-up">Sign Up</a>\n                </li>\n\n                \n            </ul>\n        </div>\n    </div>\n</nav>\n\n\n\n    <div class="container mt-4">\n        \n            <div class="alert alert-success alert-dismissible fade show" role="alert">\n                Your account has been created successfully!\n                <button type="button" class="close" data-dismiss="alert" aria-label="Close">\n                    <span aria-hidden="true">&times;</span>\n                </button>\n            </div>\n        \n    </div>\n\n\n\n<div class="container">\n    \n<div class="container mt-5">\n    <div class="row justify-content-center">\n        <div class="col-lg-6 col-md-8">\n            <div class="card border-0 shadow-lg">\n                <div class="card-body p-5">\n                    <h2 class="text-center mb-4">Log In</h2>\n                    <form method="POST">\n                        <input id="csrf_token" name="csrf_token" type="hidden" value="IjUxMzMwMmY5ZmU3N2EzZmU4OWE0OTY2N2E1NjdjNTVhYjgzYjY4YzUi.Zop3eQ.S7D3gE4862M8DvL_pCWfnqdbNgg">\n                        <div class="form-group">\n                            <label for="email">Email</label>\n                            <input class="form-control rounded-pill py-3" id="email" name="email" placeholder="Enter your email" required type="text" value="">\n                            \n                        </div>\n                        <div class="form-group">\n                            <label for="password">Password</label>\n                            <input class="form-control rounded-pill py-3" id="password" name="password" required type="password" value="">\n                            \n                        </div>\n                        <button type="submit" class="btn btn-primary btn-block rounded-pill py-3">Log In</button>\n                    </form>\n                    <div class="text-center mt-4">\n                        <p class="mb-0">Don\'t have an account? <a href="/sign-up" class="text-decoration-none">Sign up</a></p>\n                    </div>\n                </div>\n            </div>\n        </div>\n    </div>\n</div>\n\n</div>\n\n<script src="https://code.jquery.com/jquery-3.5.1.min.js"></script>\n<script src="https://cdnjs.cloudflare.com/ajax/libs/popper.js/1.16.0/umd/popper.min.js"></script>\n<script src="https://stackpath.bootstrapcdn.com/bootstrap/4.5.0/js/bootstrap.min.js"></script>\n<script src="/static/index.js"></script> <!-- Add your custom JavaScript file -->\n</body>\n</html>'
2024-07-07 13:09:45,372 - DEBUG - Youssef data is : b'<!DOCTYPE html>\n<html lang="en">\n<head>\n    <meta charset="UTF-8">\n    <meta name="viewport" content="width=device-width, initial-scale=1.0">\n    <title>Log In</title>\n    <link rel="stylesheet" href="https://stackpath.bootstrapcdn.com/bootstrap/4.4.1/css/bootstrap.min.css" integrity="sha384-Vkoo8x4CGsO3+Hhxv8T/Q5PaXtkKtu6ug5TOeNV6gBiFeWPGFN9MuhOf23Q9Ifjh" crossorigin="anonymous">\n    <link rel="stylesheet" href="https://stackpath.bootstrapcdn.com/font-awesome/4.7.0/css/font-awesome.min.css">\n    <link rel="stylesheet" href="/static/styles.css"> <!-- Add your custom CSS file -->\n    <style>\n        body {\n            background-color: #f8f9fa;\n        }\n        .navbar {\n            background-color: #343a40;\n            border-bottom: 1px solid #343a40;\n        }\n        .navbar-brand {\n            font-size: 1.5rem;\n            color: #ffffff;\n            font-weight: bold;\n        }\n        .navbar-nav .nav-item .nav-link {\n            color: #ffffff;\n            font-weight: bold;\n        }\n        .navbar-toggler-icon {\n            background-color: #ffffff;\n        }\n        .container {\n            margin-top: 20px;\n        }\n    </style>\n</head>\n<body>\n\n<nav class="navbar navbar-expand-lg navbar-dark">\n    <div class="container">\n        <a class="navbar-brand" href="/">REST API APP</a>\n        <button class="navbar-toggler" type="button" data-toggle="collapse" data-target="#navbar">\n            <span class="navbar-toggler-icon"></span>\n        </button>\n        <div class="collapse navbar-collapse" id="navbar">\n            <ul class="navbar-nav ml-auto">\n                \n                <li class="nav-item">\n                    <a class="nav-link" id="login" href="/login">Login</a>\n                </li>\n                <li class="nav-item">\n                    <a class="nav-link" id="signUp" href="/sign-up">Sign Up</a>\n                </li>\n\n                \n            </ul>\n        </div>\n    </div>\n</nav>\n\n\n\n    <div class="container mt-4">\n        \n            <div class="alert alert-success alert-dismissible fade show" role="alert">\n                Your account has been created successfully!\n                <button type="button" class="close" data-dismiss="alert" aria-label="Close">\n                    <span aria-hidden="true">&times;</span>\n                </button>\n            </div>\n        \n    </div>\n\n\n\n<div class="container">\n    \n<div class="container mt-5">\n    <div class="row justify-content-center">\n        <div class="col-lg-6 col-md-8">\n            <div class="card border-0 shadow-lg">\n                <div class="card-body p-5">\n                    <h2 class="text-center mb-4">Log In</h2>\n                    <form method="POST">\n                        <input id="csrf_token" name="csrf_token" type="hidden" value="IjUxMzMwMmY5ZmU3N2EzZmU4OWE0OTY2N2E1NjdjNTVhYjgzYjY4YzUi.Zop3eQ.S7D3gE4862M8DvL_pCWfnqdbNgg">\n                        <div class="form-group">\n                            <label for="email">Email</label>\n                            <input class="form-control rounded-pill py-3" id="email" name="email" placeholder="Enter your email" required type="text" value="">\n                            \n                        </div>\n                        <div class="form-group">\n                            <label for="password">Password</label>\n                            <input class="form-control rounded-pill py-3" id="password" name="password" required type="password" value="">\n                            \n                        </div>\n                        <button type="submit" class="btn btn-primary btn-block rounded-pill py-3">Log In</button>\n                    </form>\n                    <div class="text-center mt-4">\n                        <p class="mb-0">Don\'t have an account? <a href="/sign-up" class="text-decoration-none">Sign up</a></p>\n                    </div>\n                </div>\n            </div>\n        </div>\n    </div>\n</div>\n\n</div>\n\n<script src="https://code.jquery.com/jquery-3.5.1.min.js"></script>\n<script src="https://cdnjs.cloudflare.com/ajax/libs/popper.js/1.16.0/umd/popper.min.js"></script>\n<script src="https://stackpath.bootstrapcdn.com/bootstrap/4.5.0/js/bootstrap.min.js"></script>\n<script src="/static/index.js"></script> <!-- Add your custom JavaScript file -->\n</body>\n</html>'
2024-07-07 13:09:45,373 - DEBUG - Response data is : b'<!doctype html>\n<html lang=en>\n<title>Redirecting...</title>\n<h1>Redirecting...</h1>\n<p>You should be redirected automatically to the target URL: <a href="/login">/login</a>. If not, click the link.\n'
2024-07-07 13:09:45,373 - DEBUG - Response data is : b'<!doctype html>\n<html lang=en>\n<title>Redirecting...</title>\n<h1>Redirecting...</h1>\n<p>You should be redirected automatically to the target URL: <a href="/login">/login</a>. If not, click the link.\n'
2024-07-07 13:14:18,363 - DEBUG - Follow response status code: 200
2024-07-07 13:14:18,363 - DEBUG - Follow response status code: 200
2024-07-07 13:14:18,364 - DEBUG - Follow response data is : b'<!DOCTYPE html>\n<html lang="en">\n<head>\n    <meta charset="UTF-8">\n    <meta name="viewport" content="width=device-width, initial-scale=1.0">\n    <title>Log In</title>\n    <link rel="stylesheet" href="https://stackpath.bootstrapcdn.com/bootstrap/4.4.1/css/bootstrap.min.css" integrity="sha384-Vkoo8x4CGsO3+Hhxv8T/Q5PaXtkKtu6ug5TOeNV6gBiFeWPGFN9MuhOf23Q9Ifjh" crossorigin="anonymous">\n    <link rel="stylesheet" href="https://stackpath.bootstrapcdn.com/font-awesome/4.7.0/css/font-awesome.min.css">\n    <link rel="stylesheet" href="/static/styles.css"> <!-- Add your custom CSS file -->\n    <style>\n        body {\n            background-color: #f8f9fa;\n        }\n        .navbar {\n            background-color: #343a40;\n            border-bottom: 1px solid #343a40;\n        }\n        .navbar-brand {\n            font-size: 1.5rem;\n            color: #ffffff;\n            font-weight: bold;\n        }\n        .navbar-nav .nav-item .nav-link {\n            color: #ffffff;\n            font-weight: bold;\n        }\n        .navbar-toggler-icon {\n            background-color: #ffffff;\n        }\n        .container {\n            margin-top: 20px;\n        }\n    </style>\n</head>\n<body>\n\n<nav class="navbar navbar-expand-lg navbar-dark">\n    <div class="container">\n        <a class="navbar-brand" href="/">REST API APP</a>\n        <button class="navbar-toggler" type="button" data-toggle="collapse" data-target="#navbar">\n            <span class="navbar-toggler-icon"></span>\n        </button>\n        <div class="collapse navbar-collapse" id="navbar">\n            <ul class="navbar-nav ml-auto">\n                \n                <li class="nav-item">\n                    <a class="nav-link" id="login" href="/login">Login</a>\n                </li>\n                <li class="nav-item">\n                    <a class="nav-link" id="signUp" href="/sign-up">Sign Up</a>\n                </li>\n\n                \n            </ul>\n        </div>\n    </div>\n</nav>\n\n\n\n    <div class="container mt-4">\n        \n            <div class="alert alert-success alert-dismissible fade show" role="alert">\n                Your account has been created successfully!\n                <button type="button" class="close" data-dismiss="alert" aria-label="Close">\n                    <span aria-hidden="true">&times;</span>\n                </button>\n            </div>\n        \n    </div>\n\n\n\n<div class="container">\n    \n<div class="container mt-5">\n    <div class="row justify-content-center">\n        <div class="col-lg-6 col-md-8">\n            <div class="card border-0 shadow-lg">\n                <div class="card-body p-5">\n                    <h2 class="text-center mb-4">Log In</h2>\n                    <form method="POST">\n                        <input id="csrf_token" name="csrf_token" type="hidden" value="IjFlNWM4MWFlZTllOWQ0OGZjZjkxMDE4ZTcyYTI1NTkwZjk3NDQ5YjMi.Zop4ig.T1v-ZH60T56_Wuj3T47pPuNfUaE">\n                        <div class="form-group">\n                            <label for="email">Email</label>\n                            <input class="form-control rounded-pill py-3" id="email" name="email" placeholder="Enter your email" required type="text" value="">\n                            \n                        </div>\n                        <div class="form-group">\n                            <label for="password">Password</label>\n                            <input class="form-control rounded-pill py-3" id="password" name="password" required type="password" value="">\n                            \n                        </div>\n                        <button type="submit" class="btn btn-primary btn-block rounded-pill py-3">Log In</button>\n                    </form>\n                    <div class="text-center mt-4">\n                        <p class="mb-0">Don\'t have an account? <a href="/sign-up" class="text-decoration-none">Sign up</a></p>\n                    </div>\n                </div>\n            </div>\n        </div>\n    </div>\n</div>\n\n</div>\n\n<script src="https://code.jquery.com/jquery-3.5.1.min.js"></script>\n<script src="https://cdnjs.cloudflare.com/ajax/libs/popper.js/1.16.0/umd/popper.min.js"></script>\n<script src="https://stackpath.bootstrapcdn.com/bootstrap/4.5.0/js/bootstrap.min.js"></script>\n<script src="/static/index.js"></script> <!-- Add your custom JavaScript file -->\n</body>\n</html>'
2024-07-07 13:14:18,364 - DEBUG - Follow response data is : b'<!DOCTYPE html>\n<html lang="en">\n<head>\n    <meta charset="UTF-8">\n    <meta name="viewport" content="width=device-width, initial-scale=1.0">\n    <title>Log In</title>\n    <link rel="stylesheet" href="https://stackpath.bootstrapcdn.com/bootstrap/4.4.1/css/bootstrap.min.css" integrity="sha384-Vkoo8x4CGsO3+Hhxv8T/Q5PaXtkKtu6ug5TOeNV6gBiFeWPGFN9MuhOf23Q9Ifjh" crossorigin="anonymous">\n    <link rel="stylesheet" href="https://stackpath.bootstrapcdn.com/font-awesome/4.7.0/css/font-awesome.min.css">\n    <link rel="stylesheet" href="/static/styles.css"> <!-- Add your custom CSS file -->\n    <style>\n        body {\n            background-color: #f8f9fa;\n        }\n        .navbar {\n            background-color: #343a40;\n            border-bottom: 1px solid #343a40;\n        }\n        .navbar-brand {\n            font-size: 1.5rem;\n            color: #ffffff;\n            font-weight: bold;\n        }\n        .navbar-nav .nav-item .nav-link {\n            color: #ffffff;\n            font-weight: bold;\n        }\n        .navbar-toggler-icon {\n            background-color: #ffffff;\n        }\n        .container {\n            margin-top: 20px;\n        }\n    </style>\n</head>\n<body>\n\n<nav class="navbar navbar-expand-lg navbar-dark">\n    <div class="container">\n        <a class="navbar-brand" href="/">REST API APP</a>\n        <button class="navbar-toggler" type="button" data-toggle="collapse" data-target="#navbar">\n            <span class="navbar-toggler-icon"></span>\n        </button>\n        <div class="collapse navbar-collapse" id="navbar">\n            <ul class="navbar-nav ml-auto">\n                \n                <li class="nav-item">\n                    <a class="nav-link" id="login" href="/login">Login</a>\n                </li>\n                <li class="nav-item">\n                    <a class="nav-link" id="signUp" href="/sign-up">Sign Up</a>\n                </li>\n\n                \n            </ul>\n        </div>\n    </div>\n</nav>\n\n\n\n    <div class="container mt-4">\n        \n            <div class="alert alert-success alert-dismissible fade show" role="alert">\n                Your account has been created successfully!\n                <button type="button" class="close" data-dismiss="alert" aria-label="Close">\n                    <span aria-hidden="true">&times;</span>\n                </button>\n            </div>\n        \n    </div>\n\n\n\n<div class="container">\n    \n<div class="container mt-5">\n    <div class="row justify-content-center">\n        <div class="col-lg-6 col-md-8">\n            <div class="card border-0 shadow-lg">\n                <div class="card-body p-5">\n                    <h2 class="text-center mb-4">Log In</h2>\n                    <form method="POST">\n                        <input id="csrf_token" name="csrf_token" type="hidden" value="IjFlNWM4MWFlZTllOWQ0OGZjZjkxMDE4ZTcyYTI1NTkwZjk3NDQ5YjMi.Zop4ig.T1v-ZH60T56_Wuj3T47pPuNfUaE">\n                        <div class="form-group">\n                            <label for="email">Email</label>\n                            <input class="form-control rounded-pill py-3" id="email" name="email" placeholder="Enter your email" required type="text" value="">\n                            \n                        </div>\n                        <div class="form-group">\n                            <label for="password">Password</label>\n                            <input class="form-control rounded-pill py-3" id="password" name="password" required type="password" value="">\n                            \n                        </div>\n                        <button type="submit" class="btn btn-primary btn-block rounded-pill py-3">Log In</button>\n                    </form>\n                    <div class="text-center mt-4">\n                        <p class="mb-0">Don\'t have an account? <a href="/sign-up" class="text-decoration-none">Sign up</a></p>\n                    </div>\n                </div>\n            </div>\n        </div>\n    </div>\n</div>\n\n</div>\n\n<script src="https://code.jquery.com/jquery-3.5.1.min.js"></script>\n<script src="https://cdnjs.cloudflare.com/ajax/libs/popper.js/1.16.0/umd/popper.min.js"></script>\n<script src="https://stackpath.bootstrapcdn.com/bootstrap/4.5.0/js/bootstrap.min.js"></script>\n<script src="/static/index.js"></script> <!-- Add your custom JavaScript file -->\n</body>\n</html>'
2024-07-07 13:23:46,926 - DEBUG - Follow response status code: 200
2024-07-07 13:23:46,926 - DEBUG - Follow response status code: 200
2024-07-07 13:23:46,927 - DEBUG - Follow response data is : b'<!DOCTYPE html>\n<html lang="en">\n<head>\n    <meta charset="UTF-8">\n    <meta name="viewport" content="width=device-width, initial-scale=1.0">\n    <title>Log In</title>\n    <link rel="stylesheet" href="https://stackpath.bootstrapcdn.com/bootstrap/4.4.1/css/bootstrap.min.css" integrity="sha384-Vkoo8x4CGsO3+Hhxv8T/Q5PaXtkKtu6ug5TOeNV6gBiFeWPGFN9MuhOf23Q9Ifjh" crossorigin="anonymous">\n    <link rel="stylesheet" href="https://stackpath.bootstrapcdn.com/font-awesome/4.7.0/css/font-awesome.min.css">\n    <link rel="stylesheet" href="/static/styles.css"> <!-- Add your custom CSS file -->\n    <style>\n        body {\n            background-color: #f8f9fa;\n        }\n        .navbar {\n            background-color: #343a40;\n            border-bottom: 1px solid #343a40;\n        }\n        .navbar-brand {\n            font-size: 1.5rem;\n            color: #ffffff;\n            font-weight: bold;\n        }\n        .navbar-nav .nav-item .nav-link {\n            color: #ffffff;\n            font-weight: bold;\n        }\n        .navbar-toggler-icon {\n            background-color: #ffffff;\n        }\n        .container {\n            margin-top: 20px;\n        }\n    </style>\n</head>\n<body>\n\n<nav class="navbar navbar-expand-lg navbar-dark">\n    <div class="container">\n        <a class="navbar-brand" href="/">REST API APP</a>\n        <button class="navbar-toggler" type="button" data-toggle="collapse" data-target="#navbar">\n            <span class="navbar-toggler-icon"></span>\n        </button>\n        <div class="collapse navbar-collapse" id="navbar">\n            <ul class="navbar-nav ml-auto">\n                \n                <li class="nav-item">\n                    <a class="nav-link" id="login" href="/login">Login</a>\n                </li>\n                <li class="nav-item">\n                    <a class="nav-link" id="signUp" href="/sign-up">Sign Up</a>\n                </li>\n\n                \n            </ul>\n        </div>\n    </div>\n</nav>\n\n\n\n    <div class="container mt-4">\n        \n            <div class="alert alert-success alert-dismissible fade show" role="alert">\n                Your account has been created successfully!\n                <button type="button" class="close" data-dismiss="alert" aria-label="Close">\n                    <span aria-hidden="true">&times;</span>\n                </button>\n            </div>\n        \n    </div>\n\n\n\n<div class="container">\n    \n<div class="container mt-5">\n    <div class="row justify-content-center">\n        <div class="col-lg-6 col-md-8">\n            <div class="card border-0 shadow-lg">\n                <div class="card-body p-5">\n                    <h2 class="text-center mb-4">Log In</h2>\n                    <form method="POST">\n                        <input id="csrf_token" name="csrf_token" type="hidden" value="ImJiZDdiYTNiMGMyNjI3ZGNiMjM4ZjZiMmY0OWQ3NWZhYWFiM2NmOTgi.Zop6wg.vkiD72x_Q5g_gWU5E-Wf6JN7sKg">\n                        <div class="form-group">\n                            <label for="email">Email</label>\n                            <input class="form-control rounded-pill py-3" id="email" name="email" placeholder="Enter your email" required type="text" value="">\n                            \n                        </div>\n                        <div class="form-group">\n                            <label for="password">Password</label>\n                            <input class="form-control rounded-pill py-3" id="password" name="password" required type="password" value="">\n                            \n                        </div>\n                        <button type="submit" class="btn btn-primary btn-block rounded-pill py-3">Log In</button>\n                    </form>\n                    <div class="text-center mt-4">\n                        <p class="mb-0">Don\'t have an account? <a href="/sign-up" class="text-decoration-none">Sign up</a></p>\n                    </div>\n                </div>\n            </div>\n        </div>\n    </div>\n</div>\n\n</div>\n\n<script src="https://code.jquery.com/jquery-3.5.1.min.js"></script>\n<script src="https://cdnjs.cloudflare.com/ajax/libs/popper.js/1.16.0/umd/popper.min.js"></script>\n<script src="https://stackpath.bootstrapcdn.com/bootstrap/4.5.0/js/bootstrap.min.js"></script>\n<script src="/static/index.js"></script> <!-- Add your custom JavaScript file -->\n</body>\n</html>'
2024-07-07 13:23:46,927 - DEBUG - Follow response data is : b'<!DOCTYPE html>\n<html lang="en">\n<head>\n    <meta charset="UTF-8">\n    <meta name="viewport" content="width=device-width, initial-scale=1.0">\n    <title>Log In</title>\n    <link rel="stylesheet" href="https://stackpath.bootstrapcdn.com/bootstrap/4.4.1/css/bootstrap.min.css" integrity="sha384-Vkoo8x4CGsO3+Hhxv8T/Q5PaXtkKtu6ug5TOeNV6gBiFeWPGFN9MuhOf23Q9Ifjh" crossorigin="anonymous">\n    <link rel="stylesheet" href="https://stackpath.bootstrapcdn.com/font-awesome/4.7.0/css/font-awesome.min.css">\n    <link rel="stylesheet" href="/static/styles.css"> <!-- Add your custom CSS file -->\n    <style>\n        body {\n            background-color: #f8f9fa;\n        }\n        .navbar {\n            background-color: #343a40;\n            border-bottom: 1px solid #343a40;\n        }\n        .navbar-brand {\n            font-size: 1.5rem;\n            color: #ffffff;\n            font-weight: bold;\n        }\n        .navbar-nav .nav-item .nav-link {\n            color: #ffffff;\n            font-weight: bold;\n        }\n        .navbar-toggler-icon {\n            background-color: #ffffff;\n        }\n        .container {\n            margin-top: 20px;\n        }\n    </style>\n</head>\n<body>\n\n<nav class="navbar navbar-expand-lg navbar-dark">\n    <div class="container">\n        <a class="navbar-brand" href="/">REST API APP</a>\n        <button class="navbar-toggler" type="button" data-toggle="collapse" data-target="#navbar">\n            <span class="navbar-toggler-icon"></span>\n        </button>\n        <div class="collapse navbar-collapse" id="navbar">\n            <ul class="navbar-nav ml-auto">\n                \n                <li class="nav-item">\n                    <a class="nav-link" id="login" href="/login">Login</a>\n                </li>\n                <li class="nav-item">\n                    <a class="nav-link" id="signUp" href="/sign-up">Sign Up</a>\n                </li>\n\n                \n            </ul>\n        </div>\n    </div>\n</nav>\n\n\n\n    <div class="container mt-4">\n        \n            <div class="alert alert-success alert-dismissible fade show" role="alert">\n                Your account has been created successfully!\n                <button type="button" class="close" data-dismiss="alert" aria-label="Close">\n                    <span aria-hidden="true">&times;</span>\n                </button>\n            </div>\n        \n    </div>\n\n\n\n<div class="container">\n    \n<div class="container mt-5">\n    <div class="row justify-content-center">\n        <div class="col-lg-6 col-md-8">\n            <div class="card border-0 shadow-lg">\n                <div class="card-body p-5">\n                    <h2 class="text-center mb-4">Log In</h2>\n                    <form method="POST">\n                        <input id="csrf_token" name="csrf_token" type="hidden" value="ImJiZDdiYTNiMGMyNjI3ZGNiMjM4ZjZiMmY0OWQ3NWZhYWFiM2NmOTgi.Zop6wg.vkiD72x_Q5g_gWU5E-Wf6JN7sKg">\n                        <div class="form-group">\n                            <label for="email">Email</label>\n                            <input class="form-control rounded-pill py-3" id="email" name="email" placeholder="Enter your email" required type="text" value="">\n                            \n                        </div>\n                        <div class="form-group">\n                            <label for="password">Password</label>\n                            <input class="form-control rounded-pill py-3" id="password" name="password" required type="password" value="">\n                            \n                        </div>\n                        <button type="submit" class="btn btn-primary btn-block rounded-pill py-3">Log In</button>\n                    </form>\n                    <div class="text-center mt-4">\n                        <p class="mb-0">Don\'t have an account? <a href="/sign-up" class="text-decoration-none">Sign up</a></p>\n                    </div>\n                </div>\n            </div>\n        </div>\n    </div>\n</div>\n\n</div>\n\n<script src="https://code.jquery.com/jquery-3.5.1.min.js"></script>\n<script src="https://cdnjs.cloudflare.com/ajax/libs/popper.js/1.16.0/umd/popper.min.js"></script>\n<script src="https://stackpath.bootstrapcdn.com/bootstrap/4.5.0/js/bootstrap.min.js"></script>\n<script src="/static/index.js"></script> <!-- Add your custom JavaScript file -->\n</body>\n</html>'
2024-07-07 15:31:33,622 - DEBUG - Follow response status code: 200
2024-07-07 15:31:33,622 - DEBUG - Follow response status code: 200
2024-07-07 15:31:33,623 - DEBUG - Follow response data is : b'<!DOCTYPE html>\n<html lang="en">\n<head>\n    <meta charset="UTF-8">\n    <meta name="viewport" content="width=device-width, initial-scale=1.0">\n    <title>Log In</title>\n    <link rel="stylesheet" href="https://stackpath.bootstrapcdn.com/bootstrap/4.4.1/css/bootstrap.min.css" integrity="sha384-Vkoo8x4CGsO3+Hhxv8T/Q5PaXtkKtu6ug5TOeNV6gBiFeWPGFN9MuhOf23Q9Ifjh" crossorigin="anonymous">\n    <link rel="stylesheet" href="https://stackpath.bootstrapcdn.com/font-awesome/4.7.0/css/font-awesome.min.css">\n    <link rel="stylesheet" href="/static/styles.css"> <!-- Add your custom CSS file -->\n    <style>\n        body {\n            background-color: #f8f9fa;\n        }\n        .navbar {\n            background-color: #343a40;\n            border-bottom: 1px solid #343a40;\n        }\n        .navbar-brand {\n            font-size: 1.5rem;\n            color: #ffffff;\n            font-weight: bold;\n        }\n        .navbar-nav .nav-item .nav-link {\n            color: #ffffff;\n            font-weight: bold;\n        }\n        .navbar-toggler-icon {\n            background-color: #ffffff;\n        }\n        .container {\n            margin-top: 20px;\n        }\n    </style>\n</head>\n<body>\n\n<nav class="navbar navbar-expand-lg navbar-dark">\n    <div class="container">\n        <a class="navbar-brand" href="/">REST API APP</a>\n        <button class="navbar-toggler" type="button" data-toggle="collapse" data-target="#navbar">\n            <span class="navbar-toggler-icon"></span>\n        </button>\n        <div class="collapse navbar-collapse" id="navbar">\n            <ul class="navbar-nav ml-auto">\n                \n                <li class="nav-item">\n                    <a class="nav-link" id="login" href="/login">Login</a>\n                </li>\n                <li class="nav-item">\n                    <a class="nav-link" id="signUp" href="/sign-up">Sign Up</a>\n                </li>\n\n                \n            </ul>\n        </div>\n    </div>\n</nav>\n\n\n\n    <div class="container mt-4">\n        \n            <div class="alert alert-success alert-dismissible fade show" role="alert">\n                Your account has been created successfully!\n                <button type="button" class="close" data-dismiss="alert" aria-label="Close">\n                    <span aria-hidden="true">&times;</span>\n                </button>\n            </div>\n        \n    </div>\n\n\n\n<div class="container">\n    \n<div class="container mt-5">\n    <div class="row justify-content-center">\n        <div class="col-lg-6 col-md-8">\n            <div class="card border-0 shadow-lg">\n                <div class="card-body p-5">\n                    <h2 class="text-center mb-4">Log In</h2>\n                    <form method="POST">\n                        <input id="csrf_token" name="csrf_token" type="hidden" value="ImNhMzU1NjEwMGQzNGI1OWMxMDE1YWQ3NzBjMzQwNTkyOWRjNjVlM2Ui.ZoqYtQ.XDqsKmOoKmmlXhP_sYt5Vbpuoh4">\n                        <div class="form-group">\n                            <label for="email">Email</label>\n                            <input class="form-control rounded-pill py-3" id="email" name="email" placeholder="Enter your email" required type="text" value="">\n                            \n                        </div>\n                        <div class="form-group">\n                            <label for="password">Password</label>\n                            <input class="form-control rounded-pill py-3" id="password" name="password" required type="password" value="">\n                            \n                        </div>\n                        <button type="submit" class="btn btn-primary btn-block rounded-pill py-3">Log In</button>\n                    </form>\n                    <div class="text-center mt-4">\n                        <p class="mb-0">Don\'t have an account? <a href="/sign-up" class="text-decoration-none">Sign up</a></p>\n                    </div>\n                </div>\n            </div>\n        </div>\n    </div>\n</div>\n\n</div>\n\n<script src="https://code.jquery.com/jquery-3.5.1.min.js"></script>\n<script src="https://cdnjs.cloudflare.com/ajax/libs/popper.js/1.16.0/umd/popper.min.js"></script>\n<script src="https://stackpath.bootstrapcdn.com/bootstrap/4.5.0/js/bootstrap.min.js"></script>\n<script src="/static/index.js"></script> <!-- Add your custom JavaScript file -->\n</body>\n</html>'
2024-07-07 15:31:33,623 - DEBUG - Follow response data is : b'<!DOCTYPE html>\n<html lang="en">\n<head>\n    <meta charset="UTF-8">\n    <meta name="viewport" content="width=device-width, initial-scale=1.0">\n    <title>Log In</title>\n    <link rel="stylesheet" href="https://stackpath.bootstrapcdn.com/bootstrap/4.4.1/css/bootstrap.min.css" integrity="sha384-Vkoo8x4CGsO3+Hhxv8T/Q5PaXtkKtu6ug5TOeNV6gBiFeWPGFN9MuhOf23Q9Ifjh" crossorigin="anonymous">\n    <link rel="stylesheet" href="https://stackpath.bootstrapcdn.com/font-awesome/4.7.0/css/font-awesome.min.css">\n    <link rel="stylesheet" href="/static/styles.css"> <!-- Add your custom CSS file -->\n    <style>\n        body {\n            background-color: #f8f9fa;\n        }\n        .navbar {\n            background-color: #343a40;\n            border-bottom: 1px solid #343a40;\n        }\n        .navbar-brand {\n            font-size: 1.5rem;\n            color: #ffffff;\n            font-weight: bold;\n        }\n        .navbar-nav .nav-item .nav-link {\n            color: #ffffff;\n            font-weight: bold;\n        }\n        .navbar-toggler-icon {\n            background-color: #ffffff;\n        }\n        .container {\n            margin-top: 20px;\n        }\n    </style>\n</head>\n<body>\n\n<nav class="navbar navbar-expand-lg navbar-dark">\n    <div class="container">\n        <a class="navbar-brand" href="/">REST API APP</a>\n        <button class="navbar-toggler" type="button" data-toggle="collapse" data-target="#navbar">\n            <span class="navbar-toggler-icon"></span>\n        </button>\n        <div class="collapse navbar-collapse" id="navbar">\n            <ul class="navbar-nav ml-auto">\n                \n                <li class="nav-item">\n                    <a class="nav-link" id="login" href="/login">Login</a>\n                </li>\n                <li class="nav-item">\n                    <a class="nav-link" id="signUp" href="/sign-up">Sign Up</a>\n                </li>\n\n                \n            </ul>\n        </div>\n    </div>\n</nav>\n\n\n\n    <div class="container mt-4">\n        \n            <div class="alert alert-success alert-dismissible fade show" role="alert">\n                Your account has been created successfully!\n                <button type="button" class="close" data-dismiss="alert" aria-label="Close">\n                    <span aria-hidden="true">&times;</span>\n                </button>\n            </div>\n        \n    </div>\n\n\n\n<div class="container">\n    \n<div class="container mt-5">\n    <div class="row justify-content-center">\n        <div class="col-lg-6 col-md-8">\n            <div class="card border-0 shadow-lg">\n                <div class="card-body p-5">\n                    <h2 class="text-center mb-4">Log In</h2>\n                    <form method="POST">\n                        <input id="csrf_token" name="csrf_token" type="hidden" value="ImNhMzU1NjEwMGQzNGI1OWMxMDE1YWQ3NzBjMzQwNTkyOWRjNjVlM2Ui.ZoqYtQ.XDqsKmOoKmmlXhP_sYt5Vbpuoh4">\n                        <div class="form-group">\n                            <label for="email">Email</label>\n                            <input class="form-control rounded-pill py-3" id="email" name="email" placeholder="Enter your email" required type="text" value="">\n                            \n                        </div>\n                        <div class="form-group">\n                            <label for="password">Password</label>\n                            <input class="form-control rounded-pill py-3" id="password" name="password" required type="password" value="">\n                            \n                        </div>\n                        <button type="submit" class="btn btn-primary btn-block rounded-pill py-3">Log In</button>\n                    </form>\n                    <div class="text-center mt-4">\n                        <p class="mb-0">Don\'t have an account? <a href="/sign-up" class="text-decoration-none">Sign up</a></p>\n                    </div>\n                </div>\n            </div>\n        </div>\n    </div>\n</div>\n\n</div>\n\n<script src="https://code.jquery.com/jquery-3.5.1.min.js"></script>\n<script src="https://cdnjs.cloudflare.com/ajax/libs/popper.js/1.16.0/umd/popper.min.js"></script>\n<script src="https://stackpath.bootstrapcdn.com/bootstrap/4.5.0/js/bootstrap.min.js"></script>\n<script src="/static/index.js"></script> <!-- Add your custom JavaScript file -->\n</body>\n</html>'
2024-07-07 15:31:47,091 - DEBUG - Follow response status code: 200
2024-07-07 15:31:47,091 - DEBUG - Follow response status code: 200
2024-07-07 15:31:47,092 - DEBUG - Follow response data is : b'<!DOCTYPE html>\n<html lang="en">\n<head>\n    <meta charset="UTF-8">\n    <meta name="viewport" content="width=device-width, initial-scale=1.0">\n    <title>Log In</title>\n    <link rel="stylesheet" href="https://stackpath.bootstrapcdn.com/bootstrap/4.4.1/css/bootstrap.min.css" integrity="sha384-Vkoo8x4CGsO3+Hhxv8T/Q5PaXtkKtu6ug5TOeNV6gBiFeWPGFN9MuhOf23Q9Ifjh" crossorigin="anonymous">\n    <link rel="stylesheet" href="https://stackpath.bootstrapcdn.com/font-awesome/4.7.0/css/font-awesome.min.css">\n    <link rel="stylesheet" href="/static/styles.css"> <!-- Add your custom CSS file -->\n    <style>\n        body {\n            background-color: #f8f9fa;\n        }\n        .navbar {\n            background-color: #343a40;\n            border-bottom: 1px solid #343a40;\n        }\n        .navbar-brand {\n            font-size: 1.5rem;\n            color: #ffffff;\n            font-weight: bold;\n        }\n        .navbar-nav .nav-item .nav-link {\n            color: #ffffff;\n            font-weight: bold;\n        }\n        .navbar-toggler-icon {\n            background-color: #ffffff;\n        }\n        .container {\n            margin-top: 20px;\n        }\n    </style>\n</head>\n<body>\n\n<nav class="navbar navbar-expand-lg navbar-dark">\n    <div class="container">\n        <a class="navbar-brand" href="/">REST API APP</a>\n        <button class="navbar-toggler" type="button" data-toggle="collapse" data-target="#navbar">\n            <span class="navbar-toggler-icon"></span>\n        </button>\n        <div class="collapse navbar-collapse" id="navbar">\n            <ul class="navbar-nav ml-auto">\n                \n                <li class="nav-item">\n                    <a class="nav-link" id="login" href="/login">Login</a>\n                </li>\n                <li class="nav-item">\n                    <a class="nav-link" id="signUp" href="/sign-up">Sign Up</a>\n                </li>\n\n                \n            </ul>\n        </div>\n    </div>\n</nav>\n\n\n\n    <div class="container mt-4">\n        \n            <div class="alert alert-success alert-dismissible fade show" role="alert">\n                Your account has been created successfully!\n                <button type="button" class="close" data-dismiss="alert" aria-label="Close">\n                    <span aria-hidden="true">&times;</span>\n                </button>\n            </div>\n        \n    </div>\n\n\n\n<div class="container">\n    \n<div class="container mt-5">\n    <div class="row justify-content-center">\n        <div class="col-lg-6 col-md-8">\n            <div class="card border-0 shadow-lg">\n                <div class="card-body p-5">\n                    <h2 class="text-center mb-4">Log In</h2>\n                    <form method="POST">\n                        <input id="csrf_token" name="csrf_token" type="hidden" value="ImE2ZjUxNGU3OGUxOWFiMmM4N2VkYTI1NWUyMGU1ZGEyMzMxOWU3ODIi.ZoqYwg.B1S_mxYxysJpAIvaDjikhDq3hqw">\n                        <div class="form-group">\n                            <label for="email">Email</label>\n                            <input class="form-control rounded-pill py-3" id="email" name="email" placeholder="Enter your email" required type="text" value="">\n                            \n                        </div>\n                        <div class="form-group">\n                            <label for="password">Password</label>\n                            <input class="form-control rounded-pill py-3" id="password" name="password" required type="password" value="">\n                            \n                        </div>\n                        <button type="submit" class="btn btn-primary btn-block rounded-pill py-3">Log In</button>\n                    </form>\n                    <div class="text-center mt-4">\n                        <p class="mb-0">Don\'t have an account? <a href="/sign-up" class="text-decoration-none">Sign up</a></p>\n                    </div>\n                </div>\n            </div>\n        </div>\n    </div>\n</div>\n\n</div>\n\n<script src="https://code.jquery.com/jquery-3.5.1.min.js"></script>\n<script src="https://cdnjs.cloudflare.com/ajax/libs/popper.js/1.16.0/umd/popper.min.js"></script>\n<script src="https://stackpath.bootstrapcdn.com/bootstrap/4.5.0/js/bootstrap.min.js"></script>\n<script src="/static/index.js"></script> <!-- Add your custom JavaScript file -->\n</body>\n</html>'
2024-07-07 15:31:47,092 - DEBUG - Follow response data is : b'<!DOCTYPE html>\n<html lang="en">\n<head>\n    <meta charset="UTF-8">\n    <meta name="viewport" content="width=device-width, initial-scale=1.0">\n    <title>Log In</title>\n    <link rel="stylesheet" href="https://stackpath.bootstrapcdn.com/bootstrap/4.4.1/css/bootstrap.min.css" integrity="sha384-Vkoo8x4CGsO3+Hhxv8T/Q5PaXtkKtu6ug5TOeNV6gBiFeWPGFN9MuhOf23Q9Ifjh" crossorigin="anonymous">\n    <link rel="stylesheet" href="https://stackpath.bootstrapcdn.com/font-awesome/4.7.0/css/font-awesome.min.css">\n    <link rel="stylesheet" href="/static/styles.css"> <!-- Add your custom CSS file -->\n    <style>\n        body {\n            background-color: #f8f9fa;\n        }\n        .navbar {\n            background-color: #343a40;\n            border-bottom: 1px solid #343a40;\n        }\n        .navbar-brand {\n            font-size: 1.5rem;\n            color: #ffffff;\n            font-weight: bold;\n        }\n        .navbar-nav .nav-item .nav-link {\n            color: #ffffff;\n            font-weight: bold;\n        }\n        .navbar-toggler-icon {\n            background-color: #ffffff;\n        }\n        .container {\n            margin-top: 20px;\n        }\n    </style>\n</head>\n<body>\n\n<nav class="navbar navbar-expand-lg navbar-dark">\n    <div class="container">\n        <a class="navbar-brand" href="/">REST API APP</a>\n        <button class="navbar-toggler" type="button" data-toggle="collapse" data-target="#navbar">\n            <span class="navbar-toggler-icon"></span>\n        </button>\n        <div class="collapse navbar-collapse" id="navbar">\n            <ul class="navbar-nav ml-auto">\n                \n                <li class="nav-item">\n                    <a class="nav-link" id="login" href="/login">Login</a>\n                </li>\n                <li class="nav-item">\n                    <a class="nav-link" id="signUp" href="/sign-up">Sign Up</a>\n                </li>\n\n                \n            </ul>\n        </div>\n    </div>\n</nav>\n\n\n\n    <div class="container mt-4">\n        \n            <div class="alert alert-success alert-dismissible fade show" role="alert">\n                Your account has been created successfully!\n                <button type="button" class="close" data-dismiss="alert" aria-label="Close">\n                    <span aria-hidden="true">&times;</span>\n                </button>\n            </div>\n        \n    </div>\n\n\n\n<div class="container">\n    \n<div class="container mt-5">\n    <div class="row justify-content-center">\n        <div class="col-lg-6 col-md-8">\n            <div class="card border-0 shadow-lg">\n                <div class="card-body p-5">\n                    <h2 class="text-center mb-4">Log In</h2>\n                    <form method="POST">\n                        <input id="csrf_token" name="csrf_token" type="hidden" value="ImE2ZjUxNGU3OGUxOWFiMmM4N2VkYTI1NWUyMGU1ZGEyMzMxOWU3ODIi.ZoqYwg.B1S_mxYxysJpAIvaDjikhDq3hqw">\n                        <div class="form-group">\n                            <label for="email">Email</label>\n                            <input class="form-control rounded-pill py-3" id="email" name="email" placeholder="Enter your email" required type="text" value="">\n                            \n                        </div>\n                        <div class="form-group">\n                            <label for="password">Password</label>\n                            <input class="form-control rounded-pill py-3" id="password" name="password" required type="password" value="">\n                            \n                        </div>\n                        <button type="submit" class="btn btn-primary btn-block rounded-pill py-3">Log In</button>\n                    </form>\n                    <div class="text-center mt-4">\n                        <p class="mb-0">Don\'t have an account? <a href="/sign-up" class="text-decoration-none">Sign up</a></p>\n                    </div>\n                </div>\n            </div>\n        </div>\n    </div>\n</div>\n\n</div>\n\n<script src="https://code.jquery.com/jquery-3.5.1.min.js"></script>\n<script src="https://cdnjs.cloudflare.com/ajax/libs/popper.js/1.16.0/umd/popper.min.js"></script>\n<script src="https://stackpath.bootstrapcdn.com/bootstrap/4.5.0/js/bootstrap.min.js"></script>\n<script src="/static/index.js"></script> <!-- Add your custom JavaScript file -->\n</body>\n</html>'
2024-07-07 15:31:54,910 - DEBUG - Follow response status code: 200
2024-07-07 15:31:54,910 - DEBUG - Follow response status code: 200
2024-07-07 15:31:54,910 - DEBUG - Follow response data is : b'<!DOCTYPE html>\n<html lang="en">\n<head>\n    <meta charset="UTF-8">\n    <meta name="viewport" content="width=device-width, initial-scale=1.0">\n    <title>Log In</title>\n    <link rel="stylesheet" href="https://stackpath.bootstrapcdn.com/bootstrap/4.4.1/css/bootstrap.min.css" integrity="sha384-Vkoo8x4CGsO3+Hhxv8T/Q5PaXtkKtu6ug5TOeNV6gBiFeWPGFN9MuhOf23Q9Ifjh" crossorigin="anonymous">\n    <link rel="stylesheet" href="https://stackpath.bootstrapcdn.com/font-awesome/4.7.0/css/font-awesome.min.css">\n    <link rel="stylesheet" href="/static/styles.css"> <!-- Add your custom CSS file -->\n    <style>\n        body {\n            background-color: #f8f9fa;\n        }\n        .navbar {\n            background-color: #343a40;\n            border-bottom: 1px solid #343a40;\n        }\n        .navbar-brand {\n            font-size: 1.5rem;\n            color: #ffffff;\n            font-weight: bold;\n        }\n        .navbar-nav .nav-item .nav-link {\n            color: #ffffff;\n            font-weight: bold;\n        }\n        .navbar-toggler-icon {\n            background-color: #ffffff;\n        }\n        .container {\n            margin-top: 20px;\n        }\n    </style>\n</head>\n<body>\n\n<nav class="navbar navbar-expand-lg navbar-dark">\n    <div class="container">\n        <a class="navbar-brand" href="/">REST API APP</a>\n        <button class="navbar-toggler" type="button" data-toggle="collapse" data-target="#navbar">\n            <span class="navbar-toggler-icon"></span>\n        </button>\n        <div class="collapse navbar-collapse" id="navbar">\n            <ul class="navbar-nav ml-auto">\n                \n                <li class="nav-item">\n                    <a class="nav-link" id="login" href="/login">Login</a>\n                </li>\n                <li class="nav-item">\n                    <a class="nav-link" id="signUp" href="/sign-up">Sign Up</a>\n                </li>\n\n                \n            </ul>\n        </div>\n    </div>\n</nav>\n\n\n\n    <div class="container mt-4">\n        \n            <div class="alert alert-success alert-dismissible fade show" role="alert">\n                Your account has been created successfully!\n                <button type="button" class="close" data-dismiss="alert" aria-label="Close">\n                    <span aria-hidden="true">&times;</span>\n                </button>\n            </div>\n        \n    </div>\n\n\n\n<div class="container">\n    \n<div class="container mt-5">\n    <div class="row justify-content-center">\n        <div class="col-lg-6 col-md-8">\n            <div class="card border-0 shadow-lg">\n                <div class="card-body p-5">\n                    <h2 class="text-center mb-4">Log In</h2>\n                    <form method="POST">\n                        <input id="csrf_token" name="csrf_token" type="hidden" value="IjI4ZjIzMTVlMDQ2MmM2M2UxODg5M2YxZWY4OGUxOWVjNmU1YmJiYWYi.ZoqYyg.MHC3Flj9su5M1bGQySQuR_KF-6g">\n                        <div class="form-group">\n                            <label for="email">Email</label>\n                            <input class="form-control rounded-pill py-3" id="email" name="email" placeholder="Enter your email" required type="text" value="">\n                            \n                        </div>\n                        <div class="form-group">\n                            <label for="password">Password</label>\n                            <input class="form-control rounded-pill py-3" id="password" name="password" required type="password" value="">\n                            \n                        </div>\n                        <button type="submit" class="btn btn-primary btn-block rounded-pill py-3">Log In</button>\n                    </form>\n                    <div class="text-center mt-4">\n                        <p class="mb-0">Don\'t have an account? <a href="/sign-up" class="text-decoration-none">Sign up</a></p>\n                    </div>\n                </div>\n            </div>\n        </div>\n    </div>\n</div>\n\n</div>\n\n<script src="https://code.jquery.com/jquery-3.5.1.min.js"></script>\n<script src="https://cdnjs.cloudflare.com/ajax/libs/popper.js/1.16.0/umd/popper.min.js"></script>\n<script src="https://stackpath.bootstrapcdn.com/bootstrap/4.5.0/js/bootstrap.min.js"></script>\n<script src="/static/index.js"></script> <!-- Add your custom JavaScript file -->\n</body>\n</html>'
2024-07-07 15:31:54,910 - DEBUG - Follow response data is : b'<!DOCTYPE html>\n<html lang="en">\n<head>\n    <meta charset="UTF-8">\n    <meta name="viewport" content="width=device-width, initial-scale=1.0">\n    <title>Log In</title>\n    <link rel="stylesheet" href="https://stackpath.bootstrapcdn.com/bootstrap/4.4.1/css/bootstrap.min.css" integrity="sha384-Vkoo8x4CGsO3+Hhxv8T/Q5PaXtkKtu6ug5TOeNV6gBiFeWPGFN9MuhOf23Q9Ifjh" crossorigin="anonymous">\n    <link rel="stylesheet" href="https://stackpath.bootstrapcdn.com/font-awesome/4.7.0/css/font-awesome.min.css">\n    <link rel="stylesheet" href="/static/styles.css"> <!-- Add your custom CSS file -->\n    <style>\n        body {\n            background-color: #f8f9fa;\n        }\n        .navbar {\n            background-color: #343a40;\n            border-bottom: 1px solid #343a40;\n        }\n        .navbar-brand {\n            font-size: 1.5rem;\n            color: #ffffff;\n            font-weight: bold;\n        }\n        .navbar-nav .nav-item .nav-link {\n            color: #ffffff;\n            font-weight: bold;\n        }\n        .navbar-toggler-icon {\n            background-color: #ffffff;\n        }\n        .container {\n            margin-top: 20px;\n        }\n    </style>\n</head>\n<body>\n\n<nav class="navbar navbar-expand-lg navbar-dark">\n    <div class="container">\n        <a class="navbar-brand" href="/">REST API APP</a>\n        <button class="navbar-toggler" type="button" data-toggle="collapse" data-target="#navbar">\n            <span class="navbar-toggler-icon"></span>\n        </button>\n        <div class="collapse navbar-collapse" id="navbar">\n            <ul class="navbar-nav ml-auto">\n                \n                <li class="nav-item">\n                    <a class="nav-link" id="login" href="/login">Login</a>\n                </li>\n                <li class="nav-item">\n                    <a class="nav-link" id="signUp" href="/sign-up">Sign Up</a>\n                </li>\n\n                \n            </ul>\n        </div>\n    </div>\n</nav>\n\n\n\n    <div class="container mt-4">\n        \n            <div class="alert alert-success alert-dismissible fade show" role="alert">\n                Your account has been created successfully!\n                <button type="button" class="close" data-dismiss="alert" aria-label="Close">\n                    <span aria-hidden="true">&times;</span>\n                </button>\n            </div>\n        \n    </div>\n\n\n\n<div class="container">\n    \n<div class="container mt-5">\n    <div class="row justify-content-center">\n        <div class="col-lg-6 col-md-8">\n            <div class="card border-0 shadow-lg">\n                <div class="card-body p-5">\n                    <h2 class="text-center mb-4">Log In</h2>\n                    <form method="POST">\n                        <input id="csrf_token" name="csrf_token" type="hidden" value="IjI4ZjIzMTVlMDQ2MmM2M2UxODg5M2YxZWY4OGUxOWVjNmU1YmJiYWYi.ZoqYyg.MHC3Flj9su5M1bGQySQuR_KF-6g">\n                        <div class="form-group">\n                            <label for="email">Email</label>\n                            <input class="form-control rounded-pill py-3" id="email" name="email" placeholder="Enter your email" required type="text" value="">\n                            \n                        </div>\n                        <div class="form-group">\n                            <label for="password">Password</label>\n                            <input class="form-control rounded-pill py-3" id="password" name="password" required type="password" value="">\n                            \n                        </div>\n                        <button type="submit" class="btn btn-primary btn-block rounded-pill py-3">Log In</button>\n                    </form>\n                    <div class="text-center mt-4">\n                        <p class="mb-0">Don\'t have an account? <a href="/sign-up" class="text-decoration-none">Sign up</a></p>\n                    </div>\n                </div>\n            </div>\n        </div>\n    </div>\n</div>\n\n</div>\n\n<script src="https://code.jquery.com/jquery-3.5.1.min.js"></script>\n<script src="https://cdnjs.cloudflare.com/ajax/libs/popper.js/1.16.0/umd/popper.min.js"></script>\n<script src="https://stackpath.bootstrapcdn.com/bootstrap/4.5.0/js/bootstrap.min.js"></script>\n<script src="/static/index.js"></script> <!-- Add your custom JavaScript file -->\n</body>\n</html>'
2024-07-07 15:35:55,384 - DEBUG - Follow response status code: 200
2024-07-07 15:35:55,384 - DEBUG - Follow response status code: 200
2024-07-07 15:35:55,384 - DEBUG - Follow response data is : b'<!DOCTYPE html>\n<html lang="en">\n<head>\n    <meta charset="UTF-8">\n    <meta name="viewport" content="width=device-width, initial-scale=1.0">\n    <title>Log In</title>\n    <link rel="stylesheet" href="https://stackpath.bootstrapcdn.com/bootstrap/4.4.1/css/bootstrap.min.css" integrity="sha384-Vkoo8x4CGsO3+Hhxv8T/Q5PaXtkKtu6ug5TOeNV6gBiFeWPGFN9MuhOf23Q9Ifjh" crossorigin="anonymous">\n    <link rel="stylesheet" href="https://stackpath.bootstrapcdn.com/font-awesome/4.7.0/css/font-awesome.min.css">\n    <link rel="stylesheet" href="/static/styles.css"> <!-- Add your custom CSS file -->\n    <style>\n        body {\n            background-color: #f8f9fa;\n        }\n        .navbar {\n            background-color: #343a40;\n            border-bottom: 1px solid #343a40;\n        }\n        .navbar-brand {\n            font-size: 1.5rem;\n            color: #ffffff;\n            font-weight: bold;\n        }\n        .navbar-nav .nav-item .nav-link {\n            color: #ffffff;\n            font-weight: bold;\n        }\n        .navbar-toggler-icon {\n            background-color: #ffffff;\n        }\n        .container {\n            margin-top: 20px;\n        }\n    </style>\n</head>\n<body>\n\n<nav class="navbar navbar-expand-lg navbar-dark">\n    <div class="container">\n        <a class="navbar-brand" href="/">REST API APP</a>\n        <button class="navbar-toggler" type="button" data-toggle="collapse" data-target="#navbar">\n            <span class="navbar-toggler-icon"></span>\n        </button>\n        <div class="collapse navbar-collapse" id="navbar">\n            <ul class="navbar-nav ml-auto">\n                \n                <li class="nav-item">\n                    <a class="nav-link" id="login" href="/login">Login</a>\n                </li>\n                <li class="nav-item">\n                    <a class="nav-link" id="signUp" href="/sign-up">Sign Up</a>\n                </li>\n\n                \n            </ul>\n        </div>\n    </div>\n</nav>\n\n\n\n    <div class="container mt-4">\n        \n            <div class="alert alert-success alert-dismissible fade show" role="alert">\n                Your account has been created successfully!\n                <button type="button" class="close" data-dismiss="alert" aria-label="Close">\n                    <span aria-hidden="true">&times;</span>\n                </button>\n            </div>\n        \n    </div>\n\n\n\n<div class="container">\n    \n<div class="container mt-5">\n    <div class="row justify-content-center">\n        <div class="col-lg-6 col-md-8">\n            <div class="card border-0 shadow-lg">\n                <div class="card-body p-5">\n                    <h2 class="text-center mb-4">Log In</h2>\n                    <form method="POST">\n                        <input id="csrf_token" name="csrf_token" type="hidden" value="ImEwMmM5NzI3NjUxMmVjZmIzZjQ5NzMxM2Y5NzczNjU1NWRmOGM1YmIi.ZoqZuw.O_4xn974QTLqWvXe1h4mn8HpXmM">\n                        <div class="form-group">\n                            <label for="email">Email</label>\n                            <input class="form-control rounded-pill py-3" id="email" name="email" placeholder="Enter your email" required type="text" value="">\n                            \n                        </div>\n                        <div class="form-group">\n                            <label for="password">Password</label>\n                            <input class="form-control rounded-pill py-3" id="password" name="password" required type="password" value="">\n                            \n                        </div>\n                        <button type="submit" class="btn btn-primary btn-block rounded-pill py-3">Log In</button>\n                    </form>\n                    <div class="text-center mt-4">\n                        <p class="mb-0">Don\'t have an account? <a href="/sign-up" class="text-decoration-none">Sign up</a></p>\n                    </div>\n                </div>\n            </div>\n        </div>\n    </div>\n</div>\n\n</div>\n\n<script src="https://code.jquery.com/jquery-3.5.1.min.js"></script>\n<script src="https://cdnjs.cloudflare.com/ajax/libs/popper.js/1.16.0/umd/popper.min.js"></script>\n<script src="https://stackpath.bootstrapcdn.com/bootstrap/4.5.0/js/bootstrap.min.js"></script>\n<script src="/static/index.js"></script> <!-- Add your custom JavaScript file -->\n</body>\n</html>'
2024-07-07 15:35:55,384 - DEBUG - Follow response data is : b'<!DOCTYPE html>\n<html lang="en">\n<head>\n    <meta charset="UTF-8">\n    <meta name="viewport" content="width=device-width, initial-scale=1.0">\n    <title>Log In</title>\n    <link rel="stylesheet" href="https://stackpath.bootstrapcdn.com/bootstrap/4.4.1/css/bootstrap.min.css" integrity="sha384-Vkoo8x4CGsO3+Hhxv8T/Q5PaXtkKtu6ug5TOeNV6gBiFeWPGFN9MuhOf23Q9Ifjh" crossorigin="anonymous">\n    <link rel="stylesheet" href="https://stackpath.bootstrapcdn.com/font-awesome/4.7.0/css/font-awesome.min.css">\n    <link rel="stylesheet" href="/static/styles.css"> <!-- Add your custom CSS file -->\n    <style>\n        body {\n            background-color: #f8f9fa;\n        }\n        .navbar {\n            background-color: #343a40;\n            border-bottom: 1px solid #343a40;\n        }\n        .navbar-brand {\n            font-size: 1.5rem;\n            color: #ffffff;\n            font-weight: bold;\n        }\n        .navbar-nav .nav-item .nav-link {\n            color: #ffffff;\n            font-weight: bold;\n        }\n        .navbar-toggler-icon {\n            background-color: #ffffff;\n        }\n        .container {\n            margin-top: 20px;\n        }\n    </style>\n</head>\n<body>\n\n<nav class="navbar navbar-expand-lg navbar-dark">\n    <div class="container">\n        <a class="navbar-brand" href="/">REST API APP</a>\n        <button class="navbar-toggler" type="button" data-toggle="collapse" data-target="#navbar">\n            <span class="navbar-toggler-icon"></span>\n        </button>\n        <div class="collapse navbar-collapse" id="navbar">\n            <ul class="navbar-nav ml-auto">\n                \n                <li class="nav-item">\n                    <a class="nav-link" id="login" href="/login">Login</a>\n                </li>\n                <li class="nav-item">\n                    <a class="nav-link" id="signUp" href="/sign-up">Sign Up</a>\n                </li>\n\n                \n            </ul>\n        </div>\n    </div>\n</nav>\n\n\n\n    <div class="container mt-4">\n        \n            <div class="alert alert-success alert-dismissible fade show" role="alert">\n                Your account has been created successfully!\n                <button type="button" class="close" data-dismiss="alert" aria-label="Close">\n                    <span aria-hidden="true">&times;</span>\n                </button>\n            </div>\n        \n    </div>\n\n\n\n<div class="container">\n    \n<div class="container mt-5">\n    <div class="row justify-content-center">\n        <div class="col-lg-6 col-md-8">\n            <div class="card border-0 shadow-lg">\n                <div class="card-body p-5">\n                    <h2 class="text-center mb-4">Log In</h2>\n                    <form method="POST">\n                        <input id="csrf_token" name="csrf_token" type="hidden" value="ImEwMmM5NzI3NjUxMmVjZmIzZjQ5NzMxM2Y5NzczNjU1NWRmOGM1YmIi.ZoqZuw.O_4xn974QTLqWvXe1h4mn8HpXmM">\n                        <div class="form-group">\n                            <label for="email">Email</label>\n                            <input class="form-control rounded-pill py-3" id="email" name="email" placeholder="Enter your email" required type="text" value="">\n                            \n                        </div>\n                        <div class="form-group">\n                            <label for="password">Password</label>\n                            <input class="form-control rounded-pill py-3" id="password" name="password" required type="password" value="">\n                            \n                        </div>\n                        <button type="submit" class="btn btn-primary btn-block rounded-pill py-3">Log In</button>\n                    </form>\n                    <div class="text-center mt-4">\n                        <p class="mb-0">Don\'t have an account? <a href="/sign-up" class="text-decoration-none">Sign up</a></p>\n                    </div>\n                </div>\n            </div>\n        </div>\n    </div>\n</div>\n\n</div>\n\n<script src="https://code.jquery.com/jquery-3.5.1.min.js"></script>\n<script src="https://cdnjs.cloudflare.com/ajax/libs/popper.js/1.16.0/umd/popper.min.js"></script>\n<script src="https://stackpath.bootstrapcdn.com/bootstrap/4.5.0/js/bootstrap.min.js"></script>\n<script src="/static/index.js"></script> <!-- Add your custom JavaScript file -->\n</body>\n</html>'
2024-07-07 15:36:23,535 - DEBUG - Follow response status code: 200
2024-07-07 15:36:23,535 - DEBUG - Follow response status code: 200
2024-07-07 15:36:23,535 - DEBUG - Follow response data is : b'<!DOCTYPE html>\n<html lang="en">\n<head>\n    <meta charset="UTF-8">\n    <meta name="viewport" content="width=device-width, initial-scale=1.0">\n    <title>Log In</title>\n    <link rel="stylesheet" href="https://stackpath.bootstrapcdn.com/bootstrap/4.4.1/css/bootstrap.min.css" integrity="sha384-Vkoo8x4CGsO3+Hhxv8T/Q5PaXtkKtu6ug5TOeNV6gBiFeWPGFN9MuhOf23Q9Ifjh" crossorigin="anonymous">\n    <link rel="stylesheet" href="https://stackpath.bootstrapcdn.com/font-awesome/4.7.0/css/font-awesome.min.css">\n    <link rel="stylesheet" href="/static/styles.css"> <!-- Add your custom CSS file -->\n    <style>\n        body {\n            background-color: #f8f9fa;\n        }\n        .navbar {\n            background-color: #343a40;\n            border-bottom: 1px solid #343a40;\n        }\n        .navbar-brand {\n            font-size: 1.5rem;\n            color: #ffffff;\n            font-weight: bold;\n        }\n        .navbar-nav .nav-item .nav-link {\n            color: #ffffff;\n            font-weight: bold;\n        }\n        .navbar-toggler-icon {\n            background-color: #ffffff;\n        }\n        .container {\n            margin-top: 20px;\n        }\n    </style>\n</head>\n<body>\n\n<nav class="navbar navbar-expand-lg navbar-dark">\n    <div class="container">\n        <a class="navbar-brand" href="/">REST API APP</a>\n        <button class="navbar-toggler" type="button" data-toggle="collapse" data-target="#navbar">\n            <span class="navbar-toggler-icon"></span>\n        </button>\n        <div class="collapse navbar-collapse" id="navbar">\n            <ul class="navbar-nav ml-auto">\n                \n                <li class="nav-item">\n                    <a class="nav-link" id="login" href="/login">Login</a>\n                </li>\n                <li class="nav-item">\n                    <a class="nav-link" id="signUp" href="/sign-up">Sign Up</a>\n                </li>\n\n                \n            </ul>\n        </div>\n    </div>\n</nav>\n\n\n\n    <div class="container mt-4">\n        \n            <div class="alert alert-success alert-dismissible fade show" role="alert">\n                Your account has been created successfully!\n                <button type="button" class="close" data-dismiss="alert" aria-label="Close">\n                    <span aria-hidden="true">&times;</span>\n                </button>\n            </div>\n        \n    </div>\n\n\n\n<div class="container">\n    \n<div class="container mt-5">\n    <div class="row justify-content-center">\n        <div class="col-lg-6 col-md-8">\n            <div class="card border-0 shadow-lg">\n                <div class="card-body p-5">\n                    <h2 class="text-center mb-4">Log In</h2>\n                    <form method="POST">\n                        <input id="csrf_token" name="csrf_token" type="hidden" value="ImIwNDYyYTFkZmZiMmNiN2Q5MjMxZjM0MTM2OTRkMjA3ZTRhMWYzN2Mi.ZoqZ1w.WxB7obfre8a8pmNHYfSutybQlEo">\n                        <div class="form-group">\n                            <label for="email">Email</label>\n                            <input class="form-control rounded-pill py-3" id="email" name="email" placeholder="Enter your email" required type="text" value="">\n                            \n                        </div>\n                        <div class="form-group">\n                            <label for="password">Password</label>\n                            <input class="form-control rounded-pill py-3" id="password" name="password" required type="password" value="">\n                            \n                        </div>\n                        <button type="submit" class="btn btn-primary btn-block rounded-pill py-3">Log In</button>\n                    </form>\n                    <div class="text-center mt-4">\n                        <p class="mb-0">Don\'t have an account? <a href="/sign-up" class="text-decoration-none">Sign up</a></p>\n                    </div>\n                </div>\n            </div>\n        </div>\n    </div>\n</div>\n\n</div>\n\n<script src="https://code.jquery.com/jquery-3.5.1.min.js"></script>\n<script src="https://cdnjs.cloudflare.com/ajax/libs/popper.js/1.16.0/umd/popper.min.js"></script>\n<script src="https://stackpath.bootstrapcdn.com/bootstrap/4.5.0/js/bootstrap.min.js"></script>\n<script src="/static/index.js"></script> <!-- Add your custom JavaScript file -->\n</body>\n</html>'
2024-07-07 15:36:23,535 - DEBUG - Follow response data is : b'<!DOCTYPE html>\n<html lang="en">\n<head>\n    <meta charset="UTF-8">\n    <meta name="viewport" content="width=device-width, initial-scale=1.0">\n    <title>Log In</title>\n    <link rel="stylesheet" href="https://stackpath.bootstrapcdn.com/bootstrap/4.4.1/css/bootstrap.min.css" integrity="sha384-Vkoo8x4CGsO3+Hhxv8T/Q5PaXtkKtu6ug5TOeNV6gBiFeWPGFN9MuhOf23Q9Ifjh" crossorigin="anonymous">\n    <link rel="stylesheet" href="https://stackpath.bootstrapcdn.com/font-awesome/4.7.0/css/font-awesome.min.css">\n    <link rel="stylesheet" href="/static/styles.css"> <!-- Add your custom CSS file -->\n    <style>\n        body {\n            background-color: #f8f9fa;\n        }\n        .navbar {\n            background-color: #343a40;\n            border-bottom: 1px solid #343a40;\n        }\n        .navbar-brand {\n            font-size: 1.5rem;\n            color: #ffffff;\n            font-weight: bold;\n        }\n        .navbar-nav .nav-item .nav-link {\n            color: #ffffff;\n            font-weight: bold;\n        }\n        .navbar-toggler-icon {\n            background-color: #ffffff;\n        }\n        .container {\n            margin-top: 20px;\n        }\n    </style>\n</head>\n<body>\n\n<nav class="navbar navbar-expand-lg navbar-dark">\n    <div class="container">\n        <a class="navbar-brand" href="/">REST API APP</a>\n        <button class="navbar-toggler" type="button" data-toggle="collapse" data-target="#navbar">\n            <span class="navbar-toggler-icon"></span>\n        </button>\n        <div class="collapse navbar-collapse" id="navbar">\n            <ul class="navbar-nav ml-auto">\n                \n                <li class="nav-item">\n                    <a class="nav-link" id="login" href="/login">Login</a>\n                </li>\n                <li class="nav-item">\n                    <a class="nav-link" id="signUp" href="/sign-up">Sign Up</a>\n                </li>\n\n                \n            </ul>\n        </div>\n    </div>\n</nav>\n\n\n\n    <div class="container mt-4">\n        \n            <div class="alert alert-success alert-dismissible fade show" role="alert">\n                Your account has been created successfully!\n                <button type="button" class="close" data-dismiss="alert" aria-label="Close">\n                    <span aria-hidden="true">&times;</span>\n                </button>\n            </div>\n        \n    </div>\n\n\n\n<div class="container">\n    \n<div class="container mt-5">\n    <div class="row justify-content-center">\n        <div class="col-lg-6 col-md-8">\n            <div class="card border-0 shadow-lg">\n                <div class="card-body p-5">\n                    <h2 class="text-center mb-4">Log In</h2>\n                    <form method="POST">\n                        <input id="csrf_token" name="csrf_token" type="hidden" value="ImIwNDYyYTFkZmZiMmNiN2Q5MjMxZjM0MTM2OTRkMjA3ZTRhMWYzN2Mi.ZoqZ1w.WxB7obfre8a8pmNHYfSutybQlEo">\n                        <div class="form-group">\n                            <label for="email">Email</label>\n                            <input class="form-control rounded-pill py-3" id="email" name="email" placeholder="Enter your email" required type="text" value="">\n                            \n                        </div>\n                        <div class="form-group">\n                            <label for="password">Password</label>\n                            <input class="form-control rounded-pill py-3" id="password" name="password" required type="password" value="">\n                            \n                        </div>\n                        <button type="submit" class="btn btn-primary btn-block rounded-pill py-3">Log In</button>\n                    </form>\n                    <div class="text-center mt-4">\n                        <p class="mb-0">Don\'t have an account? <a href="/sign-up" class="text-decoration-none">Sign up</a></p>\n                    </div>\n                </div>\n            </div>\n        </div>\n    </div>\n</div>\n\n</div>\n\n<script src="https://code.jquery.com/jquery-3.5.1.min.js"></script>\n<script src="https://cdnjs.cloudflare.com/ajax/libs/popper.js/1.16.0/umd/popper.min.js"></script>\n<script src="https://stackpath.bootstrapcdn.com/bootstrap/4.5.0/js/bootstrap.min.js"></script>\n<script src="/static/index.js"></script> <!-- Add your custom JavaScript file -->\n</body>\n</html>'
2024-07-07 15:38:11,413 - DEBUG - Follow response status code: 200
2024-07-07 15:38:11,413 - DEBUG - Follow response status code: 200
2024-07-07 15:38:11,414 - DEBUG - Follow response data is : b'<!DOCTYPE html>\n<html lang="en">\n<head>\n    <meta charset="UTF-8">\n    <meta name="viewport" content="width=device-width, initial-scale=1.0">\n    <title>Log In</title>\n    <link rel="stylesheet" href="https://stackpath.bootstrapcdn.com/bootstrap/4.4.1/css/bootstrap.min.css" integrity="sha384-Vkoo8x4CGsO3+Hhxv8T/Q5PaXtkKtu6ug5TOeNV6gBiFeWPGFN9MuhOf23Q9Ifjh" crossorigin="anonymous">\n    <link rel="stylesheet" href="https://stackpath.bootstrapcdn.com/font-awesome/4.7.0/css/font-awesome.min.css">\n    <link rel="stylesheet" href="/static/styles.css"> <!-- Add your custom CSS file -->\n    <style>\n        body {\n            background-color: #f8f9fa;\n        }\n        .navbar {\n            background-color: #343a40;\n            border-bottom: 1px solid #343a40;\n        }\n        .navbar-brand {\n            font-size: 1.5rem;\n            color: #ffffff;\n            font-weight: bold;\n        }\n        .navbar-nav .nav-item .nav-link {\n            color: #ffffff;\n            font-weight: bold;\n        }\n        .navbar-toggler-icon {\n            background-color: #ffffff;\n        }\n        .container {\n            margin-top: 20px;\n        }\n    </style>\n</head>\n<body>\n\n<nav class="navbar navbar-expand-lg navbar-dark">\n    <div class="container">\n        <a class="navbar-brand" href="/">REST API APP</a>\n        <button class="navbar-toggler" type="button" data-toggle="collapse" data-target="#navbar">\n            <span class="navbar-toggler-icon"></span>\n        </button>\n        <div class="collapse navbar-collapse" id="navbar">\n            <ul class="navbar-nav ml-auto">\n                \n                <li class="nav-item">\n                    <a class="nav-link" id="login" href="/login">Login</a>\n                </li>\n                <li class="nav-item">\n                    <a class="nav-link" id="signUp" href="/sign-up">Sign Up</a>\n                </li>\n\n                \n            </ul>\n        </div>\n    </div>\n</nav>\n\n\n\n    <div class="container mt-4">\n        \n            <div class="alert alert-success alert-dismissible fade show" role="alert">\n                Your account has been created successfully!\n                <button type="button" class="close" data-dismiss="alert" aria-label="Close">\n                    <span aria-hidden="true">&times;</span>\n                </button>\n            </div>\n        \n    </div>\n\n\n\n<div class="container">\n    \n<div class="container mt-5">\n    <div class="row justify-content-center">\n        <div class="col-lg-6 col-md-8">\n            <div class="card border-0 shadow-lg">\n                <div class="card-body p-5">\n                    <h2 class="text-center mb-4">Log In</h2>\n                    <form method="POST">\n                        <input id="csrf_token" name="csrf_token" type="hidden" value="ImM3ZDZmMmYzNWQ2YTU2NGZkNzJhZTNkNDg4YTc1NTM0ZjIyN2RmMDYi.ZoqaQw.4KEzRbEN9G9r2zR_JqBx8Z4a96M">\n                        <div class="form-group">\n                            <label for="email">Email</label>\n                            <input class="form-control rounded-pill py-3" id="email" name="email" placeholder="Enter your email" required type="text" value="">\n                            \n                        </div>\n                        <div class="form-group">\n                            <label for="password">Password</label>\n                            <input class="form-control rounded-pill py-3" id="password" name="password" required type="password" value="">\n                            \n                        </div>\n                        <button type="submit" class="btn btn-primary btn-block rounded-pill py-3">Log In</button>\n                    </form>\n                    <div class="text-center mt-4">\n                        <p class="mb-0">Don\'t have an account? <a href="/sign-up" class="text-decoration-none">Sign up</a></p>\n                    </div>\n                </div>\n            </div>\n        </div>\n    </div>\n</div>\n\n</div>\n\n<script src="https://code.jquery.com/jquery-3.5.1.min.js"></script>\n<script src="https://cdnjs.cloudflare.com/ajax/libs/popper.js/1.16.0/umd/popper.min.js"></script>\n<script src="https://stackpath.bootstrapcdn.com/bootstrap/4.5.0/js/bootstrap.min.js"></script>\n<script src="/static/index.js"></script> <!-- Add your custom JavaScript file -->\n</body>\n</html>'
2024-07-07 15:38:11,414 - DEBUG - Follow response data is : b'<!DOCTYPE html>\n<html lang="en">\n<head>\n    <meta charset="UTF-8">\n    <meta name="viewport" content="width=device-width, initial-scale=1.0">\n    <title>Log In</title>\n    <link rel="stylesheet" href="https://stackpath.bootstrapcdn.com/bootstrap/4.4.1/css/bootstrap.min.css" integrity="sha384-Vkoo8x4CGsO3+Hhxv8T/Q5PaXtkKtu6ug5TOeNV6gBiFeWPGFN9MuhOf23Q9Ifjh" crossorigin="anonymous">\n    <link rel="stylesheet" href="https://stackpath.bootstrapcdn.com/font-awesome/4.7.0/css/font-awesome.min.css">\n    <link rel="stylesheet" href="/static/styles.css"> <!-- Add your custom CSS file -->\n    <style>\n        body {\n            background-color: #f8f9fa;\n        }\n        .navbar {\n            background-color: #343a40;\n            border-bottom: 1px solid #343a40;\n        }\n        .navbar-brand {\n            font-size: 1.5rem;\n            color: #ffffff;\n            font-weight: bold;\n        }\n        .navbar-nav .nav-item .nav-link {\n            color: #ffffff;\n            font-weight: bold;\n        }\n        .navbar-toggler-icon {\n            background-color: #ffffff;\n        }\n        .container {\n            margin-top: 20px;\n        }\n    </style>\n</head>\n<body>\n\n<nav class="navbar navbar-expand-lg navbar-dark">\n    <div class="container">\n        <a class="navbar-brand" href="/">REST API APP</a>\n        <button class="navbar-toggler" type="button" data-toggle="collapse" data-target="#navbar">\n            <span class="navbar-toggler-icon"></span>\n        </button>\n        <div class="collapse navbar-collapse" id="navbar">\n            <ul class="navbar-nav ml-auto">\n                \n                <li class="nav-item">\n                    <a class="nav-link" id="login" href="/login">Login</a>\n                </li>\n                <li class="nav-item">\n                    <a class="nav-link" id="signUp" href="/sign-up">Sign Up</a>\n                </li>\n\n                \n            </ul>\n        </div>\n    </div>\n</nav>\n\n\n\n    <div class="container mt-4">\n        \n            <div class="alert alert-success alert-dismissible fade show" role="alert">\n                Your account has been created successfully!\n                <button type="button" class="close" data-dismiss="alert" aria-label="Close">\n                    <span aria-hidden="true">&times;</span>\n                </button>\n            </div>\n        \n    </div>\n\n\n\n<div class="container">\n    \n<div class="container mt-5">\n    <div class="row justify-content-center">\n        <div class="col-lg-6 col-md-8">\n            <div class="card border-0 shadow-lg">\n                <div class="card-body p-5">\n                    <h2 class="text-center mb-4">Log In</h2>\n                    <form method="POST">\n                        <input id="csrf_token" name="csrf_token" type="hidden" value="ImM3ZDZmMmYzNWQ2YTU2NGZkNzJhZTNkNDg4YTc1NTM0ZjIyN2RmMDYi.ZoqaQw.4KEzRbEN9G9r2zR_JqBx8Z4a96M">\n                        <div class="form-group">\n                            <label for="email">Email</label>\n                            <input class="form-control rounded-pill py-3" id="email" name="email" placeholder="Enter your email" required type="text" value="">\n                            \n                        </div>\n                        <div class="form-group">\n                            <label for="password">Password</label>\n                            <input class="form-control rounded-pill py-3" id="password" name="password" required type="password" value="">\n                            \n                        </div>\n                        <button type="submit" class="btn btn-primary btn-block rounded-pill py-3">Log In</button>\n                    </form>\n                    <div class="text-center mt-4">\n                        <p class="mb-0">Don\'t have an account? <a href="/sign-up" class="text-decoration-none">Sign up</a></p>\n                    </div>\n                </div>\n            </div>\n        </div>\n    </div>\n</div>\n\n</div>\n\n<script src="https://code.jquery.com/jquery-3.5.1.min.js"></script>\n<script src="https://cdnjs.cloudflare.com/ajax/libs/popper.js/1.16.0/umd/popper.min.js"></script>\n<script src="https://stackpath.bootstrapcdn.com/bootstrap/4.5.0/js/bootstrap.min.js"></script>\n<script src="/static/index.js"></script> <!-- Add your custom JavaScript file -->\n</body>\n</html>'
2024-07-07 15:42:00,920 - DEBUG - Follow response status code: 200
2024-07-07 15:42:00,920 - DEBUG - Follow response status code: 200
2024-07-07 15:42:00,921 - DEBUG - Follow response data is : b'<!DOCTYPE html>\n<html lang="en">\n<head>\n    <meta charset="UTF-8">\n    <meta name="viewport" content="width=device-width, initial-scale=1.0">\n    <title>Log In</title>\n    <link rel="stylesheet" href="https://stackpath.bootstrapcdn.com/bootstrap/4.4.1/css/bootstrap.min.css" integrity="sha384-Vkoo8x4CGsO3+Hhxv8T/Q5PaXtkKtu6ug5TOeNV6gBiFeWPGFN9MuhOf23Q9Ifjh" crossorigin="anonymous">\n    <link rel="stylesheet" href="https://stackpath.bootstrapcdn.com/font-awesome/4.7.0/css/font-awesome.min.css">\n    <link rel="stylesheet" href="/static/styles.css"> <!-- Add your custom CSS file -->\n    <style>\n        body {\n            background-color: #f8f9fa;\n        }\n        .navbar {\n            background-color: #343a40;\n            border-bottom: 1px solid #343a40;\n        }\n        .navbar-brand {\n            font-size: 1.5rem;\n            color: #ffffff;\n            font-weight: bold;\n        }\n        .navbar-nav .nav-item .nav-link {\n            color: #ffffff;\n            font-weight: bold;\n        }\n        .navbar-toggler-icon {\n            background-color: #ffffff;\n        }\n        .container {\n            margin-top: 20px;\n        }\n    </style>\n</head>\n<body>\n\n<nav class="navbar navbar-expand-lg navbar-dark">\n    <div class="container">\n        <a class="navbar-brand" href="/">REST API APP</a>\n        <button class="navbar-toggler" type="button" data-toggle="collapse" data-target="#navbar">\n            <span class="navbar-toggler-icon"></span>\n        </button>\n        <div class="collapse navbar-collapse" id="navbar">\n            <ul class="navbar-nav ml-auto">\n                \n                <li class="nav-item">\n                    <a class="nav-link" id="login" href="/login">Login</a>\n                </li>\n                <li class="nav-item">\n                    <a class="nav-link" id="signUp" href="/sign-up">Sign Up</a>\n                </li>\n\n                \n            </ul>\n        </div>\n    </div>\n</nav>\n\n\n\n    <div class="container mt-4">\n        \n            <div class="alert alert-success alert-dismissible fade show" role="alert">\n                Your account has been created successfully!\n                <button type="button" class="close" data-dismiss="alert" aria-label="Close">\n                    <span aria-hidden="true">&times;</span>\n                </button>\n            </div>\n        \n    </div>\n\n\n\n<div class="container">\n    \n<div class="container mt-5">\n    <div class="row justify-content-center">\n        <div class="col-lg-6 col-md-8">\n            <div class="card border-0 shadow-lg">\n                <div class="card-body p-5">\n                    <h2 class="text-center mb-4">Log In</h2>\n                    <form method="POST">\n                        <input id="csrf_token" name="csrf_token" type="hidden" value="IjVmNTFjMmViZjA5Mzk0ZTc1YzFmNWY1OTZjNzcxMzg4MmUwN2ZhODMi.ZoqbKA.G6GbpIVnrF3Po728LgtDj6NfVBE">\n                        <div class="form-group">\n                            <label for="email">Email</label>\n                            <input class="form-control rounded-pill py-3" id="email" name="email" placeholder="Enter your email" required type="text" value="">\n                            \n                        </div>\n                        <div class="form-group">\n                            <label for="password">Password</label>\n                            <input class="form-control rounded-pill py-3" id="password" name="password" required type="password" value="">\n                            \n                        </div>\n                        <button type="submit" class="btn btn-primary btn-block rounded-pill py-3">Log In</button>\n                    </form>\n                    <div class="text-center mt-4">\n                        <p class="mb-0">Don\'t have an account? <a href="/sign-up" class="text-decoration-none">Sign up</a></p>\n                    </div>\n                </div>\n            </div>\n        </div>\n    </div>\n</div>\n\n</div>\n\n<script src="https://code.jquery.com/jquery-3.5.1.min.js"></script>\n<script src="https://cdnjs.cloudflare.com/ajax/libs/popper.js/1.16.0/umd/popper.min.js"></script>\n<script src="https://stackpath.bootstrapcdn.com/bootstrap/4.5.0/js/bootstrap.min.js"></script>\n<script src="/static/index.js"></script> <!-- Add your custom JavaScript file -->\n</body>\n</html>'
2024-07-07 15:42:00,921 - DEBUG - Follow response data is : b'<!DOCTYPE html>\n<html lang="en">\n<head>\n    <meta charset="UTF-8">\n    <meta name="viewport" content="width=device-width, initial-scale=1.0">\n    <title>Log In</title>\n    <link rel="stylesheet" href="https://stackpath.bootstrapcdn.com/bootstrap/4.4.1/css/bootstrap.min.css" integrity="sha384-Vkoo8x4CGsO3+Hhxv8T/Q5PaXtkKtu6ug5TOeNV6gBiFeWPGFN9MuhOf23Q9Ifjh" crossorigin="anonymous">\n    <link rel="stylesheet" href="https://stackpath.bootstrapcdn.com/font-awesome/4.7.0/css/font-awesome.min.css">\n    <link rel="stylesheet" href="/static/styles.css"> <!-- Add your custom CSS file -->\n    <style>\n        body {\n            background-color: #f8f9fa;\n        }\n        .navbar {\n            background-color: #343a40;\n            border-bottom: 1px solid #343a40;\n        }\n        .navbar-brand {\n            font-size: 1.5rem;\n            color: #ffffff;\n            font-weight: bold;\n        }\n        .navbar-nav .nav-item .nav-link {\n            color: #ffffff;\n            font-weight: bold;\n        }\n        .navbar-toggler-icon {\n            background-color: #ffffff;\n        }\n        .container {\n            margin-top: 20px;\n        }\n    </style>\n</head>\n<body>\n\n<nav class="navbar navbar-expand-lg navbar-dark">\n    <div class="container">\n        <a class="navbar-brand" href="/">REST API APP</a>\n        <button class="navbar-toggler" type="button" data-toggle="collapse" data-target="#navbar">\n            <span class="navbar-toggler-icon"></span>\n        </button>\n        <div class="collapse navbar-collapse" id="navbar">\n            <ul class="navbar-nav ml-auto">\n                \n                <li class="nav-item">\n                    <a class="nav-link" id="login" href="/login">Login</a>\n                </li>\n                <li class="nav-item">\n                    <a class="nav-link" id="signUp" href="/sign-up">Sign Up</a>\n                </li>\n\n                \n            </ul>\n        </div>\n    </div>\n</nav>\n\n\n\n    <div class="container mt-4">\n        \n            <div class="alert alert-success alert-dismissible fade show" role="alert">\n                Your account has been created successfully!\n                <button type="button" class="close" data-dismiss="alert" aria-label="Close">\n                    <span aria-hidden="true">&times;</span>\n                </button>\n            </div>\n        \n    </div>\n\n\n\n<div class="container">\n    \n<div class="container mt-5">\n    <div class="row justify-content-center">\n        <div class="col-lg-6 col-md-8">\n            <div class="card border-0 shadow-lg">\n                <div class="card-body p-5">\n                    <h2 class="text-center mb-4">Log In</h2>\n                    <form method="POST">\n                        <input id="csrf_token" name="csrf_token" type="hidden" value="IjVmNTFjMmViZjA5Mzk0ZTc1YzFmNWY1OTZjNzcxMzg4MmUwN2ZhODMi.ZoqbKA.G6GbpIVnrF3Po728LgtDj6NfVBE">\n                        <div class="form-group">\n                            <label for="email">Email</label>\n                            <input class="form-control rounded-pill py-3" id="email" name="email" placeholder="Enter your email" required type="text" value="">\n                            \n                        </div>\n                        <div class="form-group">\n                            <label for="password">Password</label>\n                            <input class="form-control rounded-pill py-3" id="password" name="password" required type="password" value="">\n                            \n                        </div>\n                        <button type="submit" class="btn btn-primary btn-block rounded-pill py-3">Log In</button>\n                    </form>\n                    <div class="text-center mt-4">\n                        <p class="mb-0">Don\'t have an account? <a href="/sign-up" class="text-decoration-none">Sign up</a></p>\n                    </div>\n                </div>\n            </div>\n        </div>\n    </div>\n</div>\n\n</div>\n\n<script src="https://code.jquery.com/jquery-3.5.1.min.js"></script>\n<script src="https://cdnjs.cloudflare.com/ajax/libs/popper.js/1.16.0/umd/popper.min.js"></script>\n<script src="https://stackpath.bootstrapcdn.com/bootstrap/4.5.0/js/bootstrap.min.js"></script>\n<script src="/static/index.js"></script> <!-- Add your custom JavaScript file -->\n</body>\n</html>'
2024-07-07 15:42:16,532 - DEBUG - Follow response status code: 200
2024-07-07 15:42:16,532 - DEBUG - Follow response status code: 200
2024-07-07 15:42:16,532 - DEBUG - Follow response data is : b'<!DOCTYPE html>\n<html lang="en">\n<head>\n    <meta charset="UTF-8">\n    <meta name="viewport" content="width=device-width, initial-scale=1.0">\n    <title>Log In</title>\n    <link rel="stylesheet" href="https://stackpath.bootstrapcdn.com/bootstrap/4.4.1/css/bootstrap.min.css" integrity="sha384-Vkoo8x4CGsO3+Hhxv8T/Q5PaXtkKtu6ug5TOeNV6gBiFeWPGFN9MuhOf23Q9Ifjh" crossorigin="anonymous">\n    <link rel="stylesheet" href="https://stackpath.bootstrapcdn.com/font-awesome/4.7.0/css/font-awesome.min.css">\n    <link rel="stylesheet" href="/static/styles.css"> <!-- Add your custom CSS file -->\n    <style>\n        body {\n            background-color: #f8f9fa;\n        }\n        .navbar {\n            background-color: #343a40;\n            border-bottom: 1px solid #343a40;\n        }\n        .navbar-brand {\n            font-size: 1.5rem;\n            color: #ffffff;\n            font-weight: bold;\n        }\n        .navbar-nav .nav-item .nav-link {\n            color: #ffffff;\n            font-weight: bold;\n        }\n        .navbar-toggler-icon {\n            background-color: #ffffff;\n        }\n        .container {\n            margin-top: 20px;\n        }\n    </style>\n</head>\n<body>\n\n<nav class="navbar navbar-expand-lg navbar-dark">\n    <div class="container">\n        <a class="navbar-brand" href="/">REST API APP</a>\n        <button class="navbar-toggler" type="button" data-toggle="collapse" data-target="#navbar">\n            <span class="navbar-toggler-icon"></span>\n        </button>\n        <div class="collapse navbar-collapse" id="navbar">\n            <ul class="navbar-nav ml-auto">\n                \n                <li class="nav-item">\n                    <a class="nav-link" id="login" href="/login">Login</a>\n                </li>\n                <li class="nav-item">\n                    <a class="nav-link" id="signUp" href="/sign-up">Sign Up</a>\n                </li>\n\n                \n            </ul>\n        </div>\n    </div>\n</nav>\n\n\n\n    <div class="container mt-4">\n        \n            <div class="alert alert-success alert-dismissible fade show" role="alert">\n                Your account has been created successfully!\n                <button type="button" class="close" data-dismiss="alert" aria-label="Close">\n                    <span aria-hidden="true">&times;</span>\n                </button>\n            </div>\n        \n    </div>\n\n\n\n<div class="container">\n    \n<div class="container mt-5">\n    <div class="row justify-content-center">\n        <div class="col-lg-6 col-md-8">\n            <div class="card border-0 shadow-lg">\n                <div class="card-body p-5">\n                    <h2 class="text-center mb-4">Log In</h2>\n                    <form method="POST">\n                        <input id="csrf_token" name="csrf_token" type="hidden" value="ImI4NzYwNzM5ZDM1ZTRhM2Y2ZmJjYjgyMGZkNTFmNDU4MzQ5YjYwYTci.ZoqbOA.3qgI2xgMmLSGkWNKlWHkk7QMiMQ">\n                        <div class="form-group">\n                            <label for="email">Email</label>\n                            <input class="form-control rounded-pill py-3" id="email" name="email" placeholder="Enter your email" required type="text" value="">\n                            \n                        </div>\n                        <div class="form-group">\n                            <label for="password">Password</label>\n                            <input class="form-control rounded-pill py-3" id="password" name="password" required type="password" value="">\n                            \n                        </div>\n                        <button type="submit" class="btn btn-primary btn-block rounded-pill py-3">Log In</button>\n                    </form>\n                    <div class="text-center mt-4">\n                        <p class="mb-0">Don\'t have an account? <a href="/sign-up" class="text-decoration-none">Sign up</a></p>\n                    </div>\n                </div>\n            </div>\n        </div>\n    </div>\n</div>\n\n</div>\n\n<script src="https://code.jquery.com/jquery-3.5.1.min.js"></script>\n<script src="https://cdnjs.cloudflare.com/ajax/libs/popper.js/1.16.0/umd/popper.min.js"></script>\n<script src="https://stackpath.bootstrapcdn.com/bootstrap/4.5.0/js/bootstrap.min.js"></script>\n<script src="/static/index.js"></script> <!-- Add your custom JavaScript file -->\n</body>\n</html>'
2024-07-07 15:42:16,532 - DEBUG - Follow response data is : b'<!DOCTYPE html>\n<html lang="en">\n<head>\n    <meta charset="UTF-8">\n    <meta name="viewport" content="width=device-width, initial-scale=1.0">\n    <title>Log In</title>\n    <link rel="stylesheet" href="https://stackpath.bootstrapcdn.com/bootstrap/4.4.1/css/bootstrap.min.css" integrity="sha384-Vkoo8x4CGsO3+Hhxv8T/Q5PaXtkKtu6ug5TOeNV6gBiFeWPGFN9MuhOf23Q9Ifjh" crossorigin="anonymous">\n    <link rel="stylesheet" href="https://stackpath.bootstrapcdn.com/font-awesome/4.7.0/css/font-awesome.min.css">\n    <link rel="stylesheet" href="/static/styles.css"> <!-- Add your custom CSS file -->\n    <style>\n        body {\n            background-color: #f8f9fa;\n        }\n        .navbar {\n            background-color: #343a40;\n            border-bottom: 1px solid #343a40;\n        }\n        .navbar-brand {\n            font-size: 1.5rem;\n            color: #ffffff;\n            font-weight: bold;\n        }\n        .navbar-nav .nav-item .nav-link {\n            color: #ffffff;\n            font-weight: bold;\n        }\n        .navbar-toggler-icon {\n            background-color: #ffffff;\n        }\n        .container {\n            margin-top: 20px;\n        }\n    </style>\n</head>\n<body>\n\n<nav class="navbar navbar-expand-lg navbar-dark">\n    <div class="container">\n        <a class="navbar-brand" href="/">REST API APP</a>\n        <button class="navbar-toggler" type="button" data-toggle="collapse" data-target="#navbar">\n            <span class="navbar-toggler-icon"></span>\n        </button>\n        <div class="collapse navbar-collapse" id="navbar">\n            <ul class="navbar-nav ml-auto">\n                \n                <li class="nav-item">\n                    <a class="nav-link" id="login" href="/login">Login</a>\n                </li>\n                <li class="nav-item">\n                    <a class="nav-link" id="signUp" href="/sign-up">Sign Up</a>\n                </li>\n\n                \n            </ul>\n        </div>\n    </div>\n</nav>\n\n\n\n    <div class="container mt-4">\n        \n            <div class="alert alert-success alert-dismissible fade show" role="alert">\n                Your account has been created successfully!\n                <button type="button" class="close" data-dismiss="alert" aria-label="Close">\n                    <span aria-hidden="true">&times;</span>\n                </button>\n            </div>\n        \n    </div>\n\n\n\n<div class="container">\n    \n<div class="container mt-5">\n    <div class="row justify-content-center">\n        <div class="col-lg-6 col-md-8">\n            <div class="card border-0 shadow-lg">\n                <div class="card-body p-5">\n                    <h2 class="text-center mb-4">Log In</h2>\n                    <form method="POST">\n                        <input id="csrf_token" name="csrf_token" type="hidden" value="ImI4NzYwNzM5ZDM1ZTRhM2Y2ZmJjYjgyMGZkNTFmNDU4MzQ5YjYwYTci.ZoqbOA.3qgI2xgMmLSGkWNKlWHkk7QMiMQ">\n                        <div class="form-group">\n                            <label for="email">Email</label>\n                            <input class="form-control rounded-pill py-3" id="email" name="email" placeholder="Enter your email" required type="text" value="">\n                            \n                        </div>\n                        <div class="form-group">\n                            <label for="password">Password</label>\n                            <input class="form-control rounded-pill py-3" id="password" name="password" required type="password" value="">\n                            \n                        </div>\n                        <button type="submit" class="btn btn-primary btn-block rounded-pill py-3">Log In</button>\n                    </form>\n                    <div class="text-center mt-4">\n                        <p class="mb-0">Don\'t have an account? <a href="/sign-up" class="text-decoration-none">Sign up</a></p>\n                    </div>\n                </div>\n            </div>\n        </div>\n    </div>\n</div>\n\n</div>\n\n<script src="https://code.jquery.com/jquery-3.5.1.min.js"></script>\n<script src="https://cdnjs.cloudflare.com/ajax/libs/popper.js/1.16.0/umd/popper.min.js"></script>\n<script src="https://stackpath.bootstrapcdn.com/bootstrap/4.5.0/js/bootstrap.min.js"></script>\n<script src="/static/index.js"></script> <!-- Add your custom JavaScript file -->\n</body>\n</html>'
2024-07-07 15:42:26,136 - DEBUG - Follow response status code: 200
2024-07-07 15:42:26,136 - DEBUG - Follow response status code: 200
2024-07-07 15:42:26,136 - DEBUG - Follow response data is : b'<!DOCTYPE html>\n<html lang="en">\n<head>\n    <meta charset="UTF-8">\n    <meta name="viewport" content="width=device-width, initial-scale=1.0">\n    <title>Log In</title>\n    <link rel="stylesheet" href="https://stackpath.bootstrapcdn.com/bootstrap/4.4.1/css/bootstrap.min.css" integrity="sha384-Vkoo8x4CGsO3+Hhxv8T/Q5PaXtkKtu6ug5TOeNV6gBiFeWPGFN9MuhOf23Q9Ifjh" crossorigin="anonymous">\n    <link rel="stylesheet" href="https://stackpath.bootstrapcdn.com/font-awesome/4.7.0/css/font-awesome.min.css">\n    <link rel="stylesheet" href="/static/styles.css"> <!-- Add your custom CSS file -->\n    <style>\n        body {\n            background-color: #f8f9fa;\n        }\n        .navbar {\n            background-color: #343a40;\n            border-bottom: 1px solid #343a40;\n        }\n        .navbar-brand {\n            font-size: 1.5rem;\n            color: #ffffff;\n            font-weight: bold;\n        }\n        .navbar-nav .nav-item .nav-link {\n            color: #ffffff;\n            font-weight: bold;\n        }\n        .navbar-toggler-icon {\n            background-color: #ffffff;\n        }\n        .container {\n            margin-top: 20px;\n        }\n    </style>\n</head>\n<body>\n\n<nav class="navbar navbar-expand-lg navbar-dark">\n    <div class="container">\n        <a class="navbar-brand" href="/">REST API APP</a>\n        <button class="navbar-toggler" type="button" data-toggle="collapse" data-target="#navbar">\n            <span class="navbar-toggler-icon"></span>\n        </button>\n        <div class="collapse navbar-collapse" id="navbar">\n            <ul class="navbar-nav ml-auto">\n                \n                <li class="nav-item">\n                    <a class="nav-link" id="login" href="/login">Login</a>\n                </li>\n                <li class="nav-item">\n                    <a class="nav-link" id="signUp" href="/sign-up">Sign Up</a>\n                </li>\n\n                \n            </ul>\n        </div>\n    </div>\n</nav>\n\n\n\n    <div class="container mt-4">\n        \n            <div class="alert alert-success alert-dismissible fade show" role="alert">\n                Your account has been created successfully!\n                <button type="button" class="close" data-dismiss="alert" aria-label="Close">\n                    <span aria-hidden="true">&times;</span>\n                </button>\n            </div>\n        \n    </div>\n\n\n\n<div class="container">\n    \n<div class="container mt-5">\n    <div class="row justify-content-center">\n        <div class="col-lg-6 col-md-8">\n            <div class="card border-0 shadow-lg">\n                <div class="card-body p-5">\n                    <h2 class="text-center mb-4">Log In</h2>\n                    <form method="POST">\n                        <input id="csrf_token" name="csrf_token" type="hidden" value="IjZhZGU0M2I2N2ZiMWU2NGQ4MzlkMmY2ZmYwYzJjMjRiNmVjZDY1NTYi.ZoqbQQ.qNDakZY8TzYrYpQiSTvuH33d07s">\n                        <div class="form-group">\n                            <label for="email">Email</label>\n                            <input class="form-control rounded-pill py-3" id="email" name="email" placeholder="Enter your email" required type="text" value="">\n                            \n                        </div>\n                        <div class="form-group">\n                            <label for="password">Password</label>\n                            <input class="form-control rounded-pill py-3" id="password" name="password" required type="password" value="">\n                            \n                        </div>\n                        <button type="submit" class="btn btn-primary btn-block rounded-pill py-3">Log In</button>\n                    </form>\n                    <div class="text-center mt-4">\n                        <p class="mb-0">Don\'t have an account? <a href="/sign-up" class="text-decoration-none">Sign up</a></p>\n                    </div>\n                </div>\n            </div>\n        </div>\n    </div>\n</div>\n\n</div>\n\n<script src="https://code.jquery.com/jquery-3.5.1.min.js"></script>\n<script src="https://cdnjs.cloudflare.com/ajax/libs/popper.js/1.16.0/umd/popper.min.js"></script>\n<script src="https://stackpath.bootstrapcdn.com/bootstrap/4.5.0/js/bootstrap.min.js"></script>\n<script src="/static/index.js"></script> <!-- Add your custom JavaScript file -->\n</body>\n</html>'
2024-07-07 15:42:26,136 - DEBUG - Follow response data is : b'<!DOCTYPE html>\n<html lang="en">\n<head>\n    <meta charset="UTF-8">\n    <meta name="viewport" content="width=device-width, initial-scale=1.0">\n    <title>Log In</title>\n    <link rel="stylesheet" href="https://stackpath.bootstrapcdn.com/bootstrap/4.4.1/css/bootstrap.min.css" integrity="sha384-Vkoo8x4CGsO3+Hhxv8T/Q5PaXtkKtu6ug5TOeNV6gBiFeWPGFN9MuhOf23Q9Ifjh" crossorigin="anonymous">\n    <link rel="stylesheet" href="https://stackpath.bootstrapcdn.com/font-awesome/4.7.0/css/font-awesome.min.css">\n    <link rel="stylesheet" href="/static/styles.css"> <!-- Add your custom CSS file -->\n    <style>\n        body {\n            background-color: #f8f9fa;\n        }\n        .navbar {\n            background-color: #343a40;\n            border-bottom: 1px solid #343a40;\n        }\n        .navbar-brand {\n            font-size: 1.5rem;\n            color: #ffffff;\n            font-weight: bold;\n        }\n        .navbar-nav .nav-item .nav-link {\n            color: #ffffff;\n            font-weight: bold;\n        }\n        .navbar-toggler-icon {\n            background-color: #ffffff;\n        }\n        .container {\n            margin-top: 20px;\n        }\n    </style>\n</head>\n<body>\n\n<nav class="navbar navbar-expand-lg navbar-dark">\n    <div class="container">\n        <a class="navbar-brand" href="/">REST API APP</a>\n        <button class="navbar-toggler" type="button" data-toggle="collapse" data-target="#navbar">\n            <span class="navbar-toggler-icon"></span>\n        </button>\n        <div class="collapse navbar-collapse" id="navbar">\n            <ul class="navbar-nav ml-auto">\n                \n                <li class="nav-item">\n                    <a class="nav-link" id="login" href="/login">Login</a>\n                </li>\n                <li class="nav-item">\n                    <a class="nav-link" id="signUp" href="/sign-up">Sign Up</a>\n                </li>\n\n                \n            </ul>\n        </div>\n    </div>\n</nav>\n\n\n\n    <div class="container mt-4">\n        \n            <div class="alert alert-success alert-dismissible fade show" role="alert">\n                Your account has been created successfully!\n                <button type="button" class="close" data-dismiss="alert" aria-label="Close">\n                    <span aria-hidden="true">&times;</span>\n                </button>\n            </div>\n        \n    </div>\n\n\n\n<div class="container">\n    \n<div class="container mt-5">\n    <div class="row justify-content-center">\n        <div class="col-lg-6 col-md-8">\n            <div class="card border-0 shadow-lg">\n                <div class="card-body p-5">\n                    <h2 class="text-center mb-4">Log In</h2>\n                    <form method="POST">\n                        <input id="csrf_token" name="csrf_token" type="hidden" value="IjZhZGU0M2I2N2ZiMWU2NGQ4MzlkMmY2ZmYwYzJjMjRiNmVjZDY1NTYi.ZoqbQQ.qNDakZY8TzYrYpQiSTvuH33d07s">\n                        <div class="form-group">\n                            <label for="email">Email</label>\n                            <input class="form-control rounded-pill py-3" id="email" name="email" placeholder="Enter your email" required type="text" value="">\n                            \n                        </div>\n                        <div class="form-group">\n                            <label for="password">Password</label>\n                            <input class="form-control rounded-pill py-3" id="password" name="password" required type="password" value="">\n                            \n                        </div>\n                        <button type="submit" class="btn btn-primary btn-block rounded-pill py-3">Log In</button>\n                    </form>\n                    <div class="text-center mt-4">\n                        <p class="mb-0">Don\'t have an account? <a href="/sign-up" class="text-decoration-none">Sign up</a></p>\n                    </div>\n                </div>\n            </div>\n        </div>\n    </div>\n</div>\n\n</div>\n\n<script src="https://code.jquery.com/jquery-3.5.1.min.js"></script>\n<script src="https://cdnjs.cloudflare.com/ajax/libs/popper.js/1.16.0/umd/popper.min.js"></script>\n<script src="https://stackpath.bootstrapcdn.com/bootstrap/4.5.0/js/bootstrap.min.js"></script>\n<script src="/static/index.js"></script> <!-- Add your custom JavaScript file -->\n</body>\n</html>'
2024-07-07 15:57:51,776 - INFO - test_signup started!
2024-07-07 15:57:51,776 - INFO - test_signup started!
2024-07-07 15:57:52,080 - DEBUG - Follow response status code: 200
2024-07-07 15:57:52,080 - DEBUG - Follow response status code: 200
2024-07-07 15:57:52,080 - DEBUG - Follow response data is : b'<!DOCTYPE html>\n<html lang="en">\n<head>\n    <meta charset="UTF-8">\n    <meta name="viewport" content="width=device-width, initial-scale=1.0">\n    <title>Log In</title>\n    <link rel="stylesheet" href="https://stackpath.bootstrapcdn.com/bootstrap/4.4.1/css/bootstrap.min.css" integrity="sha384-Vkoo8x4CGsO3+Hhxv8T/Q5PaXtkKtu6ug5TOeNV6gBiFeWPGFN9MuhOf23Q9Ifjh" crossorigin="anonymous">\n    <link rel="stylesheet" href="https://stackpath.bootstrapcdn.com/font-awesome/4.7.0/css/font-awesome.min.css">\n    <link rel="stylesheet" href="/static/styles.css"> <!-- Add your custom CSS file -->\n    <style>\n        body {\n            background-color: #f8f9fa;\n        }\n        .navbar {\n            background-color: #343a40;\n            border-bottom: 1px solid #343a40;\n        }\n        .navbar-brand {\n            font-size: 1.5rem;\n            color: #ffffff;\n            font-weight: bold;\n        }\n        .navbar-nav .nav-item .nav-link {\n            color: #ffffff;\n            font-weight: bold;\n        }\n        .navbar-toggler-icon {\n            background-color: #ffffff;\n        }\n        .container {\n            margin-top: 20px;\n        }\n    </style>\n</head>\n<body>\n\n<nav class="navbar navbar-expand-lg navbar-dark">\n    <div class="container">\n        <a class="navbar-brand" href="/">REST API APP</a>\n        <button class="navbar-toggler" type="button" data-toggle="collapse" data-target="#navbar">\n            <span class="navbar-toggler-icon"></span>\n        </button>\n        <div class="collapse navbar-collapse" id="navbar">\n            <ul class="navbar-nav ml-auto">\n                \n                <li class="nav-item">\n                    <a class="nav-link" id="login" href="/login">Login</a>\n                </li>\n                <li class="nav-item">\n                    <a class="nav-link" id="signUp" href="/sign-up">Sign Up</a>\n                </li>\n\n                \n            </ul>\n        </div>\n    </div>\n</nav>\n\n\n\n    <div class="container mt-4">\n        \n            <div class="alert alert-success alert-dismissible fade show" role="alert">\n                Your account has been created successfully!\n                <button type="button" class="close" data-dismiss="alert" aria-label="Close">\n                    <span aria-hidden="true">&times;</span>\n                </button>\n            </div>\n        \n    </div>\n\n\n\n<div class="container">\n    \n<div class="container mt-5">\n    <div class="row justify-content-center">\n        <div class="col-lg-6 col-md-8">\n            <div class="card border-0 shadow-lg">\n                <div class="card-body p-5">\n                    <h2 class="text-center mb-4">Log In</h2>\n                    <form method="POST">\n                        <input id="csrf_token" name="csrf_token" type="hidden" value="IjIyZDQ3Y2Y5Zjg0NWRmZTc4NmEwYWIwMDY2YjcxZWIxMWQ3MmQ4ZjIi.Zoqe3w.EtV_mult7nZ0RwT1Wye5-QdMVE8">\n                        <div class="form-group">\n                            <label for="email">Email</label>\n                            <input class="form-control rounded-pill py-3" id="email" name="email" placeholder="Enter your email" required type="text" value="">\n                            \n                        </div>\n                        <div class="form-group">\n                            <label for="password">Password</label>\n                            <input class="form-control rounded-pill py-3" id="password" name="password" required type="password" value="">\n                            \n                        </div>\n                        <button type="submit" class="btn btn-primary btn-block rounded-pill py-3">Log In</button>\n                    </form>\n                    <div class="text-center mt-4">\n                        <p class="mb-0">Don\'t have an account? <a href="/sign-up" class="text-decoration-none">Sign up</a></p>\n                    </div>\n                </div>\n            </div>\n        </div>\n    </div>\n</div>\n\n</div>\n\n<script src="https://code.jquery.com/jquery-3.5.1.min.js"></script>\n<script src="https://cdnjs.cloudflare.com/ajax/libs/popper.js/1.16.0/umd/popper.min.js"></script>\n<script src="https://stackpath.bootstrapcdn.com/bootstrap/4.5.0/js/bootstrap.min.js"></script>\n<script src="/static/index.js"></script> <!-- Add your custom JavaScript file -->\n</body>\n</html>'
2024-07-07 15:57:52,080 - DEBUG - Follow response data is : b'<!DOCTYPE html>\n<html lang="en">\n<head>\n    <meta charset="UTF-8">\n    <meta name="viewport" content="width=device-width, initial-scale=1.0">\n    <title>Log In</title>\n    <link rel="stylesheet" href="https://stackpath.bootstrapcdn.com/bootstrap/4.4.1/css/bootstrap.min.css" integrity="sha384-Vkoo8x4CGsO3+Hhxv8T/Q5PaXtkKtu6ug5TOeNV6gBiFeWPGFN9MuhOf23Q9Ifjh" crossorigin="anonymous">\n    <link rel="stylesheet" href="https://stackpath.bootstrapcdn.com/font-awesome/4.7.0/css/font-awesome.min.css">\n    <link rel="stylesheet" href="/static/styles.css"> <!-- Add your custom CSS file -->\n    <style>\n        body {\n            background-color: #f8f9fa;\n        }\n        .navbar {\n            background-color: #343a40;\n            border-bottom: 1px solid #343a40;\n        }\n        .navbar-brand {\n            font-size: 1.5rem;\n            color: #ffffff;\n            font-weight: bold;\n        }\n        .navbar-nav .nav-item .nav-link {\n            color: #ffffff;\n            font-weight: bold;\n        }\n        .navbar-toggler-icon {\n            background-color: #ffffff;\n        }\n        .container {\n            margin-top: 20px;\n        }\n    </style>\n</head>\n<body>\n\n<nav class="navbar navbar-expand-lg navbar-dark">\n    <div class="container">\n        <a class="navbar-brand" href="/">REST API APP</a>\n        <button class="navbar-toggler" type="button" data-toggle="collapse" data-target="#navbar">\n            <span class="navbar-toggler-icon"></span>\n        </button>\n        <div class="collapse navbar-collapse" id="navbar">\n            <ul class="navbar-nav ml-auto">\n                \n                <li class="nav-item">\n                    <a class="nav-link" id="login" href="/login">Login</a>\n                </li>\n                <li class="nav-item">\n                    <a class="nav-link" id="signUp" href="/sign-up">Sign Up</a>\n                </li>\n\n                \n            </ul>\n        </div>\n    </div>\n</nav>\n\n\n\n    <div class="container mt-4">\n        \n            <div class="alert alert-success alert-dismissible fade show" role="alert">\n                Your account has been created successfully!\n                <button type="button" class="close" data-dismiss="alert" aria-label="Close">\n                    <span aria-hidden="true">&times;</span>\n                </button>\n            </div>\n        \n    </div>\n\n\n\n<div class="container">\n    \n<div class="container mt-5">\n    <div class="row justify-content-center">\n        <div class="col-lg-6 col-md-8">\n            <div class="card border-0 shadow-lg">\n                <div class="card-body p-5">\n                    <h2 class="text-center mb-4">Log In</h2>\n                    <form method="POST">\n                        <input id="csrf_token" name="csrf_token" type="hidden" value="IjIyZDQ3Y2Y5Zjg0NWRmZTc4NmEwYWIwMDY2YjcxZWIxMWQ3MmQ4ZjIi.Zoqe3w.EtV_mult7nZ0RwT1Wye5-QdMVE8">\n                        <div class="form-group">\n                            <label for="email">Email</label>\n                            <input class="form-control rounded-pill py-3" id="email" name="email" placeholder="Enter your email" required type="text" value="">\n                            \n                        </div>\n                        <div class="form-group">\n                            <label for="password">Password</label>\n                            <input class="form-control rounded-pill py-3" id="password" name="password" required type="password" value="">\n                            \n                        </div>\n                        <button type="submit" class="btn btn-primary btn-block rounded-pill py-3">Log In</button>\n                    </form>\n                    <div class="text-center mt-4">\n                        <p class="mb-0">Don\'t have an account? <a href="/sign-up" class="text-decoration-none">Sign up</a></p>\n                    </div>\n                </div>\n            </div>\n        </div>\n    </div>\n</div>\n\n</div>\n\n<script src="https://code.jquery.com/jquery-3.5.1.min.js"></script>\n<script src="https://cdnjs.cloudflare.com/ajax/libs/popper.js/1.16.0/umd/popper.min.js"></script>\n<script src="https://stackpath.bootstrapcdn.com/bootstrap/4.5.0/js/bootstrap.min.js"></script>\n<script src="/static/index.js"></script> <!-- Add your custom JavaScript file -->\n</body>\n</html>'
2024-07-07 15:57:52,134 - INFO - test_signup started!
2024-07-07 15:57:52,134 - INFO - test_signup started!
2024-07-07 15:57:52,206 - INFO - test_signup started!
2024-07-07 15:57:52,206 - INFO - test_signup started!
2024-07-07 15:57:52,327 - INFO - The CSRF token is missing.
2024-07-07 15:57:52,327 - INFO - The CSRF token is missing.
2024-07-07 15:58:34,285 - INFO - test_signup started!
2024-07-07 15:58:34,285 - INFO - test_signup started!
2024-07-07 15:58:34,581 - DEBUG - Follow response status code: 200
2024-07-07 15:58:34,581 - DEBUG - Follow response status code: 200
2024-07-07 15:58:34,581 - DEBUG - Follow response data is : b'<!DOCTYPE html>\n<html lang="en">\n<head>\n    <meta charset="UTF-8">\n    <meta name="viewport" content="width=device-width, initial-scale=1.0">\n    <title>Log In</title>\n    <link rel="stylesheet" href="https://stackpath.bootstrapcdn.com/bootstrap/4.4.1/css/bootstrap.min.css" integrity="sha384-Vkoo8x4CGsO3+Hhxv8T/Q5PaXtkKtu6ug5TOeNV6gBiFeWPGFN9MuhOf23Q9Ifjh" crossorigin="anonymous">\n    <link rel="stylesheet" href="https://stackpath.bootstrapcdn.com/font-awesome/4.7.0/css/font-awesome.min.css">\n    <link rel="stylesheet" href="/static/styles.css"> <!-- Add your custom CSS file -->\n    <style>\n        body {\n            background-color: #f8f9fa;\n        }\n        .navbar {\n            background-color: #343a40;\n            border-bottom: 1px solid #343a40;\n        }\n        .navbar-brand {\n            font-size: 1.5rem;\n            color: #ffffff;\n            font-weight: bold;\n        }\n        .navbar-nav .nav-item .nav-link {\n            color: #ffffff;\n            font-weight: bold;\n        }\n        .navbar-toggler-icon {\n            background-color: #ffffff;\n        }\n        .container {\n            margin-top: 20px;\n        }\n    </style>\n</head>\n<body>\n\n<nav class="navbar navbar-expand-lg navbar-dark">\n    <div class="container">\n        <a class="navbar-brand" href="/">REST API APP</a>\n        <button class="navbar-toggler" type="button" data-toggle="collapse" data-target="#navbar">\n            <span class="navbar-toggler-icon"></span>\n        </button>\n        <div class="collapse navbar-collapse" id="navbar">\n            <ul class="navbar-nav ml-auto">\n                \n                <li class="nav-item">\n                    <a class="nav-link" id="login" href="/login">Login</a>\n                </li>\n                <li class="nav-item">\n                    <a class="nav-link" id="signUp" href="/sign-up">Sign Up</a>\n                </li>\n\n                \n            </ul>\n        </div>\n    </div>\n</nav>\n\n\n\n    <div class="container mt-4">\n        \n            <div class="alert alert-success alert-dismissible fade show" role="alert">\n                Your account has been created successfully!\n                <button type="button" class="close" data-dismiss="alert" aria-label="Close">\n                    <span aria-hidden="true">&times;</span>\n                </button>\n            </div>\n        \n    </div>\n\n\n\n<div class="container">\n    \n<div class="container mt-5">\n    <div class="row justify-content-center">\n        <div class="col-lg-6 col-md-8">\n            <div class="card border-0 shadow-lg">\n                <div class="card-body p-5">\n                    <h2 class="text-center mb-4">Log In</h2>\n                    <form method="POST">\n                        <input id="csrf_token" name="csrf_token" type="hidden" value="ImY1YTdhMTM4YmQxNDkxNjQwYWQ0ZGE2NGI4YWJkNTZiM2E4NDM2NTci.ZoqfCg.tC1j1Q3QZMma03efWEXyaOAhWtg">\n                        <div class="form-group">\n                            <label for="email">Email</label>\n                            <input class="form-control rounded-pill py-3" id="email" name="email" placeholder="Enter your email" required type="text" value="">\n                            \n                        </div>\n                        <div class="form-group">\n                            <label for="password">Password</label>\n                            <input class="form-control rounded-pill py-3" id="password" name="password" required type="password" value="">\n                            \n                        </div>\n                        <button type="submit" class="btn btn-primary btn-block rounded-pill py-3">Log In</button>\n                    </form>\n                    <div class="text-center mt-4">\n                        <p class="mb-0">Don\'t have an account? <a href="/sign-up" class="text-decoration-none">Sign up</a></p>\n                    </div>\n                </div>\n            </div>\n        </div>\n    </div>\n</div>\n\n</div>\n\n<script src="https://code.jquery.com/jquery-3.5.1.min.js"></script>\n<script src="https://cdnjs.cloudflare.com/ajax/libs/popper.js/1.16.0/umd/popper.min.js"></script>\n<script src="https://stackpath.bootstrapcdn.com/bootstrap/4.5.0/js/bootstrap.min.js"></script>\n<script src="/static/index.js"></script> <!-- Add your custom JavaScript file -->\n</body>\n</html>'
2024-07-07 15:58:34,581 - DEBUG - Follow response data is : b'<!DOCTYPE html>\n<html lang="en">\n<head>\n    <meta charset="UTF-8">\n    <meta name="viewport" content="width=device-width, initial-scale=1.0">\n    <title>Log In</title>\n    <link rel="stylesheet" href="https://stackpath.bootstrapcdn.com/bootstrap/4.4.1/css/bootstrap.min.css" integrity="sha384-Vkoo8x4CGsO3+Hhxv8T/Q5PaXtkKtu6ug5TOeNV6gBiFeWPGFN9MuhOf23Q9Ifjh" crossorigin="anonymous">\n    <link rel="stylesheet" href="https://stackpath.bootstrapcdn.com/font-awesome/4.7.0/css/font-awesome.min.css">\n    <link rel="stylesheet" href="/static/styles.css"> <!-- Add your custom CSS file -->\n    <style>\n        body {\n            background-color: #f8f9fa;\n        }\n        .navbar {\n            background-color: #343a40;\n            border-bottom: 1px solid #343a40;\n        }\n        .navbar-brand {\n            font-size: 1.5rem;\n            color: #ffffff;\n            font-weight: bold;\n        }\n        .navbar-nav .nav-item .nav-link {\n            color: #ffffff;\n            font-weight: bold;\n        }\n        .navbar-toggler-icon {\n            background-color: #ffffff;\n        }\n        .container {\n            margin-top: 20px;\n        }\n    </style>\n</head>\n<body>\n\n<nav class="navbar navbar-expand-lg navbar-dark">\n    <div class="container">\n        <a class="navbar-brand" href="/">REST API APP</a>\n        <button class="navbar-toggler" type="button" data-toggle="collapse" data-target="#navbar">\n            <span class="navbar-toggler-icon"></span>\n        </button>\n        <div class="collapse navbar-collapse" id="navbar">\n            <ul class="navbar-nav ml-auto">\n                \n                <li class="nav-item">\n                    <a class="nav-link" id="login" href="/login">Login</a>\n                </li>\n                <li class="nav-item">\n                    <a class="nav-link" id="signUp" href="/sign-up">Sign Up</a>\n                </li>\n\n                \n            </ul>\n        </div>\n    </div>\n</nav>\n\n\n\n    <div class="container mt-4">\n        \n            <div class="alert alert-success alert-dismissible fade show" role="alert">\n                Your account has been created successfully!\n                <button type="button" class="close" data-dismiss="alert" aria-label="Close">\n                    <span aria-hidden="true">&times;</span>\n                </button>\n            </div>\n        \n    </div>\n\n\n\n<div class="container">\n    \n<div class="container mt-5">\n    <div class="row justify-content-center">\n        <div class="col-lg-6 col-md-8">\n            <div class="card border-0 shadow-lg">\n                <div class="card-body p-5">\n                    <h2 class="text-center mb-4">Log In</h2>\n                    <form method="POST">\n                        <input id="csrf_token" name="csrf_token" type="hidden" value="ImY1YTdhMTM4YmQxNDkxNjQwYWQ0ZGE2NGI4YWJkNTZiM2E4NDM2NTci.ZoqfCg.tC1j1Q3QZMma03efWEXyaOAhWtg">\n                        <div class="form-group">\n                            <label for="email">Email</label>\n                            <input class="form-control rounded-pill py-3" id="email" name="email" placeholder="Enter your email" required type="text" value="">\n                            \n                        </div>\n                        <div class="form-group">\n                            <label for="password">Password</label>\n                            <input class="form-control rounded-pill py-3" id="password" name="password" required type="password" value="">\n                            \n                        </div>\n                        <button type="submit" class="btn btn-primary btn-block rounded-pill py-3">Log In</button>\n                    </form>\n                    <div class="text-center mt-4">\n                        <p class="mb-0">Don\'t have an account? <a href="/sign-up" class="text-decoration-none">Sign up</a></p>\n                    </div>\n                </div>\n            </div>\n        </div>\n    </div>\n</div>\n\n</div>\n\n<script src="https://code.jquery.com/jquery-3.5.1.min.js"></script>\n<script src="https://cdnjs.cloudflare.com/ajax/libs/popper.js/1.16.0/umd/popper.min.js"></script>\n<script src="https://stackpath.bootstrapcdn.com/bootstrap/4.5.0/js/bootstrap.min.js"></script>\n<script src="/static/index.js"></script> <!-- Add your custom JavaScript file -->\n</body>\n</html>'
2024-07-07 15:58:34,641 - INFO - test_signup started!
2024-07-07 15:58:34,641 - INFO - test_signup started!
2024-07-07 15:58:34,725 - INFO - test_signup started!
2024-07-07 15:58:34,725 - INFO - test_signup started!
2024-07-07 15:58:34,831 - INFO - The CSRF token is missing.
2024-07-07 15:58:34,831 - INFO - The CSRF token is missing.
2024-07-07 16:07:00,204 - INFO - test_signup started!
2024-07-07 16:07:00,204 - INFO - test_signup started!
2024-07-07 16:07:00,511 - DEBUG - Follow response status code: 200
2024-07-07 16:07:00,511 - DEBUG - Follow response status code: 200
2024-07-07 16:07:00,511 - DEBUG - Follow response data is : b'<!DOCTYPE html>\n<html lang="en">\n<head>\n    <meta charset="UTF-8">\n    <meta name="viewport" content="width=device-width, initial-scale=1.0">\n    <title>Log In</title>\n    <link rel="stylesheet" href="https://stackpath.bootstrapcdn.com/bootstrap/4.4.1/css/bootstrap.min.css" integrity="sha384-Vkoo8x4CGsO3+Hhxv8T/Q5PaXtkKtu6ug5TOeNV6gBiFeWPGFN9MuhOf23Q9Ifjh" crossorigin="anonymous">\n    <link rel="stylesheet" href="https://stackpath.bootstrapcdn.com/font-awesome/4.7.0/css/font-awesome.min.css">\n    <link rel="stylesheet" href="/static/styles.css"> <!-- Add your custom CSS file -->\n    <style>\n        body {\n            background-color: #f8f9fa;\n        }\n        .navbar {\n            background-color: #343a40;\n            border-bottom: 1px solid #343a40;\n        }\n        .navbar-brand {\n            font-size: 1.5rem;\n            color: #ffffff;\n            font-weight: bold;\n        }\n        .navbar-nav .nav-item .nav-link {\n            color: #ffffff;\n            font-weight: bold;\n        }\n        .navbar-toggler-icon {\n            background-color: #ffffff;\n        }\n        .container {\n            margin-top: 20px;\n        }\n    </style>\n</head>\n<body>\n\n<nav class="navbar navbar-expand-lg navbar-dark">\n    <div class="container">\n        <a class="navbar-brand" href="/">REST API APP</a>\n        <button class="navbar-toggler" type="button" data-toggle="collapse" data-target="#navbar">\n            <span class="navbar-toggler-icon"></span>\n        </button>\n        <div class="collapse navbar-collapse" id="navbar">\n            <ul class="navbar-nav ml-auto">\n                \n                <li class="nav-item">\n                    <a class="nav-link" id="login" href="/login">Login</a>\n                </li>\n                <li class="nav-item">\n                    <a class="nav-link" id="signUp" href="/sign-up">Sign Up</a>\n                </li>\n\n                \n            </ul>\n        </div>\n    </div>\n</nav>\n\n\n\n    <div class="container mt-4">\n        \n            <div class="alert alert-success alert-dismissible fade show" role="alert">\n                Your account has been created successfully!\n                <button type="button" class="close" data-dismiss="alert" aria-label="Close">\n                    <span aria-hidden="true">&times;</span>\n                </button>\n            </div>\n        \n    </div>\n\n\n\n<div class="container">\n    \n<div class="container mt-5">\n    <div class="row justify-content-center">\n        <div class="col-lg-6 col-md-8">\n            <div class="card border-0 shadow-lg">\n                <div class="card-body p-5">\n                    <h2 class="text-center mb-4">Log In</h2>\n                    <form method="POST">\n                        <input id="csrf_token" name="csrf_token" type="hidden" value="ImExZjFjZGFmMWQ2Zjg5NTY2MDIxYmRiMjE3ODQzZmYzNTEwMjU4NmYi.ZoqhBA.yMizi0pC-wpoSeDZhS1VFXMTFIo">\n                        <div class="form-group">\n                            <label for="email">Email</label>\n                            <input class="form-control rounded-pill py-3" id="email" name="email" placeholder="Enter your email" required type="text" value="">\n                            \n                        </div>\n                        <div class="form-group">\n                            <label for="password">Password</label>\n                            <input class="form-control rounded-pill py-3" id="password" name="password" required type="password" value="">\n                            \n                        </div>\n                        <button type="submit" class="btn btn-primary btn-block rounded-pill py-3">Log In</button>\n                    </form>\n                    <div class="text-center mt-4">\n                        <p class="mb-0">Don\'t have an account? <a href="/sign-up" class="text-decoration-none">Sign up</a></p>\n                    </div>\n                </div>\n            </div>\n        </div>\n    </div>\n</div>\n\n</div>\n\n<script src="https://code.jquery.com/jquery-3.5.1.min.js"></script>\n<script src="https://cdnjs.cloudflare.com/ajax/libs/popper.js/1.16.0/umd/popper.min.js"></script>\n<script src="https://stackpath.bootstrapcdn.com/bootstrap/4.5.0/js/bootstrap.min.js"></script>\n<script src="/static/index.js"></script> <!-- Add your custom JavaScript file -->\n</body>\n</html>'
2024-07-07 16:07:00,511 - DEBUG - Follow response data is : b'<!DOCTYPE html>\n<html lang="en">\n<head>\n    <meta charset="UTF-8">\n    <meta name="viewport" content="width=device-width, initial-scale=1.0">\n    <title>Log In</title>\n    <link rel="stylesheet" href="https://stackpath.bootstrapcdn.com/bootstrap/4.4.1/css/bootstrap.min.css" integrity="sha384-Vkoo8x4CGsO3+Hhxv8T/Q5PaXtkKtu6ug5TOeNV6gBiFeWPGFN9MuhOf23Q9Ifjh" crossorigin="anonymous">\n    <link rel="stylesheet" href="https://stackpath.bootstrapcdn.com/font-awesome/4.7.0/css/font-awesome.min.css">\n    <link rel="stylesheet" href="/static/styles.css"> <!-- Add your custom CSS file -->\n    <style>\n        body {\n            background-color: #f8f9fa;\n        }\n        .navbar {\n            background-color: #343a40;\n            border-bottom: 1px solid #343a40;\n        }\n        .navbar-brand {\n            font-size: 1.5rem;\n            color: #ffffff;\n            font-weight: bold;\n        }\n        .navbar-nav .nav-item .nav-link {\n            color: #ffffff;\n            font-weight: bold;\n        }\n        .navbar-toggler-icon {\n            background-color: #ffffff;\n        }\n        .container {\n            margin-top: 20px;\n        }\n    </style>\n</head>\n<body>\n\n<nav class="navbar navbar-expand-lg navbar-dark">\n    <div class="container">\n        <a class="navbar-brand" href="/">REST API APP</a>\n        <button class="navbar-toggler" type="button" data-toggle="collapse" data-target="#navbar">\n            <span class="navbar-toggler-icon"></span>\n        </button>\n        <div class="collapse navbar-collapse" id="navbar">\n            <ul class="navbar-nav ml-auto">\n                \n                <li class="nav-item">\n                    <a class="nav-link" id="login" href="/login">Login</a>\n                </li>\n                <li class="nav-item">\n                    <a class="nav-link" id="signUp" href="/sign-up">Sign Up</a>\n                </li>\n\n                \n            </ul>\n        </div>\n    </div>\n</nav>\n\n\n\n    <div class="container mt-4">\n        \n            <div class="alert alert-success alert-dismissible fade show" role="alert">\n                Your account has been created successfully!\n                <button type="button" class="close" data-dismiss="alert" aria-label="Close">\n                    <span aria-hidden="true">&times;</span>\n                </button>\n            </div>\n        \n    </div>\n\n\n\n<div class="container">\n    \n<div class="container mt-5">\n    <div class="row justify-content-center">\n        <div class="col-lg-6 col-md-8">\n            <div class="card border-0 shadow-lg">\n                <div class="card-body p-5">\n                    <h2 class="text-center mb-4">Log In</h2>\n                    <form method="POST">\n                        <input id="csrf_token" name="csrf_token" type="hidden" value="ImExZjFjZGFmMWQ2Zjg5NTY2MDIxYmRiMjE3ODQzZmYzNTEwMjU4NmYi.ZoqhBA.yMizi0pC-wpoSeDZhS1VFXMTFIo">\n                        <div class="form-group">\n                            <label for="email">Email</label>\n                            <input class="form-control rounded-pill py-3" id="email" name="email" placeholder="Enter your email" required type="text" value="">\n                            \n                        </div>\n                        <div class="form-group">\n                            <label for="password">Password</label>\n                            <input class="form-control rounded-pill py-3" id="password" name="password" required type="password" value="">\n                            \n                        </div>\n                        <button type="submit" class="btn btn-primary btn-block rounded-pill py-3">Log In</button>\n                    </form>\n                    <div class="text-center mt-4">\n                        <p class="mb-0">Don\'t have an account? <a href="/sign-up" class="text-decoration-none">Sign up</a></p>\n                    </div>\n                </div>\n            </div>\n        </div>\n    </div>\n</div>\n\n</div>\n\n<script src="https://code.jquery.com/jquery-3.5.1.min.js"></script>\n<script src="https://cdnjs.cloudflare.com/ajax/libs/popper.js/1.16.0/umd/popper.min.js"></script>\n<script src="https://stackpath.bootstrapcdn.com/bootstrap/4.5.0/js/bootstrap.min.js"></script>\n<script src="/static/index.js"></script> <!-- Add your custom JavaScript file -->\n</body>\n</html>'
2024-07-07 16:07:00,564 - INFO - test_signup started!
2024-07-07 16:07:00,564 - INFO - test_signup started!
2024-07-07 16:07:00,639 - INFO - test_signup started!
2024-07-07 16:07:00,639 - INFO - test_signup started!
2024-07-07 16:09:15,992 - INFO - test_signup started!
2024-07-07 16:09:15,992 - INFO - test_signup started!
2024-07-07 16:09:16,315 - DEBUG - Follow response status code: 200
2024-07-07 16:09:16,315 - DEBUG - Follow response status code: 200
2024-07-07 16:09:16,315 - DEBUG - Follow response data is : b'<!DOCTYPE html>\n<html lang="en">\n<head>\n    <meta charset="UTF-8">\n    <meta name="viewport" content="width=device-width, initial-scale=1.0">\n    <title>Log In</title>\n    <link rel="stylesheet" href="https://stackpath.bootstrapcdn.com/bootstrap/4.4.1/css/bootstrap.min.css" integrity="sha384-Vkoo8x4CGsO3+Hhxv8T/Q5PaXtkKtu6ug5TOeNV6gBiFeWPGFN9MuhOf23Q9Ifjh" crossorigin="anonymous">\n    <link rel="stylesheet" href="https://stackpath.bootstrapcdn.com/font-awesome/4.7.0/css/font-awesome.min.css">\n    <link rel="stylesheet" href="/static/styles.css"> <!-- Add your custom CSS file -->\n    <style>\n        body {\n            background-color: #f8f9fa;\n        }\n        .navbar {\n            background-color: #343a40;\n            border-bottom: 1px solid #343a40;\n        }\n        .navbar-brand {\n            font-size: 1.5rem;\n            color: #ffffff;\n            font-weight: bold;\n        }\n        .navbar-nav .nav-item .nav-link {\n            color: #ffffff;\n            font-weight: bold;\n        }\n        .navbar-toggler-icon {\n            background-color: #ffffff;\n        }\n        .container {\n            margin-top: 20px;\n        }\n    </style>\n</head>\n<body>\n\n<nav class="navbar navbar-expand-lg navbar-dark">\n    <div class="container">\n        <a class="navbar-brand" href="/">REST API APP</a>\n        <button class="navbar-toggler" type="button" data-toggle="collapse" data-target="#navbar">\n            <span class="navbar-toggler-icon"></span>\n        </button>\n        <div class="collapse navbar-collapse" id="navbar">\n            <ul class="navbar-nav ml-auto">\n                \n                <li class="nav-item">\n                    <a class="nav-link" id="login" href="/login">Login</a>\n                </li>\n                <li class="nav-item">\n                    <a class="nav-link" id="signUp" href="/sign-up">Sign Up</a>\n                </li>\n\n                \n            </ul>\n        </div>\n    </div>\n</nav>\n\n\n\n    <div class="container mt-4">\n        \n            <div class="alert alert-success alert-dismissible fade show" role="alert">\n                Your account has been created successfully!\n                <button type="button" class="close" data-dismiss="alert" aria-label="Close">\n                    <span aria-hidden="true">&times;</span>\n                </button>\n            </div>\n        \n    </div>\n\n\n\n<div class="container">\n    \n<div class="container mt-5">\n    <div class="row justify-content-center">\n        <div class="col-lg-6 col-md-8">\n            <div class="card border-0 shadow-lg">\n                <div class="card-body p-5">\n                    <h2 class="text-center mb-4">Log In</h2>\n                    <form method="POST">\n                        <input id="csrf_token" name="csrf_token" type="hidden" value="IjY1Yzc5MGUxZjBhOTU0NjNkNTRiZWQ1ZWQ5Njc2OTFjM2Y1MWFjYzgi.Zoqhiw.jbZJR1Qdm6fKk15Xth_KP1fmMsc">\n                        <div class="form-group">\n                            <label for="email">Email</label>\n                            <input class="form-control rounded-pill py-3" id="email" name="email" placeholder="Enter your email" required type="text" value="">\n                            \n                        </div>\n                        <div class="form-group">\n                            <label for="password">Password</label>\n                            <input class="form-control rounded-pill py-3" id="password" name="password" required type="password" value="">\n                            \n                        </div>\n                        <button type="submit" class="btn btn-primary btn-block rounded-pill py-3">Log In</button>\n                    </form>\n                    <div class="text-center mt-4">\n                        <p class="mb-0">Don\'t have an account? <a href="/sign-up" class="text-decoration-none">Sign up</a></p>\n                    </div>\n                </div>\n            </div>\n        </div>\n    </div>\n</div>\n\n</div>\n\n<script src="https://code.jquery.com/jquery-3.5.1.min.js"></script>\n<script src="https://cdnjs.cloudflare.com/ajax/libs/popper.js/1.16.0/umd/popper.min.js"></script>\n<script src="https://stackpath.bootstrapcdn.com/bootstrap/4.5.0/js/bootstrap.min.js"></script>\n<script src="/static/index.js"></script> <!-- Add your custom JavaScript file -->\n</body>\n</html>'
2024-07-07 16:09:16,315 - DEBUG - Follow response data is : b'<!DOCTYPE html>\n<html lang="en">\n<head>\n    <meta charset="UTF-8">\n    <meta name="viewport" content="width=device-width, initial-scale=1.0">\n    <title>Log In</title>\n    <link rel="stylesheet" href="https://stackpath.bootstrapcdn.com/bootstrap/4.4.1/css/bootstrap.min.css" integrity="sha384-Vkoo8x4CGsO3+Hhxv8T/Q5PaXtkKtu6ug5TOeNV6gBiFeWPGFN9MuhOf23Q9Ifjh" crossorigin="anonymous">\n    <link rel="stylesheet" href="https://stackpath.bootstrapcdn.com/font-awesome/4.7.0/css/font-awesome.min.css">\n    <link rel="stylesheet" href="/static/styles.css"> <!-- Add your custom CSS file -->\n    <style>\n        body {\n            background-color: #f8f9fa;\n        }\n        .navbar {\n            background-color: #343a40;\n            border-bottom: 1px solid #343a40;\n        }\n        .navbar-brand {\n            font-size: 1.5rem;\n            color: #ffffff;\n            font-weight: bold;\n        }\n        .navbar-nav .nav-item .nav-link {\n            color: #ffffff;\n            font-weight: bold;\n        }\n        .navbar-toggler-icon {\n            background-color: #ffffff;\n        }\n        .container {\n            margin-top: 20px;\n        }\n    </style>\n</head>\n<body>\n\n<nav class="navbar navbar-expand-lg navbar-dark">\n    <div class="container">\n        <a class="navbar-brand" href="/">REST API APP</a>\n        <button class="navbar-toggler" type="button" data-toggle="collapse" data-target="#navbar">\n            <span class="navbar-toggler-icon"></span>\n        </button>\n        <div class="collapse navbar-collapse" id="navbar">\n            <ul class="navbar-nav ml-auto">\n                \n                <li class="nav-item">\n                    <a class="nav-link" id="login" href="/login">Login</a>\n                </li>\n                <li class="nav-item">\n                    <a class="nav-link" id="signUp" href="/sign-up">Sign Up</a>\n                </li>\n\n                \n            </ul>\n        </div>\n    </div>\n</nav>\n\n\n\n    <div class="container mt-4">\n        \n            <div class="alert alert-success alert-dismissible fade show" role="alert">\n                Your account has been created successfully!\n                <button type="button" class="close" data-dismiss="alert" aria-label="Close">\n                    <span aria-hidden="true">&times;</span>\n                </button>\n            </div>\n        \n    </div>\n\n\n\n<div class="container">\n    \n<div class="container mt-5">\n    <div class="row justify-content-center">\n        <div class="col-lg-6 col-md-8">\n            <div class="card border-0 shadow-lg">\n                <div class="card-body p-5">\n                    <h2 class="text-center mb-4">Log In</h2>\n                    <form method="POST">\n                        <input id="csrf_token" name="csrf_token" type="hidden" value="IjY1Yzc5MGUxZjBhOTU0NjNkNTRiZWQ1ZWQ5Njc2OTFjM2Y1MWFjYzgi.Zoqhiw.jbZJR1Qdm6fKk15Xth_KP1fmMsc">\n                        <div class="form-group">\n                            <label for="email">Email</label>\n                            <input class="form-control rounded-pill py-3" id="email" name="email" placeholder="Enter your email" required type="text" value="">\n                            \n                        </div>\n                        <div class="form-group">\n                            <label for="password">Password</label>\n                            <input class="form-control rounded-pill py-3" id="password" name="password" required type="password" value="">\n                            \n                        </div>\n                        <button type="submit" class="btn btn-primary btn-block rounded-pill py-3">Log In</button>\n                    </form>\n                    <div class="text-center mt-4">\n                        <p class="mb-0">Don\'t have an account? <a href="/sign-up" class="text-decoration-none">Sign up</a></p>\n                    </div>\n                </div>\n            </div>\n        </div>\n    </div>\n</div>\n\n</div>\n\n<script src="https://code.jquery.com/jquery-3.5.1.min.js"></script>\n<script src="https://cdnjs.cloudflare.com/ajax/libs/popper.js/1.16.0/umd/popper.min.js"></script>\n<script src="https://stackpath.bootstrapcdn.com/bootstrap/4.5.0/js/bootstrap.min.js"></script>\n<script src="/static/index.js"></script> <!-- Add your custom JavaScript file -->\n</body>\n</html>'
2024-07-07 16:09:16,372 - INFO - test_signup started!
2024-07-07 16:09:16,372 - INFO - test_signup started!
2024-07-07 16:09:16,450 - INFO - test_signup started!
2024-07-07 16:09:16,450 - INFO - test_signup started!
2024-07-07 16:17:46,575 - INFO - test_signup started!
2024-07-07 16:17:46,575 - INFO - test_signup started!
2024-07-07 16:17:46,905 - DEBUG - Follow response status code: 200
2024-07-07 16:17:46,905 - DEBUG - Follow response status code: 200
2024-07-07 16:17:46,905 - DEBUG - Follow response data is : b'<!DOCTYPE html>\n<html lang="en">\n<head>\n    <meta charset="UTF-8">\n    <meta name="viewport" content="width=device-width, initial-scale=1.0">\n    <title>Log In</title>\n    <link rel="stylesheet" href="https://stackpath.bootstrapcdn.com/bootstrap/4.4.1/css/bootstrap.min.css" integrity="sha384-Vkoo8x4CGsO3+Hhxv8T/Q5PaXtkKtu6ug5TOeNV6gBiFeWPGFN9MuhOf23Q9Ifjh" crossorigin="anonymous">\n    <link rel="stylesheet" href="https://stackpath.bootstrapcdn.com/font-awesome/4.7.0/css/font-awesome.min.css">\n    <link rel="stylesheet" href="/static/styles.css"> <!-- Add your custom CSS file -->\n    <style>\n        body {\n            background-color: #f8f9fa;\n        }\n        .navbar {\n            background-color: #343a40;\n            border-bottom: 1px solid #343a40;\n        }\n        .navbar-brand {\n            font-size: 1.5rem;\n            color: #ffffff;\n            font-weight: bold;\n        }\n        .navbar-nav .nav-item .nav-link {\n            color: #ffffff;\n            font-weight: bold;\n        }\n        .navbar-toggler-icon {\n            background-color: #ffffff;\n        }\n        .container {\n            margin-top: 20px;\n        }\n    </style>\n</head>\n<body>\n\n<nav class="navbar navbar-expand-lg navbar-dark">\n    <div class="container">\n        <a class="navbar-brand" href="/">REST API APP</a>\n        <button class="navbar-toggler" type="button" data-toggle="collapse" data-target="#navbar">\n            <span class="navbar-toggler-icon"></span>\n        </button>\n        <div class="collapse navbar-collapse" id="navbar">\n            <ul class="navbar-nav ml-auto">\n                \n                <li class="nav-item">\n                    <a class="nav-link" id="login" href="/login">Login</a>\n                </li>\n                <li class="nav-item">\n                    <a class="nav-link" id="signUp" href="/sign-up">Sign Up</a>\n                </li>\n\n                \n            </ul>\n        </div>\n    </div>\n</nav>\n\n\n\n    <div class="container mt-4">\n        \n            <div class="alert alert-success alert-dismissible fade show" role="alert">\n                Your account has been created successfully!\n                <button type="button" class="close" data-dismiss="alert" aria-label="Close">\n                    <span aria-hidden="true">&times;</span>\n                </button>\n            </div>\n        \n    </div>\n\n\n\n<div class="container">\n    \n<div class="container mt-5">\n    <div class="row justify-content-center">\n        <div class="col-lg-6 col-md-8">\n            <div class="card border-0 shadow-lg">\n                <div class="card-body p-5">\n                    <h2 class="text-center mb-4">Log In</h2>\n                    <form method="POST">\n                        <input id="csrf_token" name="csrf_token" type="hidden" value="ImI4N2YwOTMxYTY4N2FkMTQxMDEzNzY3ZTBiNzUzNjc1NTk2NjI1ZTIi.Zoqjig.UmNACovHAv9KpvacEhxUqcVdsHs">\n                        <div class="form-group">\n                            <label for="email">Email</label>\n                            <input class="form-control rounded-pill py-3" id="email" name="email" placeholder="Enter your email" required type="text" value="">\n                            \n                        </div>\n                        <div class="form-group">\n                            <label for="password">Password</label>\n                            <input class="form-control rounded-pill py-3" id="password" name="password" required type="password" value="">\n                            \n                        </div>\n                        <button type="submit" class="btn btn-primary btn-block rounded-pill py-3">Log In</button>\n                    </form>\n                    <div class="text-center mt-4">\n                        <p class="mb-0">Don\'t have an account? <a href="/sign-up" class="text-decoration-none">Sign up</a></p>\n                    </div>\n                </div>\n            </div>\n        </div>\n    </div>\n</div>\n\n</div>\n\n<script src="https://code.jquery.com/jquery-3.5.1.min.js"></script>\n<script src="https://cdnjs.cloudflare.com/ajax/libs/popper.js/1.16.0/umd/popper.min.js"></script>\n<script src="https://stackpath.bootstrapcdn.com/bootstrap/4.5.0/js/bootstrap.min.js"></script>\n<script src="/static/index.js"></script> <!-- Add your custom JavaScript file -->\n</body>\n</html>'
2024-07-07 16:17:46,905 - DEBUG - Follow response data is : b'<!DOCTYPE html>\n<html lang="en">\n<head>\n    <meta charset="UTF-8">\n    <meta name="viewport" content="width=device-width, initial-scale=1.0">\n    <title>Log In</title>\n    <link rel="stylesheet" href="https://stackpath.bootstrapcdn.com/bootstrap/4.4.1/css/bootstrap.min.css" integrity="sha384-Vkoo8x4CGsO3+Hhxv8T/Q5PaXtkKtu6ug5TOeNV6gBiFeWPGFN9MuhOf23Q9Ifjh" crossorigin="anonymous">\n    <link rel="stylesheet" href="https://stackpath.bootstrapcdn.com/font-awesome/4.7.0/css/font-awesome.min.css">\n    <link rel="stylesheet" href="/static/styles.css"> <!-- Add your custom CSS file -->\n    <style>\n        body {\n            background-color: #f8f9fa;\n        }\n        .navbar {\n            background-color: #343a40;\n            border-bottom: 1px solid #343a40;\n        }\n        .navbar-brand {\n            font-size: 1.5rem;\n            color: #ffffff;\n            font-weight: bold;\n        }\n        .navbar-nav .nav-item .nav-link {\n            color: #ffffff;\n            font-weight: bold;\n        }\n        .navbar-toggler-icon {\n            background-color: #ffffff;\n        }\n        .container {\n            margin-top: 20px;\n        }\n    </style>\n</head>\n<body>\n\n<nav class="navbar navbar-expand-lg navbar-dark">\n    <div class="container">\n        <a class="navbar-brand" href="/">REST API APP</a>\n        <button class="navbar-toggler" type="button" data-toggle="collapse" data-target="#navbar">\n            <span class="navbar-toggler-icon"></span>\n        </button>\n        <div class="collapse navbar-collapse" id="navbar">\n            <ul class="navbar-nav ml-auto">\n                \n                <li class="nav-item">\n                    <a class="nav-link" id="login" href="/login">Login</a>\n                </li>\n                <li class="nav-item">\n                    <a class="nav-link" id="signUp" href="/sign-up">Sign Up</a>\n                </li>\n\n                \n            </ul>\n        </div>\n    </div>\n</nav>\n\n\n\n    <div class="container mt-4">\n        \n            <div class="alert alert-success alert-dismissible fade show" role="alert">\n                Your account has been created successfully!\n                <button type="button" class="close" data-dismiss="alert" aria-label="Close">\n                    <span aria-hidden="true">&times;</span>\n                </button>\n            </div>\n        \n    </div>\n\n\n\n<div class="container">\n    \n<div class="container mt-5">\n    <div class="row justify-content-center">\n        <div class="col-lg-6 col-md-8">\n            <div class="card border-0 shadow-lg">\n                <div class="card-body p-5">\n                    <h2 class="text-center mb-4">Log In</h2>\n                    <form method="POST">\n                        <input id="csrf_token" name="csrf_token" type="hidden" value="ImI4N2YwOTMxYTY4N2FkMTQxMDEzNzY3ZTBiNzUzNjc1NTk2NjI1ZTIi.Zoqjig.UmNACovHAv9KpvacEhxUqcVdsHs">\n                        <div class="form-group">\n                            <label for="email">Email</label>\n                            <input class="form-control rounded-pill py-3" id="email" name="email" placeholder="Enter your email" required type="text" value="">\n                            \n                        </div>\n                        <div class="form-group">\n                            <label for="password">Password</label>\n                            <input class="form-control rounded-pill py-3" id="password" name="password" required type="password" value="">\n                            \n                        </div>\n                        <button type="submit" class="btn btn-primary btn-block rounded-pill py-3">Log In</button>\n                    </form>\n                    <div class="text-center mt-4">\n                        <p class="mb-0">Don\'t have an account? <a href="/sign-up" class="text-decoration-none">Sign up</a></p>\n                    </div>\n                </div>\n            </div>\n        </div>\n    </div>\n</div>\n\n</div>\n\n<script src="https://code.jquery.com/jquery-3.5.1.min.js"></script>\n<script src="https://cdnjs.cloudflare.com/ajax/libs/popper.js/1.16.0/umd/popper.min.js"></script>\n<script src="https://stackpath.bootstrapcdn.com/bootstrap/4.5.0/js/bootstrap.min.js"></script>\n<script src="/static/index.js"></script> <!-- Add your custom JavaScript file -->\n</body>\n</html>'
2024-07-07 16:17:46,968 - INFO - test_signup started!
2024-07-07 16:17:46,968 - INFO - test_signup started!
2024-07-07 16:17:47,044 - INFO - test_signup started!
2024-07-07 16:17:47,044 - INFO - test_signup started!
2024-07-07 16:44:31,306 - INFO - test_signup started!
2024-07-07 16:44:31,306 - INFO - test_signup started!
2024-07-07 16:44:31,624 - DEBUG - Follow response status code: 200
2024-07-07 16:44:31,624 - DEBUG - Follow response status code: 200
2024-07-07 16:44:31,624 - DEBUG - Follow response data is : b'<!DOCTYPE html>\n<html lang="en">\n<head>\n    <meta charset="UTF-8">\n    <meta name="viewport" content="width=device-width, initial-scale=1.0">\n    <title>Log In</title>\n    <link rel="stylesheet" href="https://stackpath.bootstrapcdn.com/bootstrap/4.4.1/css/bootstrap.min.css" integrity="sha384-Vkoo8x4CGsO3+Hhxv8T/Q5PaXtkKtu6ug5TOeNV6gBiFeWPGFN9MuhOf23Q9Ifjh" crossorigin="anonymous">\n    <link rel="stylesheet" href="https://stackpath.bootstrapcdn.com/font-awesome/4.7.0/css/font-awesome.min.css">\n    <link rel="stylesheet" href="/static/styles.css"> <!-- Add your custom CSS file -->\n    <style>\n        body {\n            background-color: #f8f9fa;\n        }\n        .navbar {\n            background-color: #343a40;\n            border-bottom: 1px solid #343a40;\n        }\n        .navbar-brand {\n            font-size: 1.5rem;\n            color: #ffffff;\n            font-weight: bold;\n        }\n        .navbar-nav .nav-item .nav-link {\n            color: #ffffff;\n            font-weight: bold;\n        }\n        .navbar-toggler-icon {\n            background-color: #ffffff;\n        }\n        .container {\n            margin-top: 20px;\n        }\n    </style>\n</head>\n<body>\n\n<nav class="navbar navbar-expand-lg navbar-dark">\n    <div class="container">\n        <a class="navbar-brand" href="/">REST API APP</a>\n        <button class="navbar-toggler" type="button" data-toggle="collapse" data-target="#navbar">\n            <span class="navbar-toggler-icon"></span>\n        </button>\n        <div class="collapse navbar-collapse" id="navbar">\n            <ul class="navbar-nav ml-auto">\n                \n                <li class="nav-item">\n                    <a class="nav-link" id="login" href="/login">Login</a>\n                </li>\n                <li class="nav-item">\n                    <a class="nav-link" id="signUp" href="/sign-up">Sign Up</a>\n                </li>\n\n                \n            </ul>\n        </div>\n    </div>\n</nav>\n\n\n\n    <div class="container mt-4">\n        \n            <div class="alert alert-success alert-dismissible fade show" role="alert">\n                Your account has been created successfully!\n                <button type="button" class="close" data-dismiss="alert" aria-label="Close">\n                    <span aria-hidden="true">&times;</span>\n                </button>\n            </div>\n        \n    </div>\n\n\n\n<div class="container">\n    \n<div class="container mt-5">\n    <div class="row justify-content-center">\n        <div class="col-lg-6 col-md-8">\n            <div class="card border-0 shadow-lg">\n                <div class="card-body p-5">\n                    <h2 class="text-center mb-4">Log In</h2>\n                    <form method="POST">\n                        <input id="csrf_token" name="csrf_token" type="hidden" value="ImExNWYzZjZhODZmZjE2MzY2OTRhNWZjYmViMjhiMGJhNDExODJlZGIi.Zoqpzw.bOAVjezGg6r7tE-ibSiKkF54xRE">\n                        <div class="form-group">\n                            <label for="email">Email</label>\n                            <input class="form-control rounded-pill py-3" id="email" name="email" placeholder="Enter your email" required type="text" value="">\n                            \n                        </div>\n                        <div class="form-group">\n                            <label for="password">Password</label>\n                            <input class="form-control rounded-pill py-3" id="password" name="password" required type="password" value="">\n                            \n                        </div>\n                        <button type="submit" class="btn btn-primary btn-block rounded-pill py-3">Log In</button>\n                    </form>\n                    <div class="text-center mt-4">\n                        <p class="mb-0">Don\'t have an account? <a href="/sign-up" class="text-decoration-none">Sign up</a></p>\n                    </div>\n                </div>\n            </div>\n        </div>\n    </div>\n</div>\n\n</div>\n\n<script src="https://code.jquery.com/jquery-3.5.1.min.js"></script>\n<script src="https://cdnjs.cloudflare.com/ajax/libs/popper.js/1.16.0/umd/popper.min.js"></script>\n<script src="https://stackpath.bootstrapcdn.com/bootstrap/4.5.0/js/bootstrap.min.js"></script>\n<script src="/static/index.js"></script> <!-- Add your custom JavaScript file -->\n</body>\n</html>'
2024-07-07 16:44:31,624 - DEBUG - Follow response data is : b'<!DOCTYPE html>\n<html lang="en">\n<head>\n    <meta charset="UTF-8">\n    <meta name="viewport" content="width=device-width, initial-scale=1.0">\n    <title>Log In</title>\n    <link rel="stylesheet" href="https://stackpath.bootstrapcdn.com/bootstrap/4.4.1/css/bootstrap.min.css" integrity="sha384-Vkoo8x4CGsO3+Hhxv8T/Q5PaXtkKtu6ug5TOeNV6gBiFeWPGFN9MuhOf23Q9Ifjh" crossorigin="anonymous">\n    <link rel="stylesheet" href="https://stackpath.bootstrapcdn.com/font-awesome/4.7.0/css/font-awesome.min.css">\n    <link rel="stylesheet" href="/static/styles.css"> <!-- Add your custom CSS file -->\n    <style>\n        body {\n            background-color: #f8f9fa;\n        }\n        .navbar {\n            background-color: #343a40;\n            border-bottom: 1px solid #343a40;\n        }\n        .navbar-brand {\n            font-size: 1.5rem;\n            color: #ffffff;\n            font-weight: bold;\n        }\n        .navbar-nav .nav-item .nav-link {\n            color: #ffffff;\n            font-weight: bold;\n        }\n        .navbar-toggler-icon {\n            background-color: #ffffff;\n        }\n        .container {\n            margin-top: 20px;\n        }\n    </style>\n</head>\n<body>\n\n<nav class="navbar navbar-expand-lg navbar-dark">\n    <div class="container">\n        <a class="navbar-brand" href="/">REST API APP</a>\n        <button class="navbar-toggler" type="button" data-toggle="collapse" data-target="#navbar">\n            <span class="navbar-toggler-icon"></span>\n        </button>\n        <div class="collapse navbar-collapse" id="navbar">\n            <ul class="navbar-nav ml-auto">\n                \n                <li class="nav-item">\n                    <a class="nav-link" id="login" href="/login">Login</a>\n                </li>\n                <li class="nav-item">\n                    <a class="nav-link" id="signUp" href="/sign-up">Sign Up</a>\n                </li>\n\n                \n            </ul>\n        </div>\n    </div>\n</nav>\n\n\n\n    <div class="container mt-4">\n        \n            <div class="alert alert-success alert-dismissible fade show" role="alert">\n                Your account has been created successfully!\n                <button type="button" class="close" data-dismiss="alert" aria-label="Close">\n                    <span aria-hidden="true">&times;</span>\n                </button>\n            </div>\n        \n    </div>\n\n\n\n<div class="container">\n    \n<div class="container mt-5">\n    <div class="row justify-content-center">\n        <div class="col-lg-6 col-md-8">\n            <div class="card border-0 shadow-lg">\n                <div class="card-body p-5">\n                    <h2 class="text-center mb-4">Log In</h2>\n                    <form method="POST">\n                        <input id="csrf_token" name="csrf_token" type="hidden" value="ImExNWYzZjZhODZmZjE2MzY2OTRhNWZjYmViMjhiMGJhNDExODJlZGIi.Zoqpzw.bOAVjezGg6r7tE-ibSiKkF54xRE">\n                        <div class="form-group">\n                            <label for="email">Email</label>\n                            <input class="form-control rounded-pill py-3" id="email" name="email" placeholder="Enter your email" required type="text" value="">\n                            \n                        </div>\n                        <div class="form-group">\n                            <label for="password">Password</label>\n                            <input class="form-control rounded-pill py-3" id="password" name="password" required type="password" value="">\n                            \n                        </div>\n                        <button type="submit" class="btn btn-primary btn-block rounded-pill py-3">Log In</button>\n                    </form>\n                    <div class="text-center mt-4">\n                        <p class="mb-0">Don\'t have an account? <a href="/sign-up" class="text-decoration-none">Sign up</a></p>\n                    </div>\n                </div>\n            </div>\n        </div>\n    </div>\n</div>\n\n</div>\n\n<script src="https://code.jquery.com/jquery-3.5.1.min.js"></script>\n<script src="https://cdnjs.cloudflare.com/ajax/libs/popper.js/1.16.0/umd/popper.min.js"></script>\n<script src="https://stackpath.bootstrapcdn.com/bootstrap/4.5.0/js/bootstrap.min.js"></script>\n<script src="/static/index.js"></script> <!-- Add your custom JavaScript file -->\n</body>\n</html>'
2024-07-07 16:44:31,678 - INFO - test_signup started!
2024-07-07 16:44:31,678 - INFO - test_signup started!
2024-07-07 16:44:31,750 - INFO - test_signup started!
2024-07-07 16:44:31,750 - INFO - test_signup started!
2024-07-07 16:44:31,840 - INFO - test_signup_database_integration started!
2024-07-07 16:44:31,840 - INFO - test_signup_database_integration started!
2024-07-07 17:28:03,342 - INFO - test_signup started!
2024-07-07 17:28:03,342 - INFO - test_signup started!
2024-07-07 17:28:03,656 - DEBUG - Follow response status code: 200
2024-07-07 17:28:03,656 - DEBUG - Follow response status code: 200
2024-07-07 17:28:03,657 - DEBUG - Follow response data is : b'<!DOCTYPE html>\n<html lang="en">\n<head>\n    <meta charset="UTF-8">\n    <meta name="viewport" content="width=device-width, initial-scale=1.0">\n    <title>Log In</title>\n    <link rel="stylesheet" href="https://stackpath.bootstrapcdn.com/bootstrap/4.4.1/css/bootstrap.min.css" integrity="sha384-Vkoo8x4CGsO3+Hhxv8T/Q5PaXtkKtu6ug5TOeNV6gBiFeWPGFN9MuhOf23Q9Ifjh" crossorigin="anonymous">\n    <link rel="stylesheet" href="https://stackpath.bootstrapcdn.com/font-awesome/4.7.0/css/font-awesome.min.css">\n    <link rel="stylesheet" href="/static/styles.css"> <!-- Add your custom CSS file -->\n    <style>\n        body {\n            background-color: #f8f9fa;\n        }\n        .navbar {\n            background-color: #343a40;\n            border-bottom: 1px solid #343a40;\n        }\n        .navbar-brand {\n            font-size: 1.5rem;\n            color: #ffffff;\n            font-weight: bold;\n        }\n        .navbar-nav .nav-item .nav-link {\n            color: #ffffff;\n            font-weight: bold;\n        }\n        .navbar-toggler-icon {\n            background-color: #ffffff;\n        }\n        .container {\n            margin-top: 20px;\n        }\n    </style>\n</head>\n<body>\n\n<nav class="navbar navbar-expand-lg navbar-dark">\n    <div class="container">\n        <a class="navbar-brand" href="/">REST API APP</a>\n        <button class="navbar-toggler" type="button" data-toggle="collapse" data-target="#navbar">\n            <span class="navbar-toggler-icon"></span>\n        </button>\n        <div class="collapse navbar-collapse" id="navbar">\n            <ul class="navbar-nav ml-auto">\n                \n                <li class="nav-item">\n                    <a class="nav-link" id="login" href="/login">Login</a>\n                </li>\n                <li class="nav-item">\n                    <a class="nav-link" id="signUp" href="/sign-up">Sign Up</a>\n                </li>\n\n                \n            </ul>\n        </div>\n    </div>\n</nav>\n\n\n\n    <div class="container mt-4">\n        \n            <div class="alert alert-success alert-dismissible fade show" role="alert">\n                Your account has been created successfully!\n                <button type="button" class="close" data-dismiss="alert" aria-label="Close">\n                    <span aria-hidden="true">&times;</span>\n                </button>\n            </div>\n        \n    </div>\n\n\n\n<div class="container">\n    \n<div class="container mt-5">\n    <div class="row justify-content-center">\n        <div class="col-lg-6 col-md-8">\n            <div class="card border-0 shadow-lg">\n                <div class="card-body p-5">\n                    <h2 class="text-center mb-4">Log In</h2>\n                    <form method="POST">\n                        <input id="csrf_token" name="csrf_token" type="hidden" value="IjE0MDhmMzc0OWRkM2YwYjBjMGFhYWM0MzViZDNlYmQ0NTU4NWQ0YTci.Zoq0Aw.6I7FHhvIAjr42hDfPmkoWLvMEMc">\n                        <div class="form-group">\n                            <label for="email">Email</label>\n                            <input class="form-control rounded-pill py-3" id="email" name="email" placeholder="Enter your email" required type="text" value="">\n                            \n                        </div>\n                        <div class="form-group">\n                            <label for="password">Password</label>\n                            <input class="form-control rounded-pill py-3" id="password" name="password" required type="password" value="">\n                            \n                        </div>\n                        <button type="submit" class="btn btn-primary btn-block rounded-pill py-3">Log In</button>\n                    </form>\n                    <div class="text-center mt-4">\n                        <p class="mb-0">Don\'t have an account? <a href="/sign-up" class="text-decoration-none">Sign up</a></p>\n                    </div>\n                </div>\n            </div>\n        </div>\n    </div>\n</div>\n\n</div>\n\n<script src="https://code.jquery.com/jquery-3.5.1.min.js"></script>\n<script src="https://cdnjs.cloudflare.com/ajax/libs/popper.js/1.16.0/umd/popper.min.js"></script>\n<script src="https://stackpath.bootstrapcdn.com/bootstrap/4.5.0/js/bootstrap.min.js"></script>\n<script src="/static/index.js"></script> <!-- Add your custom JavaScript file -->\n</body>\n</html>'
2024-07-07 17:28:03,657 - DEBUG - Follow response data is : b'<!DOCTYPE html>\n<html lang="en">\n<head>\n    <meta charset="UTF-8">\n    <meta name="viewport" content="width=device-width, initial-scale=1.0">\n    <title>Log In</title>\n    <link rel="stylesheet" href="https://stackpath.bootstrapcdn.com/bootstrap/4.4.1/css/bootstrap.min.css" integrity="sha384-Vkoo8x4CGsO3+Hhxv8T/Q5PaXtkKtu6ug5TOeNV6gBiFeWPGFN9MuhOf23Q9Ifjh" crossorigin="anonymous">\n    <link rel="stylesheet" href="https://stackpath.bootstrapcdn.com/font-awesome/4.7.0/css/font-awesome.min.css">\n    <link rel="stylesheet" href="/static/styles.css"> <!-- Add your custom CSS file -->\n    <style>\n        body {\n            background-color: #f8f9fa;\n        }\n        .navbar {\n            background-color: #343a40;\n            border-bottom: 1px solid #343a40;\n        }\n        .navbar-brand {\n            font-size: 1.5rem;\n            color: #ffffff;\n            font-weight: bold;\n        }\n        .navbar-nav .nav-item .nav-link {\n            color: #ffffff;\n            font-weight: bold;\n        }\n        .navbar-toggler-icon {\n            background-color: #ffffff;\n        }\n        .container {\n            margin-top: 20px;\n        }\n    </style>\n</head>\n<body>\n\n<nav class="navbar navbar-expand-lg navbar-dark">\n    <div class="container">\n        <a class="navbar-brand" href="/">REST API APP</a>\n        <button class="navbar-toggler" type="button" data-toggle="collapse" data-target="#navbar">\n            <span class="navbar-toggler-icon"></span>\n        </button>\n        <div class="collapse navbar-collapse" id="navbar">\n            <ul class="navbar-nav ml-auto">\n                \n                <li class="nav-item">\n                    <a class="nav-link" id="login" href="/login">Login</a>\n                </li>\n                <li class="nav-item">\n                    <a class="nav-link" id="signUp" href="/sign-up">Sign Up</a>\n                </li>\n\n                \n            </ul>\n        </div>\n    </div>\n</nav>\n\n\n\n    <div class="container mt-4">\n        \n            <div class="alert alert-success alert-dismissible fade show" role="alert">\n                Your account has been created successfully!\n                <button type="button" class="close" data-dismiss="alert" aria-label="Close">\n                    <span aria-hidden="true">&times;</span>\n                </button>\n            </div>\n        \n    </div>\n\n\n\n<div class="container">\n    \n<div class="container mt-5">\n    <div class="row justify-content-center">\n        <div class="col-lg-6 col-md-8">\n            <div class="card border-0 shadow-lg">\n                <div class="card-body p-5">\n                    <h2 class="text-center mb-4">Log In</h2>\n                    <form method="POST">\n                        <input id="csrf_token" name="csrf_token" type="hidden" value="IjE0MDhmMzc0OWRkM2YwYjBjMGFhYWM0MzViZDNlYmQ0NTU4NWQ0YTci.Zoq0Aw.6I7FHhvIAjr42hDfPmkoWLvMEMc">\n                        <div class="form-group">\n                            <label for="email">Email</label>\n                            <input class="form-control rounded-pill py-3" id="email" name="email" placeholder="Enter your email" required type="text" value="">\n                            \n                        </div>\n                        <div class="form-group">\n                            <label for="password">Password</label>\n                            <input class="form-control rounded-pill py-3" id="password" name="password" required type="password" value="">\n                            \n                        </div>\n                        <button type="submit" class="btn btn-primary btn-block rounded-pill py-3">Log In</button>\n                    </form>\n                    <div class="text-center mt-4">\n                        <p class="mb-0">Don\'t have an account? <a href="/sign-up" class="text-decoration-none">Sign up</a></p>\n                    </div>\n                </div>\n            </div>\n        </div>\n    </div>\n</div>\n\n</div>\n\n<script src="https://code.jquery.com/jquery-3.5.1.min.js"></script>\n<script src="https://cdnjs.cloudflare.com/ajax/libs/popper.js/1.16.0/umd/popper.min.js"></script>\n<script src="https://stackpath.bootstrapcdn.com/bootstrap/4.5.0/js/bootstrap.min.js"></script>\n<script src="/static/index.js"></script> <!-- Add your custom JavaScript file -->\n</body>\n</html>'
2024-07-07 17:28:03,718 - INFO - test_signup started!
2024-07-07 17:28:03,718 - INFO - test_signup started!
2024-07-07 17:28:03,792 - INFO - test_signup started!
2024-07-07 17:28:03,792 - INFO - test_signup started!
2024-07-07 17:28:03,884 - INFO - test_signup_database_integration started!
2024-07-07 17:28:03,884 - INFO - test_signup_database_integration started!
2024-07-07 17:28:58,905 - INFO - test_signup started!
2024-07-07 17:28:58,905 - INFO - test_signup started!
2024-07-07 17:28:59,207 - DEBUG - Follow response status code: 200
2024-07-07 17:28:59,207 - DEBUG - Follow response status code: 200
2024-07-07 17:28:59,207 - DEBUG - Follow response data is : b'<!DOCTYPE html>\n<html lang="en">\n<head>\n    <meta charset="UTF-8">\n    <meta name="viewport" content="width=device-width, initial-scale=1.0">\n    <title>Log In</title>\n    <link rel="stylesheet" href="https://stackpath.bootstrapcdn.com/bootstrap/4.4.1/css/bootstrap.min.css" integrity="sha384-Vkoo8x4CGsO3+Hhxv8T/Q5PaXtkKtu6ug5TOeNV6gBiFeWPGFN9MuhOf23Q9Ifjh" crossorigin="anonymous">\n    <link rel="stylesheet" href="https://stackpath.bootstrapcdn.com/font-awesome/4.7.0/css/font-awesome.min.css">\n    <link rel="stylesheet" href="/static/styles.css"> <!-- Add your custom CSS file -->\n    <style>\n        body {\n            background-color: #f8f9fa;\n        }\n        .navbar {\n            background-color: #343a40;\n            border-bottom: 1px solid #343a40;\n        }\n        .navbar-brand {\n            font-size: 1.5rem;\n            color: #ffffff;\n            font-weight: bold;\n        }\n        .navbar-nav .nav-item .nav-link {\n            color: #ffffff;\n            font-weight: bold;\n        }\n        .navbar-toggler-icon {\n            background-color: #ffffff;\n        }\n        .container {\n            margin-top: 20px;\n        }\n    </style>\n</head>\n<body>\n\n<nav class="navbar navbar-expand-lg navbar-dark">\n    <div class="container">\n        <a class="navbar-brand" href="/">REST API APP</a>\n        <button class="navbar-toggler" type="button" data-toggle="collapse" data-target="#navbar">\n            <span class="navbar-toggler-icon"></span>\n        </button>\n        <div class="collapse navbar-collapse" id="navbar">\n            <ul class="navbar-nav ml-auto">\n                \n                <li class="nav-item">\n                    <a class="nav-link" id="login" href="/login">Login</a>\n                </li>\n                <li class="nav-item">\n                    <a class="nav-link" id="signUp" href="/sign-up">Sign Up</a>\n                </li>\n\n                \n            </ul>\n        </div>\n    </div>\n</nav>\n\n\n\n    <div class="container mt-4">\n        \n            <div class="alert alert-success alert-dismissible fade show" role="alert">\n                Your account has been created successfully!\n                <button type="button" class="close" data-dismiss="alert" aria-label="Close">\n                    <span aria-hidden="true">&times;</span>\n                </button>\n            </div>\n        \n    </div>\n\n\n\n<div class="container">\n    \n<div class="container mt-5">\n    <div class="row justify-content-center">\n        <div class="col-lg-6 col-md-8">\n            <div class="card border-0 shadow-lg">\n                <div class="card-body p-5">\n                    <h2 class="text-center mb-4">Log In</h2>\n                    <form method="POST">\n                        <input id="csrf_token" name="csrf_token" type="hidden" value="ImIyZGUyM2NiZjUyNmZlYzk0NDUzNmM1ZjZiOWUzMDE3MWI5OGEyOGUi.Zoq0Og.VaLbv0C9BMoirkBi3NMmEzTn-Uw">\n                        <div class="form-group">\n                            <label for="email">Email</label>\n                            <input class="form-control rounded-pill py-3" id="email" name="email" placeholder="Enter your email" required type="text" value="">\n                            \n                        </div>\n                        <div class="form-group">\n                            <label for="password">Password</label>\n                            <input class="form-control rounded-pill py-3" id="password" name="password" required type="password" value="">\n                            \n                        </div>\n                        <button type="submit" class="btn btn-primary btn-block rounded-pill py-3">Log In</button>\n                    </form>\n                    <div class="text-center mt-4">\n                        <p class="mb-0">Don\'t have an account? <a href="/sign-up" class="text-decoration-none">Sign up</a></p>\n                    </div>\n                </div>\n            </div>\n        </div>\n    </div>\n</div>\n\n</div>\n\n<script src="https://code.jquery.com/jquery-3.5.1.min.js"></script>\n<script src="https://cdnjs.cloudflare.com/ajax/libs/popper.js/1.16.0/umd/popper.min.js"></script>\n<script src="https://stackpath.bootstrapcdn.com/bootstrap/4.5.0/js/bootstrap.min.js"></script>\n<script src="/static/index.js"></script> <!-- Add your custom JavaScript file -->\n</body>\n</html>'
2024-07-07 17:28:59,207 - DEBUG - Follow response data is : b'<!DOCTYPE html>\n<html lang="en">\n<head>\n    <meta charset="UTF-8">\n    <meta name="viewport" content="width=device-width, initial-scale=1.0">\n    <title>Log In</title>\n    <link rel="stylesheet" href="https://stackpath.bootstrapcdn.com/bootstrap/4.4.1/css/bootstrap.min.css" integrity="sha384-Vkoo8x4CGsO3+Hhxv8T/Q5PaXtkKtu6ug5TOeNV6gBiFeWPGFN9MuhOf23Q9Ifjh" crossorigin="anonymous">\n    <link rel="stylesheet" href="https://stackpath.bootstrapcdn.com/font-awesome/4.7.0/css/font-awesome.min.css">\n    <link rel="stylesheet" href="/static/styles.css"> <!-- Add your custom CSS file -->\n    <style>\n        body {\n            background-color: #f8f9fa;\n        }\n        .navbar {\n            background-color: #343a40;\n            border-bottom: 1px solid #343a40;\n        }\n        .navbar-brand {\n            font-size: 1.5rem;\n            color: #ffffff;\n            font-weight: bold;\n        }\n        .navbar-nav .nav-item .nav-link {\n            color: #ffffff;\n            font-weight: bold;\n        }\n        .navbar-toggler-icon {\n            background-color: #ffffff;\n        }\n        .container {\n            margin-top: 20px;\n        }\n    </style>\n</head>\n<body>\n\n<nav class="navbar navbar-expand-lg navbar-dark">\n    <div class="container">\n        <a class="navbar-brand" href="/">REST API APP</a>\n        <button class="navbar-toggler" type="button" data-toggle="collapse" data-target="#navbar">\n            <span class="navbar-toggler-icon"></span>\n        </button>\n        <div class="collapse navbar-collapse" id="navbar">\n            <ul class="navbar-nav ml-auto">\n                \n                <li class="nav-item">\n                    <a class="nav-link" id="login" href="/login">Login</a>\n                </li>\n                <li class="nav-item">\n                    <a class="nav-link" id="signUp" href="/sign-up">Sign Up</a>\n                </li>\n\n                \n            </ul>\n        </div>\n    </div>\n</nav>\n\n\n\n    <div class="container mt-4">\n        \n            <div class="alert alert-success alert-dismissible fade show" role="alert">\n                Your account has been created successfully!\n                <button type="button" class="close" data-dismiss="alert" aria-label="Close">\n                    <span aria-hidden="true">&times;</span>\n                </button>\n            </div>\n        \n    </div>\n\n\n\n<div class="container">\n    \n<div class="container mt-5">\n    <div class="row justify-content-center">\n        <div class="col-lg-6 col-md-8">\n            <div class="card border-0 shadow-lg">\n                <div class="card-body p-5">\n                    <h2 class="text-center mb-4">Log In</h2>\n                    <form method="POST">\n                        <input id="csrf_token" name="csrf_token" type="hidden" value="ImIyZGUyM2NiZjUyNmZlYzk0NDUzNmM1ZjZiOWUzMDE3MWI5OGEyOGUi.Zoq0Og.VaLbv0C9BMoirkBi3NMmEzTn-Uw">\n                        <div class="form-group">\n                            <label for="email">Email</label>\n                            <input class="form-control rounded-pill py-3" id="email" name="email" placeholder="Enter your email" required type="text" value="">\n                            \n                        </div>\n                        <div class="form-group">\n                            <label for="password">Password</label>\n                            <input class="form-control rounded-pill py-3" id="password" name="password" required type="password" value="">\n                            \n                        </div>\n                        <button type="submit" class="btn btn-primary btn-block rounded-pill py-3">Log In</button>\n                    </form>\n                    <div class="text-center mt-4">\n                        <p class="mb-0">Don\'t have an account? <a href="/sign-up" class="text-decoration-none">Sign up</a></p>\n                    </div>\n                </div>\n            </div>\n        </div>\n    </div>\n</div>\n\n</div>\n\n<script src="https://code.jquery.com/jquery-3.5.1.min.js"></script>\n<script src="https://cdnjs.cloudflare.com/ajax/libs/popper.js/1.16.0/umd/popper.min.js"></script>\n<script src="https://stackpath.bootstrapcdn.com/bootstrap/4.5.0/js/bootstrap.min.js"></script>\n<script src="/static/index.js"></script> <!-- Add your custom JavaScript file -->\n</body>\n</html>'
2024-07-07 17:28:59,266 - INFO - test_signup started!
2024-07-07 17:28:59,266 - INFO - test_signup started!
2024-07-07 17:28:59,341 - INFO - test_signup started!
2024-07-07 17:28:59,341 - INFO - test_signup started!
2024-07-07 17:28:59,434 - INFO - test_signup_database_integration started!
2024-07-07 17:28:59,434 - INFO - test_signup_database_integration started!
2024-07-07 17:31:16,738 - INFO - test_signup started!
2024-07-07 17:31:16,738 - INFO - test_signup started!
2024-07-07 17:31:17,089 - DEBUG - Follow response status code: 200
2024-07-07 17:31:17,089 - DEBUG - Follow response status code: 200
2024-07-07 17:31:17,089 - DEBUG - Follow response data is : b'<!DOCTYPE html>\n<html lang="en">\n<head>\n    <meta charset="UTF-8">\n    <meta name="viewport" content="width=device-width, initial-scale=1.0">\n    <title>Log In</title>\n    <link rel="stylesheet" href="https://stackpath.bootstrapcdn.com/bootstrap/4.4.1/css/bootstrap.min.css" integrity="sha384-Vkoo8x4CGsO3+Hhxv8T/Q5PaXtkKtu6ug5TOeNV6gBiFeWPGFN9MuhOf23Q9Ifjh" crossorigin="anonymous">\n    <link rel="stylesheet" href="https://stackpath.bootstrapcdn.com/font-awesome/4.7.0/css/font-awesome.min.css">\n    <link rel="stylesheet" href="/static/styles.css"> <!-- Add your custom CSS file -->\n    <style>\n        body {\n            background-color: #f8f9fa;\n        }\n        .navbar {\n            background-color: #343a40;\n            border-bottom: 1px solid #343a40;\n        }\n        .navbar-brand {\n            font-size: 1.5rem;\n            color: #ffffff;\n            font-weight: bold;\n        }\n        .navbar-nav .nav-item .nav-link {\n            color: #ffffff;\n            font-weight: bold;\n        }\n        .navbar-toggler-icon {\n            background-color: #ffffff;\n        }\n        .container {\n            margin-top: 20px;\n        }\n    </style>\n</head>\n<body>\n\n<nav class="navbar navbar-expand-lg navbar-dark">\n    <div class="container">\n        <a class="navbar-brand" href="/">REST API APP</a>\n        <button class="navbar-toggler" type="button" data-toggle="collapse" data-target="#navbar">\n            <span class="navbar-toggler-icon"></span>\n        </button>\n        <div class="collapse navbar-collapse" id="navbar">\n            <ul class="navbar-nav ml-auto">\n                \n                <li class="nav-item">\n                    <a class="nav-link" id="login" href="/login">Login</a>\n                </li>\n                <li class="nav-item">\n                    <a class="nav-link" id="signUp" href="/sign-up">Sign Up</a>\n                </li>\n\n                \n            </ul>\n        </div>\n    </div>\n</nav>\n\n\n\n    <div class="container mt-4">\n        \n            <div class="alert alert-success alert-dismissible fade show" role="alert">\n                Your account has been created successfully!\n                <button type="button" class="close" data-dismiss="alert" aria-label="Close">\n                    <span aria-hidden="true">&times;</span>\n                </button>\n            </div>\n        \n    </div>\n\n\n\n<div class="container">\n    \n<div class="container mt-5">\n    <div class="row justify-content-center">\n        <div class="col-lg-6 col-md-8">\n            <div class="card border-0 shadow-lg">\n                <div class="card-body p-5">\n                    <h2 class="text-center mb-4">Log In</h2>\n                    <form method="POST">\n                        <input id="csrf_token" name="csrf_token" type="hidden" value="IjMzYjFiODVkYjU4ODY1M2E4NWQzNzA0ODg1MTNlODZlMzI2MWUyZjgi.Zoq0xA.7fFQBUrmP22E6DIZKfYTDOPCg90">\n                        <div class="form-group">\n                            <label for="email">Email</label>\n                            <input class="form-control rounded-pill py-3" id="email" name="email" placeholder="Enter your email" required type="text" value="">\n                            \n                        </div>\n                        <div class="form-group">\n                            <label for="password">Password</label>\n                            <input class="form-control rounded-pill py-3" id="password" name="password" required type="password" value="">\n                            \n                        </div>\n                        <button type="submit" class="btn btn-primary btn-block rounded-pill py-3">Log In</button>\n                    </form>\n                    <div class="text-center mt-4">\n                        <p class="mb-0">Don\'t have an account? <a href="/sign-up" class="text-decoration-none">Sign up</a></p>\n                    </div>\n                </div>\n            </div>\n        </div>\n    </div>\n</div>\n\n</div>\n\n<script src="https://code.jquery.com/jquery-3.5.1.min.js"></script>\n<script src="https://cdnjs.cloudflare.com/ajax/libs/popper.js/1.16.0/umd/popper.min.js"></script>\n<script src="https://stackpath.bootstrapcdn.com/bootstrap/4.5.0/js/bootstrap.min.js"></script>\n<script src="/static/index.js"></script> <!-- Add your custom JavaScript file -->\n</body>\n</html>'
2024-07-07 17:31:17,089 - DEBUG - Follow response data is : b'<!DOCTYPE html>\n<html lang="en">\n<head>\n    <meta charset="UTF-8">\n    <meta name="viewport" content="width=device-width, initial-scale=1.0">\n    <title>Log In</title>\n    <link rel="stylesheet" href="https://stackpath.bootstrapcdn.com/bootstrap/4.4.1/css/bootstrap.min.css" integrity="sha384-Vkoo8x4CGsO3+Hhxv8T/Q5PaXtkKtu6ug5TOeNV6gBiFeWPGFN9MuhOf23Q9Ifjh" crossorigin="anonymous">\n    <link rel="stylesheet" href="https://stackpath.bootstrapcdn.com/font-awesome/4.7.0/css/font-awesome.min.css">\n    <link rel="stylesheet" href="/static/styles.css"> <!-- Add your custom CSS file -->\n    <style>\n        body {\n            background-color: #f8f9fa;\n        }\n        .navbar {\n            background-color: #343a40;\n            border-bottom: 1px solid #343a40;\n        }\n        .navbar-brand {\n            font-size: 1.5rem;\n            color: #ffffff;\n            font-weight: bold;\n        }\n        .navbar-nav .nav-item .nav-link {\n            color: #ffffff;\n            font-weight: bold;\n        }\n        .navbar-toggler-icon {\n            background-color: #ffffff;\n        }\n        .container {\n            margin-top: 20px;\n        }\n    </style>\n</head>\n<body>\n\n<nav class="navbar navbar-expand-lg navbar-dark">\n    <div class="container">\n        <a class="navbar-brand" href="/">REST API APP</a>\n        <button class="navbar-toggler" type="button" data-toggle="collapse" data-target="#navbar">\n            <span class="navbar-toggler-icon"></span>\n        </button>\n        <div class="collapse navbar-collapse" id="navbar">\n            <ul class="navbar-nav ml-auto">\n                \n                <li class="nav-item">\n                    <a class="nav-link" id="login" href="/login">Login</a>\n                </li>\n                <li class="nav-item">\n                    <a class="nav-link" id="signUp" href="/sign-up">Sign Up</a>\n                </li>\n\n                \n            </ul>\n        </div>\n    </div>\n</nav>\n\n\n\n    <div class="container mt-4">\n        \n            <div class="alert alert-success alert-dismissible fade show" role="alert">\n                Your account has been created successfully!\n                <button type="button" class="close" data-dismiss="alert" aria-label="Close">\n                    <span aria-hidden="true">&times;</span>\n                </button>\n            </div>\n        \n    </div>\n\n\n\n<div class="container">\n    \n<div class="container mt-5">\n    <div class="row justify-content-center">\n        <div class="col-lg-6 col-md-8">\n            <div class="card border-0 shadow-lg">\n                <div class="card-body p-5">\n                    <h2 class="text-center mb-4">Log In</h2>\n                    <form method="POST">\n                        <input id="csrf_token" name="csrf_token" type="hidden" value="IjMzYjFiODVkYjU4ODY1M2E4NWQzNzA0ODg1MTNlODZlMzI2MWUyZjgi.Zoq0xA.7fFQBUrmP22E6DIZKfYTDOPCg90">\n                        <div class="form-group">\n                            <label for="email">Email</label>\n                            <input class="form-control rounded-pill py-3" id="email" name="email" placeholder="Enter your email" required type="text" value="">\n                            \n                        </div>\n                        <div class="form-group">\n                            <label for="password">Password</label>\n                            <input class="form-control rounded-pill py-3" id="password" name="password" required type="password" value="">\n                            \n                        </div>\n                        <button type="submit" class="btn btn-primary btn-block rounded-pill py-3">Log In</button>\n                    </form>\n                    <div class="text-center mt-4">\n                        <p class="mb-0">Don\'t have an account? <a href="/sign-up" class="text-decoration-none">Sign up</a></p>\n                    </div>\n                </div>\n            </div>\n        </div>\n    </div>\n</div>\n\n</div>\n\n<script src="https://code.jquery.com/jquery-3.5.1.min.js"></script>\n<script src="https://cdnjs.cloudflare.com/ajax/libs/popper.js/1.16.0/umd/popper.min.js"></script>\n<script src="https://stackpath.bootstrapcdn.com/bootstrap/4.5.0/js/bootstrap.min.js"></script>\n<script src="/static/index.js"></script> <!-- Add your custom JavaScript file -->\n</body>\n</html>'
2024-07-07 17:31:17,159 - INFO - test_signup started!
2024-07-07 17:31:17,159 - INFO - test_signup started!
2024-07-07 17:31:17,238 - INFO - test_signup started!
2024-07-07 17:31:17,238 - INFO - test_signup started!
2024-07-07 17:31:17,331 - INFO - test_signup_database_integration started!
2024-07-07 17:31:17,331 - INFO - test_signup_database_integration started!
2024-07-07 17:31:50,760 - INFO - test_signup started!
2024-07-07 17:31:50,760 - INFO - test_signup started!
2024-07-07 17:31:51,066 - DEBUG - Follow response status code: 200
2024-07-07 17:31:51,066 - DEBUG - Follow response status code: 200
2024-07-07 17:31:51,066 - DEBUG - Follow response data is : b'<!DOCTYPE html>\n<html lang="en">\n<head>\n    <meta charset="UTF-8">\n    <meta name="viewport" content="width=device-width, initial-scale=1.0">\n    <title>Log In</title>\n    <link rel="stylesheet" href="https://stackpath.bootstrapcdn.com/bootstrap/4.4.1/css/bootstrap.min.css" integrity="sha384-Vkoo8x4CGsO3+Hhxv8T/Q5PaXtkKtu6ug5TOeNV6gBiFeWPGFN9MuhOf23Q9Ifjh" crossorigin="anonymous">\n    <link rel="stylesheet" href="https://stackpath.bootstrapcdn.com/font-awesome/4.7.0/css/font-awesome.min.css">\n    <link rel="stylesheet" href="/static/styles.css"> <!-- Add your custom CSS file -->\n    <style>\n        body {\n            background-color: #f8f9fa;\n        }\n        .navbar {\n            background-color: #343a40;\n            border-bottom: 1px solid #343a40;\n        }\n        .navbar-brand {\n            font-size: 1.5rem;\n            color: #ffffff;\n            font-weight: bold;\n        }\n        .navbar-nav .nav-item .nav-link {\n            color: #ffffff;\n            font-weight: bold;\n        }\n        .navbar-toggler-icon {\n            background-color: #ffffff;\n        }\n        .container {\n            margin-top: 20px;\n        }\n    </style>\n</head>\n<body>\n\n<nav class="navbar navbar-expand-lg navbar-dark">\n    <div class="container">\n        <a class="navbar-brand" href="/">REST API APP</a>\n        <button class="navbar-toggler" type="button" data-toggle="collapse" data-target="#navbar">\n            <span class="navbar-toggler-icon"></span>\n        </button>\n        <div class="collapse navbar-collapse" id="navbar">\n            <ul class="navbar-nav ml-auto">\n                \n                <li class="nav-item">\n                    <a class="nav-link" id="login" href="/login">Login</a>\n                </li>\n                <li class="nav-item">\n                    <a class="nav-link" id="signUp" href="/sign-up">Sign Up</a>\n                </li>\n\n                \n            </ul>\n        </div>\n    </div>\n</nav>\n\n\n\n    <div class="container mt-4">\n        \n            <div class="alert alert-success alert-dismissible fade show" role="alert">\n                Your account has been created successfully!\n                <button type="button" class="close" data-dismiss="alert" aria-label="Close">\n                    <span aria-hidden="true">&times;</span>\n                </button>\n            </div>\n        \n    </div>\n\n\n\n<div class="container">\n    \n<div class="container mt-5">\n    <div class="row justify-content-center">\n        <div class="col-lg-6 col-md-8">\n            <div class="card border-0 shadow-lg">\n                <div class="card-body p-5">\n                    <h2 class="text-center mb-4">Log In</h2>\n                    <form method="POST">\n                        <input id="csrf_token" name="csrf_token" type="hidden" value="ImY0ZTY1YjMzZGE4NjEzZDM5OWFlNmFlYmNjYTY4NTY4ODJkZDRlM2Yi.Zoq05g.-sKilcBT6TiA-1dwiFRsE34yPHw">\n                        <div class="form-group">\n                            <label for="email">Email</label>\n                            <input class="form-control rounded-pill py-3" id="email" name="email" placeholder="Enter your email" required type="text" value="">\n                            \n                        </div>\n                        <div class="form-group">\n                            <label for="password">Password</label>\n                            <input class="form-control rounded-pill py-3" id="password" name="password" required type="password" value="">\n                            \n                        </div>\n                        <button type="submit" class="btn btn-primary btn-block rounded-pill py-3">Log In</button>\n                    </form>\n                    <div class="text-center mt-4">\n                        <p class="mb-0">Don\'t have an account? <a href="/sign-up" class="text-decoration-none">Sign up</a></p>\n                    </div>\n                </div>\n            </div>\n        </div>\n    </div>\n</div>\n\n</div>\n\n<script src="https://code.jquery.com/jquery-3.5.1.min.js"></script>\n<script src="https://cdnjs.cloudflare.com/ajax/libs/popper.js/1.16.0/umd/popper.min.js"></script>\n<script src="https://stackpath.bootstrapcdn.com/bootstrap/4.5.0/js/bootstrap.min.js"></script>\n<script src="/static/index.js"></script> <!-- Add your custom JavaScript file -->\n</body>\n</html>'
2024-07-07 17:31:51,066 - DEBUG - Follow response data is : b'<!DOCTYPE html>\n<html lang="en">\n<head>\n    <meta charset="UTF-8">\n    <meta name="viewport" content="width=device-width, initial-scale=1.0">\n    <title>Log In</title>\n    <link rel="stylesheet" href="https://stackpath.bootstrapcdn.com/bootstrap/4.4.1/css/bootstrap.min.css" integrity="sha384-Vkoo8x4CGsO3+Hhxv8T/Q5PaXtkKtu6ug5TOeNV6gBiFeWPGFN9MuhOf23Q9Ifjh" crossorigin="anonymous">\n    <link rel="stylesheet" href="https://stackpath.bootstrapcdn.com/font-awesome/4.7.0/css/font-awesome.min.css">\n    <link rel="stylesheet" href="/static/styles.css"> <!-- Add your custom CSS file -->\n    <style>\n        body {\n            background-color: #f8f9fa;\n        }\n        .navbar {\n            background-color: #343a40;\n            border-bottom: 1px solid #343a40;\n        }\n        .navbar-brand {\n            font-size: 1.5rem;\n            color: #ffffff;\n            font-weight: bold;\n        }\n        .navbar-nav .nav-item .nav-link {\n            color: #ffffff;\n            font-weight: bold;\n        }\n        .navbar-toggler-icon {\n            background-color: #ffffff;\n        }\n        .container {\n            margin-top: 20px;\n        }\n    </style>\n</head>\n<body>\n\n<nav class="navbar navbar-expand-lg navbar-dark">\n    <div class="container">\n        <a class="navbar-brand" href="/">REST API APP</a>\n        <button class="navbar-toggler" type="button" data-toggle="collapse" data-target="#navbar">\n            <span class="navbar-toggler-icon"></span>\n        </button>\n        <div class="collapse navbar-collapse" id="navbar">\n            <ul class="navbar-nav ml-auto">\n                \n                <li class="nav-item">\n                    <a class="nav-link" id="login" href="/login">Login</a>\n                </li>\n                <li class="nav-item">\n                    <a class="nav-link" id="signUp" href="/sign-up">Sign Up</a>\n                </li>\n\n                \n            </ul>\n        </div>\n    </div>\n</nav>\n\n\n\n    <div class="container mt-4">\n        \n            <div class="alert alert-success alert-dismissible fade show" role="alert">\n                Your account has been created successfully!\n                <button type="button" class="close" data-dismiss="alert" aria-label="Close">\n                    <span aria-hidden="true">&times;</span>\n                </button>\n            </div>\n        \n    </div>\n\n\n\n<div class="container">\n    \n<div class="container mt-5">\n    <div class="row justify-content-center">\n        <div class="col-lg-6 col-md-8">\n            <div class="card border-0 shadow-lg">\n                <div class="card-body p-5">\n                    <h2 class="text-center mb-4">Log In</h2>\n                    <form method="POST">\n                        <input id="csrf_token" name="csrf_token" type="hidden" value="ImY0ZTY1YjMzZGE4NjEzZDM5OWFlNmFlYmNjYTY4NTY4ODJkZDRlM2Yi.Zoq05g.-sKilcBT6TiA-1dwiFRsE34yPHw">\n                        <div class="form-group">\n                            <label for="email">Email</label>\n                            <input class="form-control rounded-pill py-3" id="email" name="email" placeholder="Enter your email" required type="text" value="">\n                            \n                        </div>\n                        <div class="form-group">\n                            <label for="password">Password</label>\n                            <input class="form-control rounded-pill py-3" id="password" name="password" required type="password" value="">\n                            \n                        </div>\n                        <button type="submit" class="btn btn-primary btn-block rounded-pill py-3">Log In</button>\n                    </form>\n                    <div class="text-center mt-4">\n                        <p class="mb-0">Don\'t have an account? <a href="/sign-up" class="text-decoration-none">Sign up</a></p>\n                    </div>\n                </div>\n            </div>\n        </div>\n    </div>\n</div>\n\n</div>\n\n<script src="https://code.jquery.com/jquery-3.5.1.min.js"></script>\n<script src="https://cdnjs.cloudflare.com/ajax/libs/popper.js/1.16.0/umd/popper.min.js"></script>\n<script src="https://stackpath.bootstrapcdn.com/bootstrap/4.5.0/js/bootstrap.min.js"></script>\n<script src="/static/index.js"></script> <!-- Add your custom JavaScript file -->\n</body>\n</html>'
2024-07-07 17:31:51,124 - INFO - test_signup started!
2024-07-07 17:31:51,124 - INFO - test_signup started!
2024-07-07 17:31:51,199 - INFO - test_signup started!
2024-07-07 17:31:51,199 - INFO - test_signup started!
2024-07-07 17:31:51,319 - INFO - test_signup_database_integration started!
2024-07-07 17:31:51,319 - INFO - test_signup_database_integration started!
2024-07-07 17:32:04,419 - INFO - test_signup started!
2024-07-07 17:32:04,419 - INFO - test_signup started!
2024-07-07 17:32:04,709 - DEBUG - Follow response status code: 200
2024-07-07 17:32:04,709 - DEBUG - Follow response status code: 200
2024-07-07 17:32:04,709 - DEBUG - Follow response data is : b'<!DOCTYPE html>\n<html lang="en">\n<head>\n    <meta charset="UTF-8">\n    <meta name="viewport" content="width=device-width, initial-scale=1.0">\n    <title>Log In</title>\n    <link rel="stylesheet" href="https://stackpath.bootstrapcdn.com/bootstrap/4.4.1/css/bootstrap.min.css" integrity="sha384-Vkoo8x4CGsO3+Hhxv8T/Q5PaXtkKtu6ug5TOeNV6gBiFeWPGFN9MuhOf23Q9Ifjh" crossorigin="anonymous">\n    <link rel="stylesheet" href="https://stackpath.bootstrapcdn.com/font-awesome/4.7.0/css/font-awesome.min.css">\n    <link rel="stylesheet" href="/static/styles.css"> <!-- Add your custom CSS file -->\n    <style>\n        body {\n            background-color: #f8f9fa;\n        }\n        .navbar {\n            background-color: #343a40;\n            border-bottom: 1px solid #343a40;\n        }\n        .navbar-brand {\n            font-size: 1.5rem;\n            color: #ffffff;\n            font-weight: bold;\n        }\n        .navbar-nav .nav-item .nav-link {\n            color: #ffffff;\n            font-weight: bold;\n        }\n        .navbar-toggler-icon {\n            background-color: #ffffff;\n        }\n        .container {\n            margin-top: 20px;\n        }\n    </style>\n</head>\n<body>\n\n<nav class="navbar navbar-expand-lg navbar-dark">\n    <div class="container">\n        <a class="navbar-brand" href="/">REST API APP</a>\n        <button class="navbar-toggler" type="button" data-toggle="collapse" data-target="#navbar">\n            <span class="navbar-toggler-icon"></span>\n        </button>\n        <div class="collapse navbar-collapse" id="navbar">\n            <ul class="navbar-nav ml-auto">\n                \n                <li class="nav-item">\n                    <a class="nav-link" id="login" href="/login">Login</a>\n                </li>\n                <li class="nav-item">\n                    <a class="nav-link" id="signUp" href="/sign-up">Sign Up</a>\n                </li>\n\n                \n            </ul>\n        </div>\n    </div>\n</nav>\n\n\n\n    <div class="container mt-4">\n        \n            <div class="alert alert-success alert-dismissible fade show" role="alert">\n                Your account has been created successfully!\n                <button type="button" class="close" data-dismiss="alert" aria-label="Close">\n                    <span aria-hidden="true">&times;</span>\n                </button>\n            </div>\n        \n    </div>\n\n\n\n<div class="container">\n    \n<div class="container mt-5">\n    <div class="row justify-content-center">\n        <div class="col-lg-6 col-md-8">\n            <div class="card border-0 shadow-lg">\n                <div class="card-body p-5">\n                    <h2 class="text-center mb-4">Log In</h2>\n                    <form method="POST">\n                        <input id="csrf_token" name="csrf_token" type="hidden" value="ImRiNTMwZmY0NThhYWZhMjZlMmFlMDI5N2EyNjM1ODk1ZTE1OWI3MGIi.Zoq09A.Xv4eWODajzQ91WExR7TY2q5fmsg">\n                        <div class="form-group">\n                            <label for="email">Email</label>\n                            <input class="form-control rounded-pill py-3" id="email" name="email" placeholder="Enter your email" required type="text" value="">\n                            \n                        </div>\n                        <div class="form-group">\n                            <label for="password">Password</label>\n                            <input class="form-control rounded-pill py-3" id="password" name="password" required type="password" value="">\n                            \n                        </div>\n                        <button type="submit" class="btn btn-primary btn-block rounded-pill py-3">Log In</button>\n                    </form>\n                    <div class="text-center mt-4">\n                        <p class="mb-0">Don\'t have an account? <a href="/sign-up" class="text-decoration-none">Sign up</a></p>\n                    </div>\n                </div>\n            </div>\n        </div>\n    </div>\n</div>\n\n</div>\n\n<script src="https://code.jquery.com/jquery-3.5.1.min.js"></script>\n<script src="https://cdnjs.cloudflare.com/ajax/libs/popper.js/1.16.0/umd/popper.min.js"></script>\n<script src="https://stackpath.bootstrapcdn.com/bootstrap/4.5.0/js/bootstrap.min.js"></script>\n<script src="/static/index.js"></script> <!-- Add your custom JavaScript file -->\n</body>\n</html>'
2024-07-07 17:32:04,709 - DEBUG - Follow response data is : b'<!DOCTYPE html>\n<html lang="en">\n<head>\n    <meta charset="UTF-8">\n    <meta name="viewport" content="width=device-width, initial-scale=1.0">\n    <title>Log In</title>\n    <link rel="stylesheet" href="https://stackpath.bootstrapcdn.com/bootstrap/4.4.1/css/bootstrap.min.css" integrity="sha384-Vkoo8x4CGsO3+Hhxv8T/Q5PaXtkKtu6ug5TOeNV6gBiFeWPGFN9MuhOf23Q9Ifjh" crossorigin="anonymous">\n    <link rel="stylesheet" href="https://stackpath.bootstrapcdn.com/font-awesome/4.7.0/css/font-awesome.min.css">\n    <link rel="stylesheet" href="/static/styles.css"> <!-- Add your custom CSS file -->\n    <style>\n        body {\n            background-color: #f8f9fa;\n        }\n        .navbar {\n            background-color: #343a40;\n            border-bottom: 1px solid #343a40;\n        }\n        .navbar-brand {\n            font-size: 1.5rem;\n            color: #ffffff;\n            font-weight: bold;\n        }\n        .navbar-nav .nav-item .nav-link {\n            color: #ffffff;\n            font-weight: bold;\n        }\n        .navbar-toggler-icon {\n            background-color: #ffffff;\n        }\n        .container {\n            margin-top: 20px;\n        }\n    </style>\n</head>\n<body>\n\n<nav class="navbar navbar-expand-lg navbar-dark">\n    <div class="container">\n        <a class="navbar-brand" href="/">REST API APP</a>\n        <button class="navbar-toggler" type="button" data-toggle="collapse" data-target="#navbar">\n            <span class="navbar-toggler-icon"></span>\n        </button>\n        <div class="collapse navbar-collapse" id="navbar">\n            <ul class="navbar-nav ml-auto">\n                \n                <li class="nav-item">\n                    <a class="nav-link" id="login" href="/login">Login</a>\n                </li>\n                <li class="nav-item">\n                    <a class="nav-link" id="signUp" href="/sign-up">Sign Up</a>\n                </li>\n\n                \n            </ul>\n        </div>\n    </div>\n</nav>\n\n\n\n    <div class="container mt-4">\n        \n            <div class="alert alert-success alert-dismissible fade show" role="alert">\n                Your account has been created successfully!\n                <button type="button" class="close" data-dismiss="alert" aria-label="Close">\n                    <span aria-hidden="true">&times;</span>\n                </button>\n            </div>\n        \n    </div>\n\n\n\n<div class="container">\n    \n<div class="container mt-5">\n    <div class="row justify-content-center">\n        <div class="col-lg-6 col-md-8">\n            <div class="card border-0 shadow-lg">\n                <div class="card-body p-5">\n                    <h2 class="text-center mb-4">Log In</h2>\n                    <form method="POST">\n                        <input id="csrf_token" name="csrf_token" type="hidden" value="ImRiNTMwZmY0NThhYWZhMjZlMmFlMDI5N2EyNjM1ODk1ZTE1OWI3MGIi.Zoq09A.Xv4eWODajzQ91WExR7TY2q5fmsg">\n                        <div class="form-group">\n                            <label for="email">Email</label>\n                            <input class="form-control rounded-pill py-3" id="email" name="email" placeholder="Enter your email" required type="text" value="">\n                            \n                        </div>\n                        <div class="form-group">\n                            <label for="password">Password</label>\n                            <input class="form-control rounded-pill py-3" id="password" name="password" required type="password" value="">\n                            \n                        </div>\n                        <button type="submit" class="btn btn-primary btn-block rounded-pill py-3">Log In</button>\n                    </form>\n                    <div class="text-center mt-4">\n                        <p class="mb-0">Don\'t have an account? <a href="/sign-up" class="text-decoration-none">Sign up</a></p>\n                    </div>\n                </div>\n            </div>\n        </div>\n    </div>\n</div>\n\n</div>\n\n<script src="https://code.jquery.com/jquery-3.5.1.min.js"></script>\n<script src="https://cdnjs.cloudflare.com/ajax/libs/popper.js/1.16.0/umd/popper.min.js"></script>\n<script src="https://stackpath.bootstrapcdn.com/bootstrap/4.5.0/js/bootstrap.min.js"></script>\n<script src="/static/index.js"></script> <!-- Add your custom JavaScript file -->\n</body>\n</html>'
2024-07-07 17:32:04,774 - INFO - test_signup started!
2024-07-07 17:32:04,774 - INFO - test_signup started!
2024-07-07 17:32:04,850 - INFO - test_signup started!
2024-07-07 17:32:04,850 - INFO - test_signup started!
2024-07-07 17:32:04,968 - INFO - test_signup_database_integration started!
2024-07-07 17:32:04,968 - INFO - test_signup_database_integration started!
2024-07-07 17:32:23,036 - INFO - test_signup started!
2024-07-07 17:32:23,036 - INFO - test_signup started!
2024-07-07 17:32:23,340 - DEBUG - Follow response status code: 200
2024-07-07 17:32:23,340 - DEBUG - Follow response status code: 200
2024-07-07 17:32:23,340 - DEBUG - Follow response data is : b'<!DOCTYPE html>\n<html lang="en">\n<head>\n    <meta charset="UTF-8">\n    <meta name="viewport" content="width=device-width, initial-scale=1.0">\n    <title>Log In</title>\n    <link rel="stylesheet" href="https://stackpath.bootstrapcdn.com/bootstrap/4.4.1/css/bootstrap.min.css" integrity="sha384-Vkoo8x4CGsO3+Hhxv8T/Q5PaXtkKtu6ug5TOeNV6gBiFeWPGFN9MuhOf23Q9Ifjh" crossorigin="anonymous">\n    <link rel="stylesheet" href="https://stackpath.bootstrapcdn.com/font-awesome/4.7.0/css/font-awesome.min.css">\n    <link rel="stylesheet" href="/static/styles.css"> <!-- Add your custom CSS file -->\n    <style>\n        body {\n            background-color: #f8f9fa;\n        }\n        .navbar {\n            background-color: #343a40;\n            border-bottom: 1px solid #343a40;\n        }\n        .navbar-brand {\n            font-size: 1.5rem;\n            color: #ffffff;\n            font-weight: bold;\n        }\n        .navbar-nav .nav-item .nav-link {\n            color: #ffffff;\n            font-weight: bold;\n        }\n        .navbar-toggler-icon {\n            background-color: #ffffff;\n        }\n        .container {\n            margin-top: 20px;\n        }\n    </style>\n</head>\n<body>\n\n<nav class="navbar navbar-expand-lg navbar-dark">\n    <div class="container">\n        <a class="navbar-brand" href="/">REST API APP</a>\n        <button class="navbar-toggler" type="button" data-toggle="collapse" data-target="#navbar">\n            <span class="navbar-toggler-icon"></span>\n        </button>\n        <div class="collapse navbar-collapse" id="navbar">\n            <ul class="navbar-nav ml-auto">\n                \n                <li class="nav-item">\n                    <a class="nav-link" id="login" href="/login">Login</a>\n                </li>\n                <li class="nav-item">\n                    <a class="nav-link" id="signUp" href="/sign-up">Sign Up</a>\n                </li>\n\n                \n            </ul>\n        </div>\n    </div>\n</nav>\n\n\n\n    <div class="container mt-4">\n        \n            <div class="alert alert-success alert-dismissible fade show" role="alert">\n                Your account has been created successfully!\n                <button type="button" class="close" data-dismiss="alert" aria-label="Close">\n                    <span aria-hidden="true">&times;</span>\n                </button>\n            </div>\n        \n    </div>\n\n\n\n<div class="container">\n    \n<div class="container mt-5">\n    <div class="row justify-content-center">\n        <div class="col-lg-6 col-md-8">\n            <div class="card border-0 shadow-lg">\n                <div class="card-body p-5">\n                    <h2 class="text-center mb-4">Log In</h2>\n                    <form method="POST">\n                        <input id="csrf_token" name="csrf_token" type="hidden" value="ImU1MWE4NWRkZjhlYTc4Mjk0OTZmNGJlYjBmNWI5MDc4MmZhZWI5ODYi.Zoq1Bw.qon0letd4-3wPbi77Dw4dOvFoPM">\n                        <div class="form-group">\n                            <label for="email">Email</label>\n                            <input class="form-control rounded-pill py-3" id="email" name="email" placeholder="Enter your email" required type="text" value="">\n                            \n                        </div>\n                        <div class="form-group">\n                            <label for="password">Password</label>\n                            <input class="form-control rounded-pill py-3" id="password" name="password" required type="password" value="">\n                            \n                        </div>\n                        <button type="submit" class="btn btn-primary btn-block rounded-pill py-3">Log In</button>\n                    </form>\n                    <div class="text-center mt-4">\n                        <p class="mb-0">Don\'t have an account? <a href="/sign-up" class="text-decoration-none">Sign up</a></p>\n                    </div>\n                </div>\n            </div>\n        </div>\n    </div>\n</div>\n\n</div>\n\n<script src="https://code.jquery.com/jquery-3.5.1.min.js"></script>\n<script src="https://cdnjs.cloudflare.com/ajax/libs/popper.js/1.16.0/umd/popper.min.js"></script>\n<script src="https://stackpath.bootstrapcdn.com/bootstrap/4.5.0/js/bootstrap.min.js"></script>\n<script src="/static/index.js"></script> <!-- Add your custom JavaScript file -->\n</body>\n</html>'
2024-07-07 17:32:23,340 - DEBUG - Follow response data is : b'<!DOCTYPE html>\n<html lang="en">\n<head>\n    <meta charset="UTF-8">\n    <meta name="viewport" content="width=device-width, initial-scale=1.0">\n    <title>Log In</title>\n    <link rel="stylesheet" href="https://stackpath.bootstrapcdn.com/bootstrap/4.4.1/css/bootstrap.min.css" integrity="sha384-Vkoo8x4CGsO3+Hhxv8T/Q5PaXtkKtu6ug5TOeNV6gBiFeWPGFN9MuhOf23Q9Ifjh" crossorigin="anonymous">\n    <link rel="stylesheet" href="https://stackpath.bootstrapcdn.com/font-awesome/4.7.0/css/font-awesome.min.css">\n    <link rel="stylesheet" href="/static/styles.css"> <!-- Add your custom CSS file -->\n    <style>\n        body {\n            background-color: #f8f9fa;\n        }\n        .navbar {\n            background-color: #343a40;\n            border-bottom: 1px solid #343a40;\n        }\n        .navbar-brand {\n            font-size: 1.5rem;\n            color: #ffffff;\n            font-weight: bold;\n        }\n        .navbar-nav .nav-item .nav-link {\n            color: #ffffff;\n            font-weight: bold;\n        }\n        .navbar-toggler-icon {\n            background-color: #ffffff;\n        }\n        .container {\n            margin-top: 20px;\n        }\n    </style>\n</head>\n<body>\n\n<nav class="navbar navbar-expand-lg navbar-dark">\n    <div class="container">\n        <a class="navbar-brand" href="/">REST API APP</a>\n        <button class="navbar-toggler" type="button" data-toggle="collapse" data-target="#navbar">\n            <span class="navbar-toggler-icon"></span>\n        </button>\n        <div class="collapse navbar-collapse" id="navbar">\n            <ul class="navbar-nav ml-auto">\n                \n                <li class="nav-item">\n                    <a class="nav-link" id="login" href="/login">Login</a>\n                </li>\n                <li class="nav-item">\n                    <a class="nav-link" id="signUp" href="/sign-up">Sign Up</a>\n                </li>\n\n                \n            </ul>\n        </div>\n    </div>\n</nav>\n\n\n\n    <div class="container mt-4">\n        \n            <div class="alert alert-success alert-dismissible fade show" role="alert">\n                Your account has been created successfully!\n                <button type="button" class="close" data-dismiss="alert" aria-label="Close">\n                    <span aria-hidden="true">&times;</span>\n                </button>\n            </div>\n        \n    </div>\n\n\n\n<div class="container">\n    \n<div class="container mt-5">\n    <div class="row justify-content-center">\n        <div class="col-lg-6 col-md-8">\n            <div class="card border-0 shadow-lg">\n                <div class="card-body p-5">\n                    <h2 class="text-center mb-4">Log In</h2>\n                    <form method="POST">\n                        <input id="csrf_token" name="csrf_token" type="hidden" value="ImU1MWE4NWRkZjhlYTc4Mjk0OTZmNGJlYjBmNWI5MDc4MmZhZWI5ODYi.Zoq1Bw.qon0letd4-3wPbi77Dw4dOvFoPM">\n                        <div class="form-group">\n                            <label for="email">Email</label>\n                            <input class="form-control rounded-pill py-3" id="email" name="email" placeholder="Enter your email" required type="text" value="">\n                            \n                        </div>\n                        <div class="form-group">\n                            <label for="password">Password</label>\n                            <input class="form-control rounded-pill py-3" id="password" name="password" required type="password" value="">\n                            \n                        </div>\n                        <button type="submit" class="btn btn-primary btn-block rounded-pill py-3">Log In</button>\n                    </form>\n                    <div class="text-center mt-4">\n                        <p class="mb-0">Don\'t have an account? <a href="/sign-up" class="text-decoration-none">Sign up</a></p>\n                    </div>\n                </div>\n            </div>\n        </div>\n    </div>\n</div>\n\n</div>\n\n<script src="https://code.jquery.com/jquery-3.5.1.min.js"></script>\n<script src="https://cdnjs.cloudflare.com/ajax/libs/popper.js/1.16.0/umd/popper.min.js"></script>\n<script src="https://stackpath.bootstrapcdn.com/bootstrap/4.5.0/js/bootstrap.min.js"></script>\n<script src="/static/index.js"></script> <!-- Add your custom JavaScript file -->\n</body>\n</html>'
2024-07-07 17:32:23,396 - INFO - test_signup started!
2024-07-07 17:32:23,396 - INFO - test_signup started!
2024-07-07 17:32:23,470 - INFO - test_signup started!
2024-07-07 17:32:23,470 - INFO - test_signup started!
2024-07-07 17:32:23,590 - INFO - test_signup_database_integration started!
2024-07-07 17:32:23,590 - INFO - test_signup_database_integration started!
2024-07-07 17:34:06,286 - INFO - test_signup started!
2024-07-07 17:34:06,286 - INFO - test_signup started!
2024-07-07 17:34:06,595 - DEBUG - Follow response status code: 200
2024-07-07 17:34:06,595 - DEBUG - Follow response status code: 200
2024-07-07 17:34:06,595 - DEBUG - Follow response data is : b'<!DOCTYPE html>\n<html lang="en">\n<head>\n    <meta charset="UTF-8">\n    <meta name="viewport" content="width=device-width, initial-scale=1.0">\n    <title>Log In</title>\n    <link rel="stylesheet" href="https://stackpath.bootstrapcdn.com/bootstrap/4.4.1/css/bootstrap.min.css" integrity="sha384-Vkoo8x4CGsO3+Hhxv8T/Q5PaXtkKtu6ug5TOeNV6gBiFeWPGFN9MuhOf23Q9Ifjh" crossorigin="anonymous">\n    <link rel="stylesheet" href="https://stackpath.bootstrapcdn.com/font-awesome/4.7.0/css/font-awesome.min.css">\n    <link rel="stylesheet" href="/static/styles.css"> <!-- Add your custom CSS file -->\n    <style>\n        body {\n            background-color: #f8f9fa;\n        }\n        .navbar {\n            background-color: #343a40;\n            border-bottom: 1px solid #343a40;\n        }\n        .navbar-brand {\n            font-size: 1.5rem;\n            color: #ffffff;\n            font-weight: bold;\n        }\n        .navbar-nav .nav-item .nav-link {\n            color: #ffffff;\n            font-weight: bold;\n        }\n        .navbar-toggler-icon {\n            background-color: #ffffff;\n        }\n        .container {\n            margin-top: 20px;\n        }\n    </style>\n</head>\n<body>\n\n<nav class="navbar navbar-expand-lg navbar-dark">\n    <div class="container">\n        <a class="navbar-brand" href="/">REST API APP</a>\n        <button class="navbar-toggler" type="button" data-toggle="collapse" data-target="#navbar">\n            <span class="navbar-toggler-icon"></span>\n        </button>\n        <div class="collapse navbar-collapse" id="navbar">\n            <ul class="navbar-nav ml-auto">\n                \n                <li class="nav-item">\n                    <a class="nav-link" id="login" href="/login">Login</a>\n                </li>\n                <li class="nav-item">\n                    <a class="nav-link" id="signUp" href="/sign-up">Sign Up</a>\n                </li>\n\n                \n            </ul>\n        </div>\n    </div>\n</nav>\n\n\n\n    <div class="container mt-4">\n        \n            <div class="alert alert-success alert-dismissible fade show" role="alert">\n                Your account has been created successfully!\n                <button type="button" class="close" data-dismiss="alert" aria-label="Close">\n                    <span aria-hidden="true">&times;</span>\n                </button>\n            </div>\n        \n    </div>\n\n\n\n<div class="container">\n    \n<div class="container mt-5">\n    <div class="row justify-content-center">\n        <div class="col-lg-6 col-md-8">\n            <div class="card border-0 shadow-lg">\n                <div class="card-body p-5">\n                    <h2 class="text-center mb-4">Log In</h2>\n                    <form method="POST">\n                        <input id="csrf_token" name="csrf_token" type="hidden" value="ImJmZTAwMGJlZTYwZTBjNzlkNzY0ODQ2YTllYTFiYWRjN2MzNDQ5ODQi.Zoq1bg.5ApzCHZcqZ8zmh5SRFTYJMc1zK4">\n                        <div class="form-group">\n                            <label for="email">Email</label>\n                            <input class="form-control rounded-pill py-3" id="email" name="email" placeholder="Enter your email" required type="text" value="">\n                            \n                        </div>\n                        <div class="form-group">\n                            <label for="password">Password</label>\n                            <input class="form-control rounded-pill py-3" id="password" name="password" required type="password" value="">\n                            \n                        </div>\n                        <button type="submit" class="btn btn-primary btn-block rounded-pill py-3">Log In</button>\n                    </form>\n                    <div class="text-center mt-4">\n                        <p class="mb-0">Don\'t have an account? <a href="/sign-up" class="text-decoration-none">Sign up</a></p>\n                    </div>\n                </div>\n            </div>\n        </div>\n    </div>\n</div>\n\n</div>\n\n<script src="https://code.jquery.com/jquery-3.5.1.min.js"></script>\n<script src="https://cdnjs.cloudflare.com/ajax/libs/popper.js/1.16.0/umd/popper.min.js"></script>\n<script src="https://stackpath.bootstrapcdn.com/bootstrap/4.5.0/js/bootstrap.min.js"></script>\n<script src="/static/index.js"></script> <!-- Add your custom JavaScript file -->\n</body>\n</html>'
2024-07-07 17:34:06,595 - DEBUG - Follow response data is : b'<!DOCTYPE html>\n<html lang="en">\n<head>\n    <meta charset="UTF-8">\n    <meta name="viewport" content="width=device-width, initial-scale=1.0">\n    <title>Log In</title>\n    <link rel="stylesheet" href="https://stackpath.bootstrapcdn.com/bootstrap/4.4.1/css/bootstrap.min.css" integrity="sha384-Vkoo8x4CGsO3+Hhxv8T/Q5PaXtkKtu6ug5TOeNV6gBiFeWPGFN9MuhOf23Q9Ifjh" crossorigin="anonymous">\n    <link rel="stylesheet" href="https://stackpath.bootstrapcdn.com/font-awesome/4.7.0/css/font-awesome.min.css">\n    <link rel="stylesheet" href="/static/styles.css"> <!-- Add your custom CSS file -->\n    <style>\n        body {\n            background-color: #f8f9fa;\n        }\n        .navbar {\n            background-color: #343a40;\n            border-bottom: 1px solid #343a40;\n        }\n        .navbar-brand {\n            font-size: 1.5rem;\n            color: #ffffff;\n            font-weight: bold;\n        }\n        .navbar-nav .nav-item .nav-link {\n            color: #ffffff;\n            font-weight: bold;\n        }\n        .navbar-toggler-icon {\n            background-color: #ffffff;\n        }\n        .container {\n            margin-top: 20px;\n        }\n    </style>\n</head>\n<body>\n\n<nav class="navbar navbar-expand-lg navbar-dark">\n    <div class="container">\n        <a class="navbar-brand" href="/">REST API APP</a>\n        <button class="navbar-toggler" type="button" data-toggle="collapse" data-target="#navbar">\n            <span class="navbar-toggler-icon"></span>\n        </button>\n        <div class="collapse navbar-collapse" id="navbar">\n            <ul class="navbar-nav ml-auto">\n                \n                <li class="nav-item">\n                    <a class="nav-link" id="login" href="/login">Login</a>\n                </li>\n                <li class="nav-item">\n                    <a class="nav-link" id="signUp" href="/sign-up">Sign Up</a>\n                </li>\n\n                \n            </ul>\n        </div>\n    </div>\n</nav>\n\n\n\n    <div class="container mt-4">\n        \n            <div class="alert alert-success alert-dismissible fade show" role="alert">\n                Your account has been created successfully!\n                <button type="button" class="close" data-dismiss="alert" aria-label="Close">\n                    <span aria-hidden="true">&times;</span>\n                </button>\n            </div>\n        \n    </div>\n\n\n\n<div class="container">\n    \n<div class="container mt-5">\n    <div class="row justify-content-center">\n        <div class="col-lg-6 col-md-8">\n            <div class="card border-0 shadow-lg">\n                <div class="card-body p-5">\n                    <h2 class="text-center mb-4">Log In</h2>\n                    <form method="POST">\n                        <input id="csrf_token" name="csrf_token" type="hidden" value="ImJmZTAwMGJlZTYwZTBjNzlkNzY0ODQ2YTllYTFiYWRjN2MzNDQ5ODQi.Zoq1bg.5ApzCHZcqZ8zmh5SRFTYJMc1zK4">\n                        <div class="form-group">\n                            <label for="email">Email</label>\n                            <input class="form-control rounded-pill py-3" id="email" name="email" placeholder="Enter your email" required type="text" value="">\n                            \n                        </div>\n                        <div class="form-group">\n                            <label for="password">Password</label>\n                            <input class="form-control rounded-pill py-3" id="password" name="password" required type="password" value="">\n                            \n                        </div>\n                        <button type="submit" class="btn btn-primary btn-block rounded-pill py-3">Log In</button>\n                    </form>\n                    <div class="text-center mt-4">\n                        <p class="mb-0">Don\'t have an account? <a href="/sign-up" class="text-decoration-none">Sign up</a></p>\n                    </div>\n                </div>\n            </div>\n        </div>\n    </div>\n</div>\n\n</div>\n\n<script src="https://code.jquery.com/jquery-3.5.1.min.js"></script>\n<script src="https://cdnjs.cloudflare.com/ajax/libs/popper.js/1.16.0/umd/popper.min.js"></script>\n<script src="https://stackpath.bootstrapcdn.com/bootstrap/4.5.0/js/bootstrap.min.js"></script>\n<script src="/static/index.js"></script> <!-- Add your custom JavaScript file -->\n</body>\n</html>'
2024-07-07 17:34:06,652 - INFO - test_signup started!
2024-07-07 17:34:06,652 - INFO - test_signup started!
2024-07-07 17:34:06,730 - INFO - test_signup started!
2024-07-07 17:34:06,730 - INFO - test_signup started!
2024-07-07 17:34:06,852 - INFO - test_signup_database_integration started!
2024-07-07 17:34:06,852 - INFO - test_signup_database_integration started!
2024-07-07 17:37:34,855 - INFO - test_signup started!
2024-07-07 17:37:34,855 - INFO - test_signup started!
2024-07-07 17:37:35,164 - DEBUG - Follow response status code: 200
2024-07-07 17:37:35,164 - DEBUG - Follow response status code: 200
2024-07-07 17:37:35,164 - DEBUG - Follow response data is : b'<!DOCTYPE html>\n<html lang="en">\n<head>\n    <meta charset="UTF-8">\n    <meta name="viewport" content="width=device-width, initial-scale=1.0">\n    <title>Log In</title>\n    <link rel="stylesheet" href="https://stackpath.bootstrapcdn.com/bootstrap/4.4.1/css/bootstrap.min.css" integrity="sha384-Vkoo8x4CGsO3+Hhxv8T/Q5PaXtkKtu6ug5TOeNV6gBiFeWPGFN9MuhOf23Q9Ifjh" crossorigin="anonymous">\n    <link rel="stylesheet" href="https://stackpath.bootstrapcdn.com/font-awesome/4.7.0/css/font-awesome.min.css">\n    <link rel="stylesheet" href="/static/styles.css"> <!-- Add your custom CSS file -->\n    <style>\n        body {\n            background-color: #f8f9fa;\n        }\n        .navbar {\n            background-color: #343a40;\n            border-bottom: 1px solid #343a40;\n        }\n        .navbar-brand {\n            font-size: 1.5rem;\n            color: #ffffff;\n            font-weight: bold;\n        }\n        .navbar-nav .nav-item .nav-link {\n            color: #ffffff;\n            font-weight: bold;\n        }\n        .navbar-toggler-icon {\n            background-color: #ffffff;\n        }\n        .container {\n            margin-top: 20px;\n        }\n    </style>\n</head>\n<body>\n\n<nav class="navbar navbar-expand-lg navbar-dark">\n    <div class="container">\n        <a class="navbar-brand" href="/">REST API APP</a>\n        <button class="navbar-toggler" type="button" data-toggle="collapse" data-target="#navbar">\n            <span class="navbar-toggler-icon"></span>\n        </button>\n        <div class="collapse navbar-collapse" id="navbar">\n            <ul class="navbar-nav ml-auto">\n                \n                <li class="nav-item">\n                    <a class="nav-link" id="login" href="/login">Login</a>\n                </li>\n                <li class="nav-item">\n                    <a class="nav-link" id="signUp" href="/sign-up">Sign Up</a>\n                </li>\n\n                \n            </ul>\n        </div>\n    </div>\n</nav>\n\n\n\n    <div class="container mt-4">\n        \n            <div class="alert alert-success alert-dismissible fade show" role="alert">\n                Your account has been created successfully!\n                <button type="button" class="close" data-dismiss="alert" aria-label="Close">\n                    <span aria-hidden="true">&times;</span>\n                </button>\n            </div>\n        \n    </div>\n\n\n\n<div class="container">\n    \n<div class="container mt-5">\n    <div class="row justify-content-center">\n        <div class="col-lg-6 col-md-8">\n            <div class="card border-0 shadow-lg">\n                <div class="card-body p-5">\n                    <h2 class="text-center mb-4">Log In</h2>\n                    <form method="POST">\n                        <input id="csrf_token" name="csrf_token" type="hidden" value="ImE3Y2ZkYTk4YTY1YzEyMDNkY2YzMzU1NTI4NWQzMWVjMmY5OTM5ZDIi.Zoq2Pg.LoZVZzpILu_QnyZoi7ip4e8uNwo">\n                        <div class="form-group">\n                            <label for="email">Email</label>\n                            <input class="form-control rounded-pill py-3" id="email" name="email" placeholder="Enter your email" required type="text" value="">\n                            \n                        </div>\n                        <div class="form-group">\n                            <label for="password">Password</label>\n                            <input class="form-control rounded-pill py-3" id="password" name="password" required type="password" value="">\n                            \n                        </div>\n                        <button type="submit" class="btn btn-primary btn-block rounded-pill py-3">Log In</button>\n                    </form>\n                    <div class="text-center mt-4">\n                        <p class="mb-0">Don\'t have an account? <a href="/sign-up" class="text-decoration-none">Sign up</a></p>\n                    </div>\n                </div>\n            </div>\n        </div>\n    </div>\n</div>\n\n</div>\n\n<script src="https://code.jquery.com/jquery-3.5.1.min.js"></script>\n<script src="https://cdnjs.cloudflare.com/ajax/libs/popper.js/1.16.0/umd/popper.min.js"></script>\n<script src="https://stackpath.bootstrapcdn.com/bootstrap/4.5.0/js/bootstrap.min.js"></script>\n<script src="/static/index.js"></script> <!-- Add your custom JavaScript file -->\n</body>\n</html>'
2024-07-07 17:37:35,164 - DEBUG - Follow response data is : b'<!DOCTYPE html>\n<html lang="en">\n<head>\n    <meta charset="UTF-8">\n    <meta name="viewport" content="width=device-width, initial-scale=1.0">\n    <title>Log In</title>\n    <link rel="stylesheet" href="https://stackpath.bootstrapcdn.com/bootstrap/4.4.1/css/bootstrap.min.css" integrity="sha384-Vkoo8x4CGsO3+Hhxv8T/Q5PaXtkKtu6ug5TOeNV6gBiFeWPGFN9MuhOf23Q9Ifjh" crossorigin="anonymous">\n    <link rel="stylesheet" href="https://stackpath.bootstrapcdn.com/font-awesome/4.7.0/css/font-awesome.min.css">\n    <link rel="stylesheet" href="/static/styles.css"> <!-- Add your custom CSS file -->\n    <style>\n        body {\n            background-color: #f8f9fa;\n        }\n        .navbar {\n            background-color: #343a40;\n            border-bottom: 1px solid #343a40;\n        }\n        .navbar-brand {\n            font-size: 1.5rem;\n            color: #ffffff;\n            font-weight: bold;\n        }\n        .navbar-nav .nav-item .nav-link {\n            color: #ffffff;\n            font-weight: bold;\n        }\n        .navbar-toggler-icon {\n            background-color: #ffffff;\n        }\n        .container {\n            margin-top: 20px;\n        }\n    </style>\n</head>\n<body>\n\n<nav class="navbar navbar-expand-lg navbar-dark">\n    <div class="container">\n        <a class="navbar-brand" href="/">REST API APP</a>\n        <button class="navbar-toggler" type="button" data-toggle="collapse" data-target="#navbar">\n            <span class="navbar-toggler-icon"></span>\n        </button>\n        <div class="collapse navbar-collapse" id="navbar">\n            <ul class="navbar-nav ml-auto">\n                \n                <li class="nav-item">\n                    <a class="nav-link" id="login" href="/login">Login</a>\n                </li>\n                <li class="nav-item">\n                    <a class="nav-link" id="signUp" href="/sign-up">Sign Up</a>\n                </li>\n\n                \n            </ul>\n        </div>\n    </div>\n</nav>\n\n\n\n    <div class="container mt-4">\n        \n            <div class="alert alert-success alert-dismissible fade show" role="alert">\n                Your account has been created successfully!\n                <button type="button" class="close" data-dismiss="alert" aria-label="Close">\n                    <span aria-hidden="true">&times;</span>\n                </button>\n            </div>\n        \n    </div>\n\n\n\n<div class="container">\n    \n<div class="container mt-5">\n    <div class="row justify-content-center">\n        <div class="col-lg-6 col-md-8">\n            <div class="card border-0 shadow-lg">\n                <div class="card-body p-5">\n                    <h2 class="text-center mb-4">Log In</h2>\n                    <form method="POST">\n                        <input id="csrf_token" name="csrf_token" type="hidden" value="ImE3Y2ZkYTk4YTY1YzEyMDNkY2YzMzU1NTI4NWQzMWVjMmY5OTM5ZDIi.Zoq2Pg.LoZVZzpILu_QnyZoi7ip4e8uNwo">\n                        <div class="form-group">\n                            <label for="email">Email</label>\n                            <input class="form-control rounded-pill py-3" id="email" name="email" placeholder="Enter your email" required type="text" value="">\n                            \n                        </div>\n                        <div class="form-group">\n                            <label for="password">Password</label>\n                            <input class="form-control rounded-pill py-3" id="password" name="password" required type="password" value="">\n                            \n                        </div>\n                        <button type="submit" class="btn btn-primary btn-block rounded-pill py-3">Log In</button>\n                    </form>\n                    <div class="text-center mt-4">\n                        <p class="mb-0">Don\'t have an account? <a href="/sign-up" class="text-decoration-none">Sign up</a></p>\n                    </div>\n                </div>\n            </div>\n        </div>\n    </div>\n</div>\n\n</div>\n\n<script src="https://code.jquery.com/jquery-3.5.1.min.js"></script>\n<script src="https://cdnjs.cloudflare.com/ajax/libs/popper.js/1.16.0/umd/popper.min.js"></script>\n<script src="https://stackpath.bootstrapcdn.com/bootstrap/4.5.0/js/bootstrap.min.js"></script>\n<script src="/static/index.js"></script> <!-- Add your custom JavaScript file -->\n</body>\n</html>'
2024-07-07 17:37:35,220 - INFO - test_signup started!
2024-07-07 17:37:35,220 - INFO - test_signup started!
2024-07-07 17:37:35,296 - INFO - test_signup started!
2024-07-07 17:37:35,296 - INFO - test_signup started!
2024-07-07 17:37:35,420 - INFO - test_signup_database_integration started!
2024-07-07 17:37:35,420 - INFO - test_signup_database_integration started!
2024-07-07 17:37:36,039 - DEBUG - Response status code: 200
2024-07-07 17:37:36,039 - DEBUG - Response status code: 200
2024-07-07 17:37:36,039 - DEBUG - Response data: <!DOCTYPE html>
<html lang="en">
<head>
    <meta charset="UTF-8">
    <meta name="viewport" content="width=device-width, initial-scale=1.0">
    <title>Sign Up</title>
    <link rel="stylesheet" href="https://stackpath.bootstrapcdn.com/bootstrap/4.4.1/css/bootstrap.min.css" integrity="sha384-Vkoo8x4CGsO3+Hhxv8T/Q5PaXtkKtu6ug5TOeNV6gBiFeWPGFN9MuhOf23Q9Ifjh" crossorigin="anonymous">
    <link rel="stylesheet" href="https://stackpath.bootstrapcdn.com/font-awesome/4.7.0/css/font-awesome.min.css">
    <link rel="stylesheet" href="/static/styles.css"> <!-- Add your custom CSS file -->
    <style>
        body {
            background-color: #f8f9fa;
        }
        .navbar {
            background-color: #343a40;
            border-bottom: 1px solid #343a40;
        }
        .navbar-brand {
            font-size: 1.5rem;
            color: #ffffff;
            font-weight: bold;
        }
        .navbar-nav .nav-item .nav-link {
            color: #ffffff;
            font-weight: bold;
        }
        .navbar-toggler-icon {
            background-color: #ffffff;
        }
        .container {
            margin-top: 20px;
        }
    </style>
</head>
<body>

<nav class="navbar navbar-expand-lg navbar-dark">
    <div class="container">
        <a class="navbar-brand" href="/">REST API APP</a>
        <button class="navbar-toggler" type="button" data-toggle="collapse" data-target="#navbar">
            <span class="navbar-toggler-icon"></span>
        </button>
        <div class="collapse navbar-collapse" id="navbar">
            <ul class="navbar-nav ml-auto">
                
                <li class="nav-item">
                    <a class="nav-link" id="login" href="/login">Login</a>
                </li>
                <li class="nav-item">
                    <a class="nav-link" id="signUp" href="/sign-up">Sign Up</a>
                </li>

                
            </ul>
        </div>
    </div>
</nav>





<div class="container">
     
<div class="container mt-5">
    <div class="row justify-content-center">
        <div class="col-md-6">
            <div class="card shadow">
                <div class="card-body">
                    <h2 class="text-center mb-4">Sign Up</h2>
                    <form method="POST">
                        <input id="csrf_token" name="csrf_token" type="hidden" value="ImNiZTE5M2QwNTgxYjBmODllYmRmYTg0M2E0YmRiMGVkMjczZTljNDYi.Zoq2Pw.aE0NCiA1tcZZvlHrBsF5Ox_yDs4">
                        <div class="form-group">
                            <label for="email">Email</label> 
                            <input class="form-control rounded-pill py-3" id="email" name="email" placeholder="Enter your email" required type="text" value="test@gmail.com">
                            
                        </div>
                        <div class="form-group">
                            <label for="user_name">First Name</label> 
                            <input class="form-control rounded-pill py-3" id="user_name" name="user_name" placeholder="Enter your Name" required type="text" value="Test">
                            
                        </div>
                        <div class="form-group">
                            <label for="phone">Phone</label> 
                            <input class="form-control rounded-pill py-3" id="phone" name="phone" placeholder="Enter your Name" required type="text" value="0999999999">
                            
                        </div>
                        <div class="form-group">
                            <label for="password">Password</label> 
                            <input class="form-control rounded-pill py-3" id="password" name="password" placeholder="create a strong password" required type="password" value="">
                            
                        </div>
                        <div class="form-group">
                            <label for="confirm_password">Confirm Password</label> 
                            <input class="form-control rounded-pill py-3" id="confirm_password" name="confirm_password" placeholder="Confirm your password" required type="password" value="">
                            
                        </div>
                    </br>
                        <button type="submit" class="btn btn-primary btn-block rounded-pill py-3">Sign Up</button>
                    </form>
                    <div class="text-center mt-3">
                        <p>Already have an account? <a href="/login">Log in</a></p>
                    </div>
                </div>
            </div>
        </div>
    </div>
</div>

</div>

<script src="https://code.jquery.com/jquery-3.5.1.min.js"></script>
<script src="https://cdnjs.cloudflare.com/ajax/libs/popper.js/1.16.0/umd/popper.min.js"></script>
<script src="https://stackpath.bootstrapcdn.com/bootstrap/4.5.0/js/bootstrap.min.js"></script>
<script src="/static/index.js"></script> <!-- Add your custom JavaScript file -->
</body>
</html>
2024-07-07 17:37:36,039 - DEBUG - Response data: <!DOCTYPE html>
<html lang="en">
<head>
    <meta charset="UTF-8">
    <meta name="viewport" content="width=device-width, initial-scale=1.0">
    <title>Sign Up</title>
    <link rel="stylesheet" href="https://stackpath.bootstrapcdn.com/bootstrap/4.4.1/css/bootstrap.min.css" integrity="sha384-Vkoo8x4CGsO3+Hhxv8T/Q5PaXtkKtu6ug5TOeNV6gBiFeWPGFN9MuhOf23Q9Ifjh" crossorigin="anonymous">
    <link rel="stylesheet" href="https://stackpath.bootstrapcdn.com/font-awesome/4.7.0/css/font-awesome.min.css">
    <link rel="stylesheet" href="/static/styles.css"> <!-- Add your custom CSS file -->
    <style>
        body {
            background-color: #f8f9fa;
        }
        .navbar {
            background-color: #343a40;
            border-bottom: 1px solid #343a40;
        }
        .navbar-brand {
            font-size: 1.5rem;
            color: #ffffff;
            font-weight: bold;
        }
        .navbar-nav .nav-item .nav-link {
            color: #ffffff;
            font-weight: bold;
        }
        .navbar-toggler-icon {
            background-color: #ffffff;
        }
        .container {
            margin-top: 20px;
        }
    </style>
</head>
<body>

<nav class="navbar navbar-expand-lg navbar-dark">
    <div class="container">
        <a class="navbar-brand" href="/">REST API APP</a>
        <button class="navbar-toggler" type="button" data-toggle="collapse" data-target="#navbar">
            <span class="navbar-toggler-icon"></span>
        </button>
        <div class="collapse navbar-collapse" id="navbar">
            <ul class="navbar-nav ml-auto">
                
                <li class="nav-item">
                    <a class="nav-link" id="login" href="/login">Login</a>
                </li>
                <li class="nav-item">
                    <a class="nav-link" id="signUp" href="/sign-up">Sign Up</a>
                </li>

                
            </ul>
        </div>
    </div>
</nav>





<div class="container">
     
<div class="container mt-5">
    <div class="row justify-content-center">
        <div class="col-md-6">
            <div class="card shadow">
                <div class="card-body">
                    <h2 class="text-center mb-4">Sign Up</h2>
                    <form method="POST">
                        <input id="csrf_token" name="csrf_token" type="hidden" value="ImNiZTE5M2QwNTgxYjBmODllYmRmYTg0M2E0YmRiMGVkMjczZTljNDYi.Zoq2Pw.aE0NCiA1tcZZvlHrBsF5Ox_yDs4">
                        <div class="form-group">
                            <label for="email">Email</label> 
                            <input class="form-control rounded-pill py-3" id="email" name="email" placeholder="Enter your email" required type="text" value="test@gmail.com">
                            
                        </div>
                        <div class="form-group">
                            <label for="user_name">First Name</label> 
                            <input class="form-control rounded-pill py-3" id="user_name" name="user_name" placeholder="Enter your Name" required type="text" value="Test">
                            
                        </div>
                        <div class="form-group">
                            <label for="phone">Phone</label> 
                            <input class="form-control rounded-pill py-3" id="phone" name="phone" placeholder="Enter your Name" required type="text" value="0999999999">
                            
                        </div>
                        <div class="form-group">
                            <label for="password">Password</label> 
                            <input class="form-control rounded-pill py-3" id="password" name="password" placeholder="create a strong password" required type="password" value="">
                            
                        </div>
                        <div class="form-group">
                            <label for="confirm_password">Confirm Password</label> 
                            <input class="form-control rounded-pill py-3" id="confirm_password" name="confirm_password" placeholder="Confirm your password" required type="password" value="">
                            
                        </div>
                    </br>
                        <button type="submit" class="btn btn-primary btn-block rounded-pill py-3">Sign Up</button>
                    </form>
                    <div class="text-center mt-3">
                        <p>Already have an account? <a href="/login">Log in</a></p>
                    </div>
                </div>
            </div>
        </div>
    </div>
</div>

</div>

<script src="https://code.jquery.com/jquery-3.5.1.min.js"></script>
<script src="https://cdnjs.cloudflare.com/ajax/libs/popper.js/1.16.0/umd/popper.min.js"></script>
<script src="https://stackpath.bootstrapcdn.com/bootstrap/4.5.0/js/bootstrap.min.js"></script>
<script src="/static/index.js"></script> <!-- Add your custom JavaScript file -->
</body>
</html>
2024-07-07 17:47:09,337 - INFO - test_signup started!
2024-07-07 17:47:09,337 - INFO - test_signup started!
2024-07-07 17:47:09,638 - DEBUG - Follow response status code: 200
2024-07-07 17:47:09,638 - DEBUG - Follow response status code: 200
2024-07-07 17:47:09,638 - DEBUG - Follow response data is : b'<!DOCTYPE html>\n<html lang="en">\n<head>\n    <meta charset="UTF-8">\n    <meta name="viewport" content="width=device-width, initial-scale=1.0">\n    <title>Log In</title>\n    <link rel="stylesheet" href="https://stackpath.bootstrapcdn.com/bootstrap/4.4.1/css/bootstrap.min.css" integrity="sha384-Vkoo8x4CGsO3+Hhxv8T/Q5PaXtkKtu6ug5TOeNV6gBiFeWPGFN9MuhOf23Q9Ifjh" crossorigin="anonymous">\n    <link rel="stylesheet" href="https://stackpath.bootstrapcdn.com/font-awesome/4.7.0/css/font-awesome.min.css">\n    <link rel="stylesheet" href="/static/styles.css"> <!-- Add your custom CSS file -->\n    <style>\n        body {\n            background-color: #f8f9fa;\n        }\n        .navbar {\n            background-color: #343a40;\n            border-bottom: 1px solid #343a40;\n        }\n        .navbar-brand {\n            font-size: 1.5rem;\n            color: #ffffff;\n            font-weight: bold;\n        }\n        .navbar-nav .nav-item .nav-link {\n            color: #ffffff;\n            font-weight: bold;\n        }\n        .navbar-toggler-icon {\n            background-color: #ffffff;\n        }\n        .container {\n            margin-top: 20px;\n        }\n    </style>\n</head>\n<body>\n\n<nav class="navbar navbar-expand-lg navbar-dark">\n    <div class="container">\n        <a class="navbar-brand" href="/">REST API APP</a>\n        <button class="navbar-toggler" type="button" data-toggle="collapse" data-target="#navbar">\n            <span class="navbar-toggler-icon"></span>\n        </button>\n        <div class="collapse navbar-collapse" id="navbar">\n            <ul class="navbar-nav ml-auto">\n                \n                <li class="nav-item">\n                    <a class="nav-link" id="login" href="/login">Login</a>\n                </li>\n                <li class="nav-item">\n                    <a class="nav-link" id="signUp" href="/sign-up">Sign Up</a>\n                </li>\n\n                \n            </ul>\n        </div>\n    </div>\n</nav>\n\n\n\n    <div class="container mt-4">\n        \n            <div class="alert alert-success alert-dismissible fade show" role="alert">\n                Your account has been created successfully!\n                <button type="button" class="close" data-dismiss="alert" aria-label="Close">\n                    <span aria-hidden="true">&times;</span>\n                </button>\n            </div>\n        \n    </div>\n\n\n\n<div class="container">\n    \n<div class="container mt-5">\n    <div class="row justify-content-center">\n        <div class="col-lg-6 col-md-8">\n            <div class="card border-0 shadow-lg">\n                <div class="card-body p-5">\n                    <h2 class="text-center mb-4">Log In</h2>\n                    <form method="POST">\n                        <input id="csrf_token" name="csrf_token" type="hidden" value="Ijc5NGRhMjAzZDUxN2Y1ZmQwNTcxNGY0ZjNkZGIwZjI4MGY2MWE5YWEi.Zoq4fQ.rO7pozc3Q9YsXItB2ZFnYvb6Qf0">\n                        <div class="form-group">\n                            <label for="email">Email</label>\n                            <input class="form-control rounded-pill py-3" id="email" name="email" placeholder="Enter your email" required type="text" value="">\n                            \n                        </div>\n                        <div class="form-group">\n                            <label for="password">Password</label>\n                            <input class="form-control rounded-pill py-3" id="password" name="password" required type="password" value="">\n                            \n                        </div>\n                        <button type="submit" class="btn btn-primary btn-block rounded-pill py-3">Log In</button>\n                    </form>\n                    <div class="text-center mt-4">\n                        <p class="mb-0">Don\'t have an account? <a href="/sign-up" class="text-decoration-none">Sign up</a></p>\n                    </div>\n                </div>\n            </div>\n        </div>\n    </div>\n</div>\n\n</div>\n\n<script src="https://code.jquery.com/jquery-3.5.1.min.js"></script>\n<script src="https://cdnjs.cloudflare.com/ajax/libs/popper.js/1.16.0/umd/popper.min.js"></script>\n<script src="https://stackpath.bootstrapcdn.com/bootstrap/4.5.0/js/bootstrap.min.js"></script>\n<script src="/static/index.js"></script> <!-- Add your custom JavaScript file -->\n</body>\n</html>'
2024-07-07 17:47:09,638 - DEBUG - Follow response data is : b'<!DOCTYPE html>\n<html lang="en">\n<head>\n    <meta charset="UTF-8">\n    <meta name="viewport" content="width=device-width, initial-scale=1.0">\n    <title>Log In</title>\n    <link rel="stylesheet" href="https://stackpath.bootstrapcdn.com/bootstrap/4.4.1/css/bootstrap.min.css" integrity="sha384-Vkoo8x4CGsO3+Hhxv8T/Q5PaXtkKtu6ug5TOeNV6gBiFeWPGFN9MuhOf23Q9Ifjh" crossorigin="anonymous">\n    <link rel="stylesheet" href="https://stackpath.bootstrapcdn.com/font-awesome/4.7.0/css/font-awesome.min.css">\n    <link rel="stylesheet" href="/static/styles.css"> <!-- Add your custom CSS file -->\n    <style>\n        body {\n            background-color: #f8f9fa;\n        }\n        .navbar {\n            background-color: #343a40;\n            border-bottom: 1px solid #343a40;\n        }\n        .navbar-brand {\n            font-size: 1.5rem;\n            color: #ffffff;\n            font-weight: bold;\n        }\n        .navbar-nav .nav-item .nav-link {\n            color: #ffffff;\n            font-weight: bold;\n        }\n        .navbar-toggler-icon {\n            background-color: #ffffff;\n        }\n        .container {\n            margin-top: 20px;\n        }\n    </style>\n</head>\n<body>\n\n<nav class="navbar navbar-expand-lg navbar-dark">\n    <div class="container">\n        <a class="navbar-brand" href="/">REST API APP</a>\n        <button class="navbar-toggler" type="button" data-toggle="collapse" data-target="#navbar">\n            <span class="navbar-toggler-icon"></span>\n        </button>\n        <div class="collapse navbar-collapse" id="navbar">\n            <ul class="navbar-nav ml-auto">\n                \n                <li class="nav-item">\n                    <a class="nav-link" id="login" href="/login">Login</a>\n                </li>\n                <li class="nav-item">\n                    <a class="nav-link" id="signUp" href="/sign-up">Sign Up</a>\n                </li>\n\n                \n            </ul>\n        </div>\n    </div>\n</nav>\n\n\n\n    <div class="container mt-4">\n        \n            <div class="alert alert-success alert-dismissible fade show" role="alert">\n                Your account has been created successfully!\n                <button type="button" class="close" data-dismiss="alert" aria-label="Close">\n                    <span aria-hidden="true">&times;</span>\n                </button>\n            </div>\n        \n    </div>\n\n\n\n<div class="container">\n    \n<div class="container mt-5">\n    <div class="row justify-content-center">\n        <div class="col-lg-6 col-md-8">\n            <div class="card border-0 shadow-lg">\n                <div class="card-body p-5">\n                    <h2 class="text-center mb-4">Log In</h2>\n                    <form method="POST">\n                        <input id="csrf_token" name="csrf_token" type="hidden" value="Ijc5NGRhMjAzZDUxN2Y1ZmQwNTcxNGY0ZjNkZGIwZjI4MGY2MWE5YWEi.Zoq4fQ.rO7pozc3Q9YsXItB2ZFnYvb6Qf0">\n                        <div class="form-group">\n                            <label for="email">Email</label>\n                            <input class="form-control rounded-pill py-3" id="email" name="email" placeholder="Enter your email" required type="text" value="">\n                            \n                        </div>\n                        <div class="form-group">\n                            <label for="password">Password</label>\n                            <input class="form-control rounded-pill py-3" id="password" name="password" required type="password" value="">\n                            \n                        </div>\n                        <button type="submit" class="btn btn-primary btn-block rounded-pill py-3">Log In</button>\n                    </form>\n                    <div class="text-center mt-4">\n                        <p class="mb-0">Don\'t have an account? <a href="/sign-up" class="text-decoration-none">Sign up</a></p>\n                    </div>\n                </div>\n            </div>\n        </div>\n    </div>\n</div>\n\n</div>\n\n<script src="https://code.jquery.com/jquery-3.5.1.min.js"></script>\n<script src="https://cdnjs.cloudflare.com/ajax/libs/popper.js/1.16.0/umd/popper.min.js"></script>\n<script src="https://stackpath.bootstrapcdn.com/bootstrap/4.5.0/js/bootstrap.min.js"></script>\n<script src="/static/index.js"></script> <!-- Add your custom JavaScript file -->\n</body>\n</html>'
2024-07-07 17:47:09,695 - INFO - test_signup started!
2024-07-07 17:47:09,695 - INFO - test_signup started!
2024-07-07 17:47:09,773 - INFO - test_signup started!
2024-07-07 17:47:09,773 - INFO - test_signup started!
2024-07-07 17:47:09,898 - INFO - test_signup_database_integration started!
2024-07-07 17:47:09,898 - INFO - test_signup_database_integration started!
2024-07-07 17:47:10,465 - DEBUG - Response status code: 200
2024-07-07 17:47:10,465 - DEBUG - Response status code: 200
2024-07-07 17:47:10,465 - DEBUG - Response data: <!DOCTYPE html>
<html lang="en">
<head>
    <meta charset="UTF-8">
    <meta name="viewport" content="width=device-width, initial-scale=1.0">
    <title>Sign Up</title>
    <link rel="stylesheet" href="https://stackpath.bootstrapcdn.com/bootstrap/4.4.1/css/bootstrap.min.css" integrity="sha384-Vkoo8x4CGsO3+Hhxv8T/Q5PaXtkKtu6ug5TOeNV6gBiFeWPGFN9MuhOf23Q9Ifjh" crossorigin="anonymous">
    <link rel="stylesheet" href="https://stackpath.bootstrapcdn.com/font-awesome/4.7.0/css/font-awesome.min.css">
    <link rel="stylesheet" href="/static/styles.css"> <!-- Add your custom CSS file -->
    <style>
        body {
            background-color: #f8f9fa;
        }
        .navbar {
            background-color: #343a40;
            border-bottom: 1px solid #343a40;
        }
        .navbar-brand {
            font-size: 1.5rem;
            color: #ffffff;
            font-weight: bold;
        }
        .navbar-nav .nav-item .nav-link {
            color: #ffffff;
            font-weight: bold;
        }
        .navbar-toggler-icon {
            background-color: #ffffff;
        }
        .container {
            margin-top: 20px;
        }
    </style>
</head>
<body>

<nav class="navbar navbar-expand-lg navbar-dark">
    <div class="container">
        <a class="navbar-brand" href="/">REST API APP</a>
        <button class="navbar-toggler" type="button" data-toggle="collapse" data-target="#navbar">
            <span class="navbar-toggler-icon"></span>
        </button>
        <div class="collapse navbar-collapse" id="navbar">
            <ul class="navbar-nav ml-auto">
                
                <li class="nav-item">
                    <a class="nav-link" id="login" href="/login">Login</a>
                </li>
                <li class="nav-item">
                    <a class="nav-link" id="signUp" href="/sign-up">Sign Up</a>
                </li>

                
            </ul>
        </div>
    </div>
</nav>



    <div class="container mt-4">
        
            <div class="alert alert-danger alert-dismissible fade show" role="alert">
                Failed to create a user because : Database error
                <button type="button" class="close" data-dismiss="alert" aria-label="Close">
                    <span aria-hidden="true">&times;</span>
                </button>
            </div>
        
    </div>



<div class="container">
     
<div class="container mt-5">
    
    
        <div class="alert-container">
            
                <div class="alert alert-danger">Failed to create a user because : Database error</div>
            
        </div>
    
    
    <div class="row justify-content-center">
        <div class="col-md-6">
            <div class="card shadow">
                <div class="card-body">
                    <h2 class="text-center mb-4">Sign Up</h2>
                    <form method="POST">
                        <input id="csrf_token" name="csrf_token" type="hidden" value="IjZkZjAwNTUyNDliODEwZmZhNjRlYWM1NDcyNzcwMzYxYjBiOTI5MzAi.Zoq4fg.rYHHXZnSvpQWlS9WldTm33imp-w">
                        <div class="form-group">
                            <label for="email">Email</label> 
                            <input class="form-control rounded-pill py-3" id="email" name="email" placeholder="Enter your email" required type="text" value="test@gmail.com">
                            
                        </div>
                        <div class="form-group">
                            <label for="user_name">First Name</label> 
                            <input class="form-control rounded-pill py-3" id="user_name" name="user_name" placeholder="Enter your Name" required type="text" value="Test">
                            
                        </div>
                        <div class="form-group">
                            <label for="phone">Phone</label> 
                            <input class="form-control rounded-pill py-3" id="phone" name="phone" placeholder="Enter your Name" required type="text" value="0999999999">
                            
                        </div>
                        <div class="form-group">
                            <label for="password">Password</label> 
                            <input class="form-control rounded-pill py-3" id="password" name="password" placeholder="create a strong password" required type="password" value="">
                            
                        </div>
                        <div class="form-group">
                            <label for="confirm_password">Confirm Password</label> 
                            <input class="form-control rounded-pill py-3" id="confirm_password" name="confirm_password" placeholder="Confirm your password" required type="password" value="">
                            
                        </div>
                    </br>
                        <button type="submit" class="btn btn-primary btn-block rounded-pill py-3">Sign Up</button>
                    </form>
                    <div class="text-center mt-3">
                        <p>Already have an account? <a href="/login">Log in</a></p>
                    </div>
                </div>
            </div>
        </div>
    </div>
</div>

</div>

<script src="https://code.jquery.com/jquery-3.5.1.min.js"></script>
<script src="https://cdnjs.cloudflare.com/ajax/libs/popper.js/1.16.0/umd/popper.min.js"></script>
<script src="https://stackpath.bootstrapcdn.com/bootstrap/4.5.0/js/bootstrap.min.js"></script>
<script src="/static/index.js"></script> <!-- Add your custom JavaScript file -->
</body>
</html>
2024-07-07 17:47:10,465 - DEBUG - Response data: <!DOCTYPE html>
<html lang="en">
<head>
    <meta charset="UTF-8">
    <meta name="viewport" content="width=device-width, initial-scale=1.0">
    <title>Sign Up</title>
    <link rel="stylesheet" href="https://stackpath.bootstrapcdn.com/bootstrap/4.4.1/css/bootstrap.min.css" integrity="sha384-Vkoo8x4CGsO3+Hhxv8T/Q5PaXtkKtu6ug5TOeNV6gBiFeWPGFN9MuhOf23Q9Ifjh" crossorigin="anonymous">
    <link rel="stylesheet" href="https://stackpath.bootstrapcdn.com/font-awesome/4.7.0/css/font-awesome.min.css">
    <link rel="stylesheet" href="/static/styles.css"> <!-- Add your custom CSS file -->
    <style>
        body {
            background-color: #f8f9fa;
        }
        .navbar {
            background-color: #343a40;
            border-bottom: 1px solid #343a40;
        }
        .navbar-brand {
            font-size: 1.5rem;
            color: #ffffff;
            font-weight: bold;
        }
        .navbar-nav .nav-item .nav-link {
            color: #ffffff;
            font-weight: bold;
        }
        .navbar-toggler-icon {
            background-color: #ffffff;
        }
        .container {
            margin-top: 20px;
        }
    </style>
</head>
<body>

<nav class="navbar navbar-expand-lg navbar-dark">
    <div class="container">
        <a class="navbar-brand" href="/">REST API APP</a>
        <button class="navbar-toggler" type="button" data-toggle="collapse" data-target="#navbar">
            <span class="navbar-toggler-icon"></span>
        </button>
        <div class="collapse navbar-collapse" id="navbar">
            <ul class="navbar-nav ml-auto">
                
                <li class="nav-item">
                    <a class="nav-link" id="login" href="/login">Login</a>
                </li>
                <li class="nav-item">
                    <a class="nav-link" id="signUp" href="/sign-up">Sign Up</a>
                </li>

                
            </ul>
        </div>
    </div>
</nav>



    <div class="container mt-4">
        
            <div class="alert alert-danger alert-dismissible fade show" role="alert">
                Failed to create a user because : Database error
                <button type="button" class="close" data-dismiss="alert" aria-label="Close">
                    <span aria-hidden="true">&times;</span>
                </button>
            </div>
        
    </div>



<div class="container">
     
<div class="container mt-5">
    
    
        <div class="alert-container">
            
                <div class="alert alert-danger">Failed to create a user because : Database error</div>
            
        </div>
    
    
    <div class="row justify-content-center">
        <div class="col-md-6">
            <div class="card shadow">
                <div class="card-body">
                    <h2 class="text-center mb-4">Sign Up</h2>
                    <form method="POST">
                        <input id="csrf_token" name="csrf_token" type="hidden" value="IjZkZjAwNTUyNDliODEwZmZhNjRlYWM1NDcyNzcwMzYxYjBiOTI5MzAi.Zoq4fg.rYHHXZnSvpQWlS9WldTm33imp-w">
                        <div class="form-group">
                            <label for="email">Email</label> 
                            <input class="form-control rounded-pill py-3" id="email" name="email" placeholder="Enter your email" required type="text" value="test@gmail.com">
                            
                        </div>
                        <div class="form-group">
                            <label for="user_name">First Name</label> 
                            <input class="form-control rounded-pill py-3" id="user_name" name="user_name" placeholder="Enter your Name" required type="text" value="Test">
                            
                        </div>
                        <div class="form-group">
                            <label for="phone">Phone</label> 
                            <input class="form-control rounded-pill py-3" id="phone" name="phone" placeholder="Enter your Name" required type="text" value="0999999999">
                            
                        </div>
                        <div class="form-group">
                            <label for="password">Password</label> 
                            <input class="form-control rounded-pill py-3" id="password" name="password" placeholder="create a strong password" required type="password" value="">
                            
                        </div>
                        <div class="form-group">
                            <label for="confirm_password">Confirm Password</label> 
                            <input class="form-control rounded-pill py-3" id="confirm_password" name="confirm_password" placeholder="Confirm your password" required type="password" value="">
                            
                        </div>
                    </br>
                        <button type="submit" class="btn btn-primary btn-block rounded-pill py-3">Sign Up</button>
                    </form>
                    <div class="text-center mt-3">
                        <p>Already have an account? <a href="/login">Log in</a></p>
                    </div>
                </div>
            </div>
        </div>
    </div>
</div>

</div>

<script src="https://code.jquery.com/jquery-3.5.1.min.js"></script>
<script src="https://cdnjs.cloudflare.com/ajax/libs/popper.js/1.16.0/umd/popper.min.js"></script>
<script src="https://stackpath.bootstrapcdn.com/bootstrap/4.5.0/js/bootstrap.min.js"></script>
<script src="/static/index.js"></script> <!-- Add your custom JavaScript file -->
</body>
</html>
